Archive member included to satisfy reference by file (symbol)

.\CortexM3\ARM_GCC_541\Debug\DC-Motor-PWM_Opg3.a(UART_1.o)
                              .\CortexM3\ARM_GCC_541\Debug\main.o (UART_1_Start)
.\CortexM3\ARM_GCC_541\Debug\DC-Motor-PWM_Opg3.a(isr_uart_rx.o)
                              .\CortexM3\ARM_GCC_541\Debug\main.o (isr_uart_rx_StartEx)
.\CortexM3\ARM_GCC_541\Debug\DC-Motor-PWM_Opg3.a(UART_1_IntClock.o)
                              .\CortexM3\ARM_GCC_541\Debug\DC-Motor-PWM_Opg3.a(UART_1.o) (UART_1_IntClock_Start)
.\CortexM3\ARM_GCC_541\Debug\DC-Motor-PWM_Opg3.a(CyLib.o)
                              .\CortexM3\ARM_GCC_541\Debug\Cm3Start.o (CyHalt)
.\CortexM3\ARM_GCC_541\Debug\DC-Motor-PWM_Opg3.a(cyPm.o)
                              .\CortexM3\ARM_GCC_541\Debug\DC-Motor-PWM_Opg3.a(CyLib.o) (CyPmReadStatus)
.\CortexM3\ARM_GCC_541\Debug\DC-Motor-PWM_Opg3.a(Pin_A1.o)
                              .\CortexM3\ARM_GCC_541\Debug\main.o (Pin_A1_Write)
.\CortexM3\ARM_GCC_541\Debug\DC-Motor-PWM_Opg3.a(Pin_A2.o)
                              .\CortexM3\ARM_GCC_541\Debug\main.o (Pin_A2_Write)
.\CortexM3\ARM_GCC_541\Debug\DC-Motor-PWM_Opg3.a(Pin_B1.o)
                              .\CortexM3\ARM_GCC_541\Debug\main.o (Pin_B1_Write)
.\CortexM3\ARM_GCC_541\Debug\DC-Motor-PWM_Opg3.a(Pin_B2.o)
                              .\CortexM3\ARM_GCC_541\Debug\main.o (Pin_B2_Write)
.\CortexM3\ARM_GCC_541\Debug\DC-Motor-PWM_Opg3.a(Timer_1.o)
                              .\CortexM3\ARM_GCC_541\Debug\main.o (Timer_1_ReadPeriod)
.\CortexM3\ARM_GCC_541\Debug\DC-Motor-PWM_Opg3.a(Timer_1_PM.o)
                              .\CortexM3\ARM_GCC_541\Debug\main.o (Timer_1_Sleep)
.\CortexM3\ARM_GCC_541\Debug\DC-Motor-PWM_Opg3.a(isr_timer.o)
                              .\CortexM3\ARM_GCC_541\Debug\main.o (isr_timer_StartEx)
.\CortexM3\ARM_GCC_541\Debug\DC-Motor-PWM_Opg3.a(CyBootAsmGnu.o)
                              .\CortexM3\ARM_GCC_541\Debug\cyfitter_cfg.o (CyDelayCycles)
.\CortexM3\ARM_GCC_541\Debug\DC-Motor-PWM_Opg3.a(CyFlash.o)
                              .\CortexM3\ARM_GCC_541\Debug\DC-Motor-PWM_Opg3.a(cyPm.o) (CyFlash_SetWaitCycles)
.\CortexM3\ARM_GCC_541\Debug\DC-Motor-PWM_Opg3.a(CySpc.o)
                              .\CortexM3\ARM_GCC_541\Debug\DC-Motor-PWM_Opg3.a(CyFlash.o) (CySpcStart)
c:/program files (x86)/cypress/psoc creator/4.4/psoc creator/import/gnu/arm/5.4.1/bin/../lib/gcc/arm-none-eabi/5.4.1/armv7-m\libgcc.a(_arm_addsubsf3.o)
                              .\CortexM3\ARM_GCC_541\Debug\main.o (__aeabi_i2f)
c:/program files (x86)/cypress/psoc creator/4.4/psoc creator/import/gnu/arm/5.4.1/bin/../lib/gcc/arm-none-eabi/5.4.1/armv7-m\libgcc.a(_arm_muldivsf3.o)
                              .\CortexM3\ARM_GCC_541\Debug\main.o (__aeabi_fmul)
c:/program files (x86)/cypress/psoc creator/4.4/psoc creator/import/gnu/arm/5.4.1/bin/../lib/gcc/arm-none-eabi/5.4.1/armv7-m\libgcc.a(_arm_fixunssfsi.o)
                              .\CortexM3\ARM_GCC_541\Debug\main.o (__aeabi_f2uiz)
c:/program files (x86)/cypress/psoc creator/4.4/psoc creator/import/gnu/arm/5.4.1/bin/../lib/gcc/arm-none-eabi/5.4.1/../../../../arm-none-eabi/lib/armv7-m\libg_nano.a(lib_a-errno.o)
                              .\CortexM3\ARM_GCC_541\Debug\Cm3Start.o (__errno)
c:/program files (x86)/cypress/psoc creator/4.4/psoc creator/import/gnu/arm/5.4.1/bin/../lib/gcc/arm-none-eabi/5.4.1/../../../../arm-none-eabi/lib/armv7-m\libg_nano.a(lib_a-exit.o)
                              c:/program files (x86)/cypress/psoc creator/4.4/psoc creator/import/gnu/arm/5.4.1/bin/../lib/gcc/arm-none-eabi/5.4.1/../../../../arm-none-eabi/lib/armv7-m/crt0.o (exit)
c:/program files (x86)/cypress/psoc creator/4.4/psoc creator/import/gnu/arm/5.4.1/bin/../lib/gcc/arm-none-eabi/5.4.1/../../../../arm-none-eabi/lib/armv7-m\libg_nano.a(lib_a-impure.o)
                              c:/program files (x86)/cypress/psoc creator/4.4/psoc creator/import/gnu/arm/5.4.1/bin/../lib/gcc/arm-none-eabi/5.4.1/../../../../arm-none-eabi/lib/armv7-m\libg_nano.a(lib_a-exit.o) (_global_impure_ptr)
c:/program files (x86)/cypress/psoc creator/4.4/psoc creator/import/gnu/arm/5.4.1/bin/../lib/gcc/arm-none-eabi/5.4.1/../../../../arm-none-eabi/lib/armv7-m\libg_nano.a(lib_a-init.o)
                              c:/program files (x86)/cypress/psoc creator/4.4/psoc creator/import/gnu/arm/5.4.1/bin/../lib/gcc/arm-none-eabi/5.4.1/../../../../arm-none-eabi/lib/armv7-m/crt0.o (__libc_init_array)
c:/program files (x86)/cypress/psoc creator/4.4/psoc creator/import/gnu/arm/5.4.1/bin/../lib/gcc/arm-none-eabi/5.4.1/../../../../arm-none-eabi/lib/armv7-m\libg_nano.a(lib_a-memcpy-stub.o)
                              .\CortexM3\ARM_GCC_541\Debug\cyfitter_cfg.o (memcpy)
c:/program files (x86)/cypress/psoc creator/4.4/psoc creator/import/gnu/arm/5.4.1/bin/../lib/gcc/arm-none-eabi/5.4.1/../../../../arm-none-eabi/lib/armv7-m\libg_nano.a(lib_a-memset.o)
[...]
Memory Configuration

Name             Origin             Length             Attributes
rom              0x00000000         0x00040000         xr
ram              0x1fff8000         0x00010000         xrw
*default*        0x00000000         0xffffffff

Linker script and memory map

LOAD c:/program files (x86)/cypress/psoc creator/4.4/psoc creator/import/gnu/arm/5.4.1/bin/../lib/gcc/arm-none-eabi/5.4.1/armv7-m/crti.o
LOAD c:/program files (x86)/cypress/psoc creator/4.4/psoc creator/import/gnu/arm/5.4.1/bin/../lib/gcc/arm-none-eabi/5.4.1/armv7-m/crtbegin.o
LOAD c:/program files (x86)/cypress/psoc creator/4.4/psoc creator/import/gnu/arm/5.4.1/bin/../lib/gcc/arm-none-eabi/5.4.1/../../../../arm-none-eabi/lib/armv7-m/crt0.o
START GROUP
LOAD .\CortexM3\ARM_GCC_541\Debug\main.o
LOAD .\CortexM3\ARM_GCC_541\Debug\cyfitter_cfg.o
LOAD .\CortexM3\ARM_GCC_541\Debug\cymetadata.o
LOAD .\CortexM3\ARM_GCC_541\Debug\Cm3Start.o
LOAD .\CortexM3\ARM_GCC_541\Debug\DC-Motor-PWM_Opg3.a
LOAD C:\Program Files (x86)\Cypress\PSoC Creator\4.4\PSoC Creator\psoc\content\cycomponentlibrary\CyComponentLibrary.cylib\CortexM3\ARM_GCC_541\Debug\CyComponentLibrary.a
END GROUP
START GROUP
LOAD c:/program files (x86)/cypress/psoc creator/4.4/psoc creator/import/gnu/arm/5.4.1/bin/../lib/gcc/arm-none-eabi/5.4.1/armv7-m\libgcc.a
LOAD c:/program files (x86)/cypress/psoc creator/4.4/psoc creator/import/gnu/arm/5.4.1/bin/../lib/gcc/arm-none-eabi/5.4.1/../../../../arm-none-eabi/lib/armv7-m\libg_nano.a
LOAD c:/program files (x86)/cypress/psoc creator/4.4/psoc creator/import/gnu/arm/5.4.1/bin/../lib/gcc/arm-none-eabi/5.4.1/../../../../arm-none-eabi/lib/armv7-m\libc_nano.a
END GROUP
START GROUP
LOAD c:/program files (x86)/cypress/psoc creator/4.4/psoc creator/import/gnu/arm/5.4.1/bin/../lib/gcc/arm-none-eabi/5.4.1/armv7-m\libgcc.a
LOAD c:/program files (x86)/cypress/psoc creator/4.4/psoc creator/import/gnu/arm/5.4.1/bin/../lib/gcc/arm-none-eabi/5.4.1/../../../../arm-none-eabi/lib/armv7-m\libc_nano.a
END GROUP
LOAD c:/program files (x86)/cypress/psoc creator/4.4/psoc creator/import/gnu/arm/5.4.1/bin/../lib/gcc/arm-none-eabi/5.4.1/armv7-m/crtend.o
LOAD c:/program files (x86)/cypress/psoc creator/4.4/psoc creator/import/gnu/arm/5.4.1/bin/../lib/gcc/arm-none-eabi/5.4.1/armv7-m/crtn.o
START GROUP
LOAD c:/program files (x86)/cypress/psoc creator/4.4/psoc creator/import/gnu/arm/5.4.1/bin/../lib/gcc/arm-none-eabi/5.4.1/armv7-m\libgcc.a
LOAD c:/program files (x86)/cypress/psoc creator/4.4/psoc creator/import/gnu/arm/5.4.1/bin/../lib/gcc/arm-none-eabi/5.4.1/../../../../arm-none-eabi/lib/armv7-m\libc.a
LOAD c:/program files (x86)/cypress/psoc creator/4.4/psoc creator/import/gnu/arm/5.4.1/bin/../lib/gcc/arm-none-eabi/5.4.1/../../../../arm-none-eabi/lib/armv7-m\libnosys.a
END GROUP
                0x00000000                CY_APPL_ORIGIN = 0x0
                0x00000100                CY_FLASH_ROW_SIZE = 0x100
                0x00000020                CY_ECC_ROW_SIZE = 0x20
                0x00000000                CY_EE_IN_BTLDR = 0x0
                0x00000000                CY_APPL_LOADABLE = 0x0
                0x00000800                CY_EE_SIZE = 0x800
                0x00000001                CY_APPL_NUM = 0x1
                0x00000001                CY_APPL_MAX = 0x1
                0x00000040                CY_METADATA_SIZE = 0x40
                0x00000000                CY_APPL_LOADABLE = 0x0
                0x00000000                CY_CHECKSUM_EXCLUDE_SIZE = ALIGN (0x0, CY_FLASH_ROW_SIZE)
                [!provide]                PROVIDE (__cy_heap_start, _end)
                0x00000001                PROVIDE (__cy_region_num, ((__cy_regions_end - __cy_regions) / 0x10))
                0x20008000                PROVIDE (__cy_stack, (ORIGIN (ram) + LENGTH (ram)))
                [!provide]                PROVIDE (__cy_heap_end, (__cy_stack - 0x800))

.cybootloader   0x00000000        0x0
 *(.cybootloader)
                0x00000000                appl1_start = CY_APPL_ORIGIN?CY_APPL_ORIGIN:ALIGN (CY_FLASH_ROW_SIZE)
                0x0001ff00                appl2_start = (appl1_start + ALIGN ((((LENGTH (rom) - appl1_start) - (0x2 * CY_FLASH_ROW_SIZE)) / 0x2), CY_FLASH_ROW_SIZE))
                0x00000000                appl_start = (CY_APPL_NUM == 0x1)?appl1_start:appl2_start
                0x00000000                ecc_offset = ((appl_start / CY_FLASH_ROW_SIZE) * CY_ECC_ROW_SIZE)
                0x00000000                ee_offset = (CY_APPL_LOADABLE && ! (CY_EE_IN_BTLDR))?((CY_EE_SIZE / CY_APPL_MAX) * (CY_APPL_NUM - 0x1)):0x0
                0x00000800                ee_size = (CY_APPL_LOADABLE && ! (CY_EE_IN_BTLDR))?(CY_EE_SIZE / CY_APPL_MAX):CY_EE_SIZE
                [!provide]                PROVIDE (CY_ECC_OFFSET, ecc_offset)

.text           0x00000000     0x3a70
 CREATE_OBJECT_SYMBOLS
                0x00000000                PROVIDE (__cy_interrupt_vector, RomVectors)
 *(.romvectors)
 .romvectors    0x00000000       0x10 .\CortexM3\ARM_GCC_541\Debug\Cm3Start.o
                0x00000000                RomVectors
                0x00000001                ASSERT ((. != __cy_interrupt_vector), No interrupt vector)
                0x00000001                ASSERT (CY_APPL_ORIGIN?(SIZEOF (.cybootloader) <= CY_APPL_ORIGIN):0x1, Wrong image location)
                0x00000010                PROVIDE (__cy_reset, Reset)
 *(.text.Reset)
 .text.Reset    0x00000010       0x18 .\CortexM3\ARM_GCC_541\Debug\Cm3Start.o
                0x00000010                Reset
                0x00000001                ASSERT ((. != __cy_reset), No reset code)
 *(.dma_init)
                0x00000001                ASSERT ((((appl_start + .) <= 0x10000) || 0x1), DMA Init must be within the first 64k of flash)
 *(.text .text.* .gnu.linkonce.t.*)
 .text          0x00000028       0x5c c:/program files (x86)/cypress/psoc creator/4.4/psoc creator/import/gnu/arm/5.4.1/bin/../lib/gcc/arm-none-eabi/5.4.1/armv7-m/crtbegin.o
 .text.ISR_Timer
                0x00000084        0xc .\CortexM3\ARM_GCC_541\Debug\main.o
                0x00000084                ISR_Timer
 .text.decreaseSpeed
                0x00000090       0x50 .\CortexM3\ARM_GCC_541\Debug\main.o
                0x00000090                decreaseSpeed
 .text.increaseSpeed
                0x000000e0       0x50 .\CortexM3\ARM_GCC_541\Debug\main.o
                0x000000e0                increaseSpeed
 .text.driveForwards
                0x00000130       0x1c .\CortexM3\ARM_GCC_541\Debug\main.o
                0x00000130                driveForwards
 .text.driveBackwards
                0x0000014c       0x1c .\CortexM3\ARM_GCC_541\Debug\main.o
                0x0000014c                driveBackwards
 .text.stop     0x00000168       0x1c .\CortexM3\ARM_GCC_541\Debug\main.o
                0x00000168                stop
 .text.switchDriveState
                0x00000184       0x30 .\CortexM3\ARM_GCC_541\Debug\main.o
                0x00000184                switchDriveState
 .text.handleByteReceived
                0x000001b4       0x44 .\CortexM3\ARM_GCC_541\Debug\main.o
                0x000001b4                handleByteReceived
 .text.ISR_UART_rx_handler
                0x000001f8       0x1c .\CortexM3\ARM_GCC_541\Debug\main.o
                0x000001f8                ISR_UART_rx_handler
 .text.drive    0x00000214      0x258 .\CortexM3\ARM_GCC_541\Debug\main.o
                0x00000214                drive
 .text.main     0x0000046c       0xa8 .\CortexM3\ARM_GCC_541\Debug\main.o
                0x0000046c                main
 .text.CyClockStartupError
                0x00000514        0x4 .\CortexM3\ARM_GCC_541\Debug\cyfitter_cfg.o
 .text.cfg_write_bytes32
                0x00000518       0x34 .\CortexM3\ARM_GCC_541\Debug\cyfitter_cfg.o
 .text.AnalogSetDefault
                0x0000054c       0x28 .\CortexM3\ARM_GCC_541\Debug\cyfitter_cfg.o
 .text.CYMEMZERO
                0x00000574        0xc .\CortexM3\ARM_GCC_541\Debug\cyfitter_cfg.o
 .text.ClockSetup
                0x00000580       0xc8 .\CortexM3\ARM_GCC_541\Debug\cyfitter_cfg.o
 .text.CYCONFIGCPY
                0x00000648        0x8 .\CortexM3\ARM_GCC_541\Debug\cyfitter_cfg.o
 .text.cyfitter_cfg
                0x00000650      0x110 .\CortexM3\ARM_GCC_541\Debug\cyfitter_cfg.o
                0x00000650                cyfitter_cfg
 .text.IntDefaultHandler
                0x00000760       0x10 .\CortexM3\ARM_GCC_541\Debug\Cm3Start.o
                0x00000760                IntDefaultHandler
 .text._sbrk    0x00000770       0x30 .\CortexM3\ARM_GCC_541\Debug\Cm3Start.o
                0x00000770                _sbrk
 .text.Start_c  0x000007a0       0x4c .\CortexM3\ARM_GCC_541\Debug\Cm3Start.o
                0x000007a0                Start_c
 .text.initialize_psoc
                0x000007ec       0x68 .\CortexM3\ARM_GCC_541\Debug\Cm3Start.o
                0x000007ec                initialize_psoc
 .text.UART_1_Init
                0x00000854       0x24 .\CortexM3\ARM_GCC_541\Debug\DC-Motor-PWM_Opg3.a(UART_1.o)
                0x00000854                UART_1_Init
 .text.UART_1_Enable
                0x00000878       0x38 .\CortexM3\ARM_GCC_541\Debug\DC-Motor-PWM_Opg3.a(UART_1.o)
                0x00000878                UART_1_Enable
 .text.UART_1_Start
                0x000008b0       0x1c .\CortexM3\ARM_GCC_541\Debug\DC-Motor-PWM_Opg3.a(UART_1.o)
                0x000008b0                UART_1_Start
 .text.UART_1_ReadRxData
                0x000008cc        0xc .\CortexM3\ARM_GCC_541\Debug\DC-Motor-PWM_Opg3.a(UART_1.o)
                0x000008cc                UART_1_ReadRxData
 .text.UART_1_GetRxBufferSize
                0x000008d8       0x18 .\CortexM3\ARM_GCC_541\Debug\DC-Motor-PWM_Opg3.a(UART_1.o)
                0x000008d8                UART_1_GetRxBufferSize
 .text.UART_1_PutChar
                0x000008f0       0x18 .\CortexM3\ARM_GCC_541\Debug\DC-Motor-PWM_Opg3.a(UART_1.o)
                0x000008f0                UART_1_PutChar
 .text.UART_1_PutString
                0x00000908       0x24 .\CortexM3\ARM_GCC_541\Debug\DC-Motor-PWM_Opg3.a(UART_1.o)
                0x00000908                UART_1_PutString
 .text.isr_uart_rx_SetVector
                0x0000092c        0xc .\CortexM3\ARM_GCC_541\Debug\DC-Motor-PWM_Opg3.a(isr_uart_rx.o)
                0x0000092c                isr_uart_rx_SetVector
 .text.isr_uart_rx_SetPriority
                0x00000938       0x10 .\CortexM3\ARM_GCC_541\Debug\DC-Motor-PWM_Opg3.a(isr_uart_rx.o)
                0x00000938                isr_uart_rx_SetPriority
 .text.isr_uart_rx_Enable
                0x00000948        0xc .\CortexM3\ARM_GCC_541\Debug\DC-Motor-PWM_Opg3.a(isr_uart_rx.o)
                0x00000948                isr_uart_rx_Enable
 .text.isr_uart_rx_Disable
                0x00000954        0xc .\CortexM3\ARM_GCC_541\Debug\DC-Motor-PWM_Opg3.a(isr_uart_rx.o)
                0x00000954                isr_uart_rx_Disable
 .text.isr_uart_rx_StartEx
                0x00000960       0x1c .\CortexM3\ARM_GCC_541\Debug\DC-Motor-PWM_Opg3.a(isr_uart_rx.o)
                0x00000960                isr_uart_rx_StartEx
 .text.UART_1_IntClock_Start
                0x0000097c       0x1c .\CortexM3\ARM_GCC_541\Debug\DC-Motor-PWM_Opg3.a(UART_1_IntClock.o)
                0x0000097c                UART_1_IntClock_Start
 .text.Pin_A1_Write
                0x00000998       0x18 .\CortexM3\ARM_GCC_541\Debug\DC-Motor-PWM_Opg3.a(Pin_A1.o)
                0x00000998                Pin_A1_Write
 .text.Pin_A2_Write
                0x000009b0       0x18 .\CortexM3\ARM_GCC_541\Debug\DC-Motor-PWM_Opg3.a(Pin_A2.o)
                0x000009b0                Pin_A2_Write
 .text.Pin_B1_Write
                0x000009c8       0x18 .\CortexM3\ARM_GCC_541\Debug\DC-Motor-PWM_Opg3.a(Pin_B1.o)
                0x000009c8                Pin_B1_Write
 .text.Pin_B2_Write
                0x000009e0       0x18 .\CortexM3\ARM_GCC_541\Debug\DC-Motor-PWM_Opg3.a(Pin_B2.o)
                0x000009e0                Pin_B2_Write
 .text.Timer_1_Enable
                0x000009f8       0x28 .\CortexM3\ARM_GCC_541\Debug\DC-Motor-PWM_Opg3.a(Timer_1.o)
                0x000009f8                Timer_1_Enable
 .text.Timer_1_Stop
                0x00000a20       0x28 .\CortexM3\ARM_GCC_541\Debug\DC-Motor-PWM_Opg3.a(Timer_1.o)
                0x00000a20                Timer_1_Stop
 .text.Timer_1_SetInterruptMode
                0x00000a48        0xc .\CortexM3\ARM_GCC_541\Debug\DC-Motor-PWM_Opg3.a(Timer_1.o)
                0x00000a48                Timer_1_SetInterruptMode
 .text.Timer_1_ReadPeriod
                0x00000a54        0xc .\CortexM3\ARM_GCC_541\Debug\DC-Motor-PWM_Opg3.a(Timer_1.o)
                0x00000a54                Timer_1_ReadPeriod
 .text.Timer_1_WritePeriod
                0x00000a60        0xc .\CortexM3\ARM_GCC_541\Debug\DC-Motor-PWM_Opg3.a(Timer_1.o)
                0x00000a60                Timer_1_WritePeriod
 .text.Timer_1_WriteCounter
                0x00000a6c        0xc .\CortexM3\ARM_GCC_541\Debug\DC-Motor-PWM_Opg3.a(Timer_1.o)
                0x00000a6c                Timer_1_WriteCounter
 .text.Timer_1_Init
                0x00000a78       0x64 .\CortexM3\ARM_GCC_541\Debug\DC-Motor-PWM_Opg3.a(Timer_1.o)
                0x00000a78                Timer_1_Init
 .text.Timer_1_Start
                0x00000adc       0x1c .\CortexM3\ARM_GCC_541\Debug\DC-Motor-PWM_Opg3.a(Timer_1.o)
                0x00000adc                Timer_1_Start
 .text.Timer_1_Sleep
                0x00000af8       0x28 .\CortexM3\ARM_GCC_541\Debug\DC-Motor-PWM_Opg3.a(Timer_1_PM.o)
                0x00000af8                Timer_1_Sleep
 .text.isr_timer_SetVector
                0x00000b20        0xc .\CortexM3\ARM_GCC_541\Debug\DC-Motor-PWM_Opg3.a(isr_timer.o)
                0x00000b20                isr_timer_SetVector
 .text.isr_timer_SetPriority
                0x00000b2c       0x10 .\CortexM3\ARM_GCC_541\Debug\DC-Motor-PWM_Opg3.a(isr_timer.o)
                0x00000b2c                isr_timer_SetPriority
 .text.isr_timer_Enable
                0x00000b3c        0xc .\CortexM3\ARM_GCC_541\Debug\DC-Motor-PWM_Opg3.a(isr_timer.o)
                0x00000b3c                isr_timer_Enable
 .text.isr_timer_Disable
                0x00000b48        0xc .\CortexM3\ARM_GCC_541\Debug\DC-Motor-PWM_Opg3.a(isr_timer.o)
                0x00000b48                isr_timer_Disable
 .text.isr_timer_StartEx
                0x00000b54       0x1c .\CortexM3\ARM_GCC_541\Debug\DC-Motor-PWM_Opg3.a(isr_timer.o)
                0x00000b54                isr_timer_StartEx
 .text          0x00000b70       0x20 .\CortexM3\ARM_GCC_541\Debug\DC-Motor-PWM_Opg3.a(CyBootAsmGnu.o)
                0x00000b70                CyDelayCycles
                0x00000b80                CyEnterCriticalSection
                0x00000b88                CyExitCriticalSection
 .text          0x00000b90      0x21c c:/program files (x86)/cypress/psoc creator/4.4/psoc creator/import/gnu/arm/5.4.1/bin/../lib/gcc/arm-none-eabi/5.4.1/armv7-m\libgcc.a(_arm_addsubsf3.o)
                0x00000b90                __aeabi_frsub
                0x00000b98                __subsf3
                0x00000b98                __aeabi_fsub
                0x00000b9c                __aeabi_fadd
                0x00000b9c                __addsf3
                0x00000cfc                __aeabi_ui2f
                0x00000cfc                __floatunsisf
                0x00000d04                __aeabi_i2f
                0x00000d04                __floatsisf
                0x00000d20                __aeabi_ul2f
                0x00000d20                __floatundisf
                0x00000d30                __aeabi_l2f
                0x00000d30                __floatdisf
 .text          0x00000dac      0x2a0 c:/program files (x86)/cypress/psoc creator/4.4/psoc creator/import/gnu/arm/5.4.1/bin/../lib/gcc/arm-none-eabi/5.4.1/armv7-m\libgcc.a(_arm_muldivsf3.o)
                0x00000dac                __mulsf3
                0x00000dac                __aeabi_fmul
                0x00000f14                __aeabi_fdiv
                0x00000f14                __divsf3
 .text          0x0000104c       0x40 c:/program files (x86)/cypress/psoc creator/4.4/psoc creator/import/gnu/arm/5.4.1/bin/../lib/gcc/arm-none-eabi/5.4.1/armv7-m\libgcc.a(_arm_fixunssfsi.o)
                0x0000104c                __fixunssfsi
                0x0000104c                __aeabi_f2uiz
 .text.__errno  0x0000108c        0xc c:/program files (x86)/cypress/psoc creator/4.4/psoc creator/import/gnu/arm/5.4.1/bin/../lib/gcc/arm-none-eabi/5.4.1/../../../../arm-none-eabi/lib/armv7-m\libg_nano.a(lib_a-errno.o)
                0x0000108c                __errno
 .text.__libc_init_array
                0x00001098       0x4c c:/program files (x86)/cypress/psoc creator/4.4/psoc creator/import/gnu/arm/5.4.1/bin/../lib/gcc/arm-none-eabi/5.4.1/../../../../arm-none-eabi/lib/armv7-m\libg_nano.a(lib_a-init.o)
                0x00001098                __libc_init_array
 .text.memcpy   0x000010e4       0x16 c:/program files (x86)/cypress/psoc creator/4.4/psoc creator/import/gnu/arm/5.4.1/bin/../lib/gcc/arm-none-eabi/5.4.1/../../../../arm-none-eabi/lib/armv7-m\libg_nano.a(lib_a-memcpy-stub.o)
                0x000010e4                memcpy
 .text.memset   0x000010fa       0x10 c:/program files (x86)/cypress/psoc creator/4.4/psoc creator/import/gnu/arm/5.4.1/bin/../lib/gcc/arm-none-eabi/5.4.1/../../../../arm-none-eabi/lib/armv7-m\libg_nano.a(lib_a-memset.o)
                0x000010fa                memset
 .text.__cvt    0x0000110a       0xc0 c:/program files (x86)/cypress/psoc creator/4.4/psoc creator/import/gnu/arm/5.4.1/bin/../lib/gcc/arm-none-eabi/5.4.1/../../../../arm-none-eabi/lib/armv7-m\libg_nano.a(lib_a-nano-vfprintf_float.o)
                0x0000110a                __cvt
 .text.__exponent
                0x000011ca       0x62 c:/program files (x86)/cypress/psoc creator/4.4/psoc creator/import/gnu/arm/5.4.1/bin/../lib/gcc/arm-none-eabi/5.4.1/../../../../arm-none-eabi/lib/armv7-m\libg_nano.a(lib_a-nano-vfprintf_float.o)
                0x000011ca                __exponent
 .text._printf_float
                0x0000122c      0x488 c:/program files (x86)/cypress/psoc creator/4.4/psoc creator/import/gnu/arm/5.4.1/bin/../lib/gcc/arm-none-eabi/5.4.1/../../../../arm-none-eabi/lib/armv7-m\libg_nano.a(lib_a-nano-vfprintf_float.o)
                0x0000122c                _printf_float
 .text._printf_common
                0x000016b4       0xec c:/program files (x86)/cypress/psoc creator/4.4/psoc creator/import/gnu/arm/5.4.1/bin/../lib/gcc/arm-none-eabi/5.4.1/../../../../arm-none-eabi/lib/armv7-m\libg_nano.a(lib_a-nano-vfprintf_i.o)
                0x000016b4                _printf_common
 .text._printf_i
                0x000017a0      0x24c c:/program files (x86)/cypress/psoc creator/4.4/psoc creator/import/gnu/arm/5.4.1/bin/../lib/gcc/arm-none-eabi/5.4.1/../../../../arm-none-eabi/lib/armv7-m\libg_nano.a(lib_a-nano-vfprintf_i.o)
                0x000017a0                _printf_i
 .text.snprintf
                0x000019ec       0x64 c:/program files (x86)/cypress/psoc creator/4.4/psoc creator/import/gnu/arm/5.4.1/bin/../lib/gcc/arm-none-eabi/5.4.1/../../../../arm-none-eabi/lib/armv7-m\libg_nano.a(lib_a-snprintf.o)
                0x000019ec                sniprintf
                0x000019ec                snprintf
 .text          0x00001a50       0x10 c:/program files (x86)/cypress/psoc creator/4.4/psoc creator/import/gnu/arm/5.4.1/bin/../lib/gcc/arm-none-eabi/5.4.1/../../../../arm-none-eabi/lib/armv7-m\libg_nano.a(lib_a-strlen.o)
                0x00001a50                strlen
 .text.quorem   0x00001a60      0x116 c:/program files (x86)/cypress/psoc creator/4.4/psoc creator/import/gnu/arm/5.4.1/bin/../lib/gcc/arm-none-eabi/5.4.1/../../../../arm-none-eabi/lib/armv7-m\libg_nano.a(lib_a-dtoa.o)
 *fill*         0x00001b76        0x2 
 .text._dtoa_r  0x00001b78      0xb30 c:/program files (x86)/cypress/psoc creator/4.4/psoc creator/import/gnu/arm/5.4.1/bin/../lib/gcc/arm-none-eabi/5.4.1/../../../../arm-none-eabi/lib/armv7-m\libg_nano.a(lib_a-dtoa.o)
                0x00001b78                _dtoa_r
 .text._localeconv_r
                0x000026a8        0x8 c:/program files (x86)/cypress/psoc creator/4.4/psoc creator/import/gnu/arm/5.4.1/bin/../lib/gcc/arm-none-eabi/5.4.1/../../../../arm-none-eabi/lib/armv7-m\libg_nano.a(lib_a-locale.o)
                0x000026a8                _localeconv_r
 .text.malloc   0x000026b0       0x10 c:/program files (x86)/cypress/psoc creator/4.4/psoc creator/import/gnu/arm/5.4.1/bin/../lib/gcc/arm-none-eabi/5.4.1/../../../../arm-none-eabi/lib/armv7-m\libg_nano.a(lib_a-malloc.o)
                0x000026b0                malloc
 .text.memchr   0x000026c0       0x1c c:/program files (x86)/cypress/psoc creator/4.4/psoc creator/import/gnu/arm/5.4.1/bin/../lib/gcc/arm-none-eabi/5.4.1/../../../../arm-none-eabi/lib/armv7-m\libg_nano.a(lib_a-memchr-stub.o)
                0x000026c0                memchr
 .text._Balloc  0x000026dc       0x6a c:/program files (x86)/cypress/psoc creator/4.4/psoc creator/import/gnu/arm/5.4.1/bin/../lib/gcc/arm-none-eabi/5.4.1/../../../../arm-none-eabi/lib/armv7-m\libg_nano.a(lib_a-mprec.o)
                0x000026dc                _Balloc
 .text._Bfree   0x00002746       0x2e c:/program files (x86)/cypress/psoc creator/4.4/psoc creator/import/gnu/arm/5.4.1/bin/../lib/gcc/arm-none-eabi/5.4.1/../../../../arm-none-eabi/lib/armv7-m\libg_nano.a(lib_a-mprec.o)
                0x00002746                _Bfree
 .text.__multadd
                0x00002774       0x76 c:/program files (x86)/cypress/psoc creator/4.4/psoc creator/import/gnu/arm/5.4.1/bin/../lib/gcc/arm-none-eabi/5.4.1/../../../../arm-none-eabi/lib/armv7-m\libg_nano.a(lib_a-mprec.o)
                0x00002774                __multadd
 .text.__hi0bits
                0x000027ea       0x40 c:/program files (x86)/cypress/psoc creator/4.4/psoc creator/import/gnu/arm/5.4.1/bin/../lib/gcc/arm-none-eabi/5.4.1/../../../../arm-none-eabi/lib/armv7-m\libg_nano.a(lib_a-mprec.o)
                0x000027ea                __hi0bits
 .text.__lo0bits
                0x0000282a       0x5a c:/program files (x86)/cypress/psoc creator/4.4/psoc creator/import/gnu/arm/5.4.1/bin/../lib/gcc/arm-none-eabi/5.4.1/../../../../arm-none-eabi/lib/armv7-m\libg_nano.a(lib_a-mprec.o)
                0x0000282a                __lo0bits
 .text.__i2b    0x00002884       0x12 c:/program files (x86)/cypress/psoc creator/4.4/psoc creator/import/gnu/arm/5.4.1/bin/../lib/gcc/arm-none-eabi/5.4.1/../../../../arm-none-eabi/lib/armv7-m\libg_nano.a(lib_a-mprec.o)
                0x00002884                __i2b
 .text.__multiply
                0x00002896      0x120 c:/program files (x86)/cypress/psoc creator/4.4/psoc creator/import/gnu/arm/5.4.1/bin/../lib/gcc/arm-none-eabi/5.4.1/../../../../arm-none-eabi/lib/armv7-m\libg_nano.a(lib_a-mprec.o)
                0x00002896                __multiply
 *fill*         0x000029b6        0x2 
 .text.__pow5mult
                0x000029b8       0x9c c:/program files (x86)/cypress/psoc creator/4.4/psoc creator/import/gnu/arm/5.4.1/bin/../lib/gcc/arm-none-eabi/5.4.1/../../../../arm-none-eabi/lib/armv7-m\libg_nano.a(lib_a-mprec.o)
                0x000029b8                __pow5mult
 .text.__lshift
                0x00002a54       0xa2 c:/program files (x86)/cypress/psoc creator/4.4/psoc creator/import/gnu/arm/5.4.1/bin/../lib/gcc/arm-none-eabi/5.4.1/../../../../arm-none-eabi/lib/armv7-m\libg_nano.a(lib_a-mprec.o)
                0x00002a54                __lshift
 .text.__mcmp   0x00002af6       0x38 c:/program files (x86)/cypress/psoc creator/4.4/psoc creator/import/gnu/arm/5.4.1/bin/../lib/gcc/arm-none-eabi/5.4.1/../../../../arm-none-eabi/lib/armv7-m\libg_nano.a(lib_a-mprec.o)
                0x00002af6                __mcmp
 .text.__mdiff  0x00002b2e       0xbe c:/program files (x86)/cypress/psoc creator/4.4/psoc creator/import/gnu/arm/5.4.1/bin/../lib/gcc/arm-none-eabi/5.4.1/../../../../arm-none-eabi/lib/armv7-m\libg_nano.a(lib_a-mprec.o)
                0x00002b2e                __mdiff
 .text.__d2b    0x00002bec       0x9c c:/program files (x86)/cypress/psoc creator/4.4/psoc creator/import/gnu/arm/5.4.1/bin/../lib/gcc/arm-none-eabi/5.4.1/../../../../arm-none-eabi/lib/armv7-m\libg_nano.a(lib_a-mprec.o)
                0x00002bec                __d2b
 .text._calloc_r
                0x00002c88       0x1c c:/program files (x86)/cypress/psoc creator/4.4/psoc creator/import/gnu/arm/5.4.1/bin/../lib/gcc/arm-none-eabi/5.4.1/../../../../arm-none-eabi/lib/armv7-m\libg_nano.a(lib_a-nano-callocr.o)
                0x00002c88                _calloc_r
 .text._free_r  0x00002ca4       0x98 c:/program files (x86)/cypress/psoc creator/4.4/psoc creator/import/gnu/arm/5.4.1/bin/../lib/gcc/arm-none-eabi/5.4.1/../../../../arm-none-eabi/lib/armv7-m\libg_nano.a(lib_a-nano-freer.o)
                0x00002ca4                _free_r
 .text._malloc_r
                0x00002d3c       0xbc c:/program files (x86)/cypress/psoc creator/4.4/psoc creator/import/gnu/arm/5.4.1/bin/../lib/gcc/arm-none-eabi/5.4.1/../../../../arm-none-eabi/lib/armv7-m\libg_nano.a(lib_a-nano-mallocr.o)
                0x00002d3c                _malloc_r
 .text.__ssputs_r
                0x00002df8       0xb2 c:/program files (x86)/cypress/psoc creator/4.4/psoc creator/import/gnu/arm/5.4.1/bin/../lib/gcc/arm-none-eabi/5.4.1/../../../../arm-none-eabi/lib/armv7-m\libg_nano.a(lib_a-nano-svfprintf.o)
                0x00002df8                __ssputs_r
 *fill*         0x00002eaa        0x2 
 .text._svfprintf_r
                0x00002eac      0x1e8 c:/program files (x86)/cypress/psoc creator/4.4/psoc creator/import/gnu/arm/5.4.1/bin/../lib/gcc/arm-none-eabi/5.4.1/../../../../arm-none-eabi/lib/armv7-m\libg_nano.a(lib_a-nano-svfprintf.o)
                0x00002eac                _svfiprintf_r
                0x00002eac                _svfprintf_r
 .text._sbrk_r  0x00003094       0x20 c:/program files (x86)/cypress/psoc creator/4.4/psoc creator/import/gnu/arm/5.4.1/bin/../lib/gcc/arm-none-eabi/5.4.1/../../../../arm-none-eabi/lib/armv7-m\libg_nano.a(lib_a-sbrkr.o)
                0x00003094                _sbrk_r
 .text.memmove  0x000030b4       0x36 c:/program files (x86)/cypress/psoc creator/4.4/psoc creator/import/gnu/arm/5.4.1/bin/../lib/gcc/arm-none-eabi/5.4.1/../../../../arm-none-eabi/lib/armv7-m\libg_nano.a(lib_a-memmove.o)
                0x000030b4                memmove
 .text.__malloc_lock
                0x000030ea        0x2 c:/program files (x86)/cypress/psoc creator/4.4/psoc creator/import/gnu/arm/5.4.1/bin/../lib/gcc/arm-none-eabi/5.4.1/../../../../arm-none-eabi/lib/armv7-m\libg_nano.a(lib_a-mlock.o)
                0x000030ea                __malloc_lock
 .text.__malloc_unlock
                0x000030ec        0x2 c:/program files (x86)/cypress/psoc creator/4.4/psoc creator/import/gnu/arm/5.4.1/bin/../lib/gcc/arm-none-eabi/5.4.1/../../../../arm-none-eabi/lib/armv7-m\libg_nano.a(lib_a-mlock.o)
                0x000030ec                __malloc_unlock
 .text._realloc_r
                0x000030ee       0x4c c:/program files (x86)/cypress/psoc creator/4.4/psoc creator/import/gnu/arm/5.4.1/bin/../lib/gcc/arm-none-eabi/5.4.1/../../../../arm-none-eabi/lib/armv7-m\libg_nano.a(lib_a-nano-reallocr.o)
                0x000030ee                _realloc_r
 .text._malloc_usable_size_r
                0x0000313a       0x14 c:/program files (x86)/cypress/psoc creator/4.4/psoc creator/import/gnu/arm/5.4.1/bin/../lib/gcc/arm-none-eabi/5.4.1/../../../../arm-none-eabi/lib/armv7-m\libg_nano.a(lib_a-nano-msizer.o)
                0x0000313a                _malloc_usable_size_r
 *fill*         0x0000314e        0x2 
 .text          0x00003150      0x370 c:/program files (x86)/cypress/psoc creator/4.4/psoc creator/import/gnu/arm/5.4.1/bin/../lib/gcc/arm-none-eabi/5.4.1/armv7-m\libgcc.a(_arm_addsubdf3.o)
                0x00003150                __aeabi_drsub
                0x00003158                __aeabi_dsub
                0x00003158                __subdf3
                0x0000315c                __aeabi_dadd
                0x0000315c                __adddf3
                0x000033d4                __floatunsidf
                0x000033d4                __aeabi_ui2d
                0x000033f4                __floatsidf
                0x000033f4                __aeabi_i2d
                0x00003418                __aeabi_f2d
                0x00003418                __extendsfdf2
                0x00003454                __floatundidf
                0x00003454                __aeabi_ul2d
                0x00003464                __floatdidf
                0x00003464                __aeabi_l2d
 .text          0x000034c0      0x424 c:/program files (x86)/cypress/psoc creator/4.4/psoc creator/import/gnu/arm/5.4.1/bin/../lib/gcc/arm-none-eabi/5.4.1/armv7-m\libgcc.a(_arm_muldivdf3.o)
                0x000034c0                __aeabi_dmul
                0x000034c0                __muldf3
                0x00003714                __divdf3
                0x00003714                __aeabi_ddiv
 .text          0x000038e4      0x110 c:/program files (x86)/cypress/psoc creator/4.4/psoc creator/import/gnu/arm/5.4.1/bin/../lib/gcc/arm-none-eabi/5.4.1/armv7-m\libgcc.a(_arm_cmpdf2.o)
                0x000038e4                __gtdf2
                0x000038e4                __gedf2
                0x000038ec                __ltdf2
                0x000038ec                __ledf2
                0x000038f4                __nedf2
                0x000038f4                __eqdf2
                0x000038f4                __cmpdf2
                0x00003970                __aeabi_cdrcmple
                0x00003980                __aeabi_cdcmpeq
                0x00003980                __aeabi_cdcmple
                0x00003990                __aeabi_dcmpeq
                0x000039a4                __aeabi_dcmplt
                0x000039b8                __aeabi_dcmple
                0x000039cc                __aeabi_dcmpge
                0x000039e0                __aeabi_dcmpgt
 .text          0x000039f4       0x2c c:/program files (x86)/cypress/psoc creator/4.4/psoc creator/import/gnu/arm/5.4.1/bin/../lib/gcc/arm-none-eabi/5.4.1/armv7-m\libgcc.a(_arm_unorddf2.o)
                0x000039f4                __unorddf2
                0x000039f4                __aeabi_dcmpun
 .text          0x00003a20       0x50 c:/program files (x86)/cypress/psoc creator/4.4/psoc creator/import/gnu/arm/5.4.1/bin/../lib/gcc/arm-none-eabi/5.4.1/armv7-m\libgcc.a(_arm_fixdfsi.o)
                0x00003a20                __aeabi_d2iz
                0x00003a20                __fixdfsi
 *(.plt)
 *(.gnu.warning)
 *(.glue_7t)
 .glue_7t       0x00003a70        0x0 linker stubs
 *(.glue_7)
 .glue_7        0x00003a70        0x0 linker stubs
 *(.vfp11_veneer)
 .vfp11_veneer  0x00003a70        0x0 linker stubs
 *(.bootloader)
 *(.ARM.extab* .gnu.linkonce.armextab.*)
 *(.gcc_except_table)

.v4_bx          0x00003a70        0x0
 .v4_bx         0x00003a70        0x0 linker stubs

.iplt           0x00003a70        0x0
 .iplt          0x00003a70        0x0 c:/program files (x86)/cypress/psoc creator/4.4/psoc creator/import/gnu/arm/5.4.1/bin/../lib/gcc/arm-none-eabi/5.4.1/armv7-m/crtbegin.o

.eh_frame_hdr
 *(.eh_frame_hdr)

.eh_frame       0x00003a70        0x4
 *(.eh_frame)
 .eh_frame      0x00003a70        0x0 c:/program files (x86)/cypress/psoc creator/4.4/psoc creator/import/gnu/arm/5.4.1/bin/../lib/gcc/arm-none-eabi/5.4.1/armv7-m/crtbegin.o
 .eh_frame      0x00003a70        0x4 c:/program files (x86)/cypress/psoc creator/4.4/psoc creator/import/gnu/arm/5.4.1/bin/../lib/gcc/arm-none-eabi/5.4.1/armv7-m/crtend.o
                [!provide]                PROVIDE (__exidx_start, .)

.ARM.exidx
 *(.ARM.exidx* .gnu.linkonce.armexidx.*)
                0x00003a74                __exidx_end = .

.rodata         0x00003a78      0x348
 *(.rodata .rodata.* .gnu.linkonce.r.*)
 .rodata.str1.4
                0x00003a78      0x164 .\CortexM3\ARM_GCC_541\Debug\main.o
                                0x162 (size before relaxing)
 .rodata        0x00003bdc       0x50 .\CortexM3\ARM_GCC_541\Debug\cyfitter_cfg.o
 .rodata.str1.1
                0x00003c2c        0x2 c:/program files (x86)/cypress/psoc creator/4.4/psoc creator/import/gnu/arm/5.4.1/bin/../lib/gcc/arm-none-eabi/5.4.1/../../../../arm-none-eabi/lib/armv7-m\libg_nano.a(lib_a-impure.o)
 .rodata.str1.1
                0x00003c2e       0x12 c:/program files (x86)/cypress/psoc creator/4.4/psoc creator/import/gnu/arm/5.4.1/bin/../lib/gcc/arm-none-eabi/5.4.1/../../../../arm-none-eabi/lib/armv7-m\libg_nano.a(lib_a-nano-vfprintf_float.o)
 .rodata.str1.1
                0x00003c40       0x22 c:/program files (x86)/cypress/psoc creator/4.4/psoc creator/import/gnu/arm/5.4.1/bin/../lib/gcc/arm-none-eabi/5.4.1/../../../../arm-none-eabi/lib/armv7-m\libg_nano.a(lib_a-nano-vfprintf_i.o)
 .rodata.str1.1
                0x00003c62        0xd c:/program files (x86)/cypress/psoc creator/4.4/psoc creator/import/gnu/arm/5.4.1/bin/../lib/gcc/arm-none-eabi/5.4.1/../../../../arm-none-eabi/lib/armv7-m\libg_nano.a(lib_a-dtoa.o)
                                  0xf (size before relaxing)
 .rodata.str1.1
                0x00003c6f        0x8 c:/program files (x86)/cypress/psoc creator/4.4/psoc creator/import/gnu/arm/5.4.1/bin/../lib/gcc/arm-none-eabi/5.4.1/../../../../arm-none-eabi/lib/armv7-m\libg_nano.a(lib_a-locale.o)
                                  0xb (size before relaxing)
 *fill*         0x00003c77        0x1 
 .rodata.__mprec_tens
                0x00003c78       0xc8 c:/program files (x86)/cypress/psoc creator/4.4/psoc creator/import/gnu/arm/5.4.1/bin/../lib/gcc/arm-none-eabi/5.4.1/../../../../arm-none-eabi/lib/armv7-m\libg_nano.a(lib_a-mprec.o)
                0x00003c78                __mprec_tens
 .rodata.p05.5408
                0x00003d40        0xc c:/program files (x86)/cypress/psoc creator/4.4/psoc creator/import/gnu/arm/5.4.1/bin/../lib/gcc/arm-none-eabi/5.4.1/../../../../arm-none-eabi/lib/armv7-m\libg_nano.a(lib_a-mprec.o)
 *fill*         0x00003d4c        0x4 
 .rodata.__mprec_bigtens
                0x00003d50       0x28 c:/program files (x86)/cypress/psoc creator/4.4/psoc creator/import/gnu/arm/5.4.1/bin/../lib/gcc/arm-none-eabi/5.4.1/../../../../arm-none-eabi/lib/armv7-m\libg_nano.a(lib_a-mprec.o)
                0x00003d50                __mprec_bigtens
 .rodata.str1.1
                0x00003d78       0x11 c:/program files (x86)/cypress/psoc creator/4.4/psoc creator/import/gnu/arm/5.4.1/bin/../lib/gcc/arm-none-eabi/5.4.1/../../../../arm-none-eabi/lib/armv7-m\libg_nano.a(lib_a-nano-svfprintf.o)
                0x00003d8c                . = ALIGN (0x4)
 *fill*         0x00003d89        0x3 
 *(.init)
 .init          0x00003d8c        0x4 c:/program files (x86)/cypress/psoc creator/4.4/psoc creator/import/gnu/arm/5.4.1/bin/../lib/gcc/arm-none-eabi/5.4.1/armv7-m/crti.o
                0x00003d8c                _init
 .init          0x00003d90        0x8 c:/program files (x86)/cypress/psoc creator/4.4/psoc creator/import/gnu/arm/5.4.1/bin/../lib/gcc/arm-none-eabi/5.4.1/armv7-m/crtn.o
                0x00003d98                . = ALIGN (0x4)
                0x00003d98                __preinit_array_start = .
 *(.preinit_array)
                0x00003d98                __preinit_array_end = .
                0x00003d98                . = ALIGN (0x4)
                0x00003d98                __init_array_start = .
 *(SORT(.init_array.*))
 *(.init_array)
 .init_array    0x00003d98        0x4 c:/program files (x86)/cypress/psoc creator/4.4/psoc creator/import/gnu/arm/5.4.1/bin/../lib/gcc/arm-none-eabi/5.4.1/armv7-m/crtbegin.o
 .init_array    0x00003d9c        0x4 .\CortexM3\ARM_GCC_541\Debug\Cm3Start.o
                0x00003da0                __init_array_end = .
                0x00003da0                . = ALIGN (0x4)
 *(.fini)
 .fini          0x00003da0        0x4 c:/program files (x86)/cypress/psoc creator/4.4/psoc creator/import/gnu/arm/5.4.1/bin/../lib/gcc/arm-none-eabi/5.4.1/armv7-m/crti.o
                0x00003da0                _fini
 .fini          0x00003da4        0x8 c:/program files (x86)/cypress/psoc creator/4.4/psoc creator/import/gnu/arm/5.4.1/bin/../lib/gcc/arm-none-eabi/5.4.1/armv7-m/crtn.o
                0x00003dac                . = ALIGN (0x4)
                0x00003dac                __fini_array_start = .
 *(.fini_array)
 .fini_array    0x00003dac        0x4 c:/program files (x86)/cypress/psoc creator/4.4/psoc creator/import/gnu/arm/5.4.1/bin/../lib/gcc/arm-none-eabi/5.4.1/armv7-m/crtbegin.o
 *(SORT(.fini_array.*))
                0x00003db0                __fini_array_end = .
                0x00003db0                . = ALIGN (0x4)
 *crtbegin.o(.ctors)
 *(EXCLUDE_FILE(*crtend.o) .ctors)
 *(SORT(.ctors.*))
 *crtend.o(.ctors)
                0x00003db0                . = ALIGN (0x4)
 *crtbegin.o(.dtors)
 *(EXCLUDE_FILE(*crtend.o) .dtors)
 *(SORT(.dtors.*))
 *crtend.o(.dtors)
                0x00003db0                . = ALIGN (0x4)
                0x00003db0                __cy_regions = .
                0x00003db0        0x4 LONG 0x3dc0 __cy_region_init_ram
                0x00003db4        0x4 LONG 0x1fff80c8 __cy_region_start_data
                0x00003db8        0x4 LONG 0xa8 __cy_region_init_size_ram
                0x00003dbc        0x4 LONG 0x38 __cy_region_zero_size_ram
                0x00003dc0                __cy_regions_end = .
                0x00003dc0                . = ALIGN (0x8)
                0x00003dc0                _etext = .

.cy_checksum_exclude
                0x00003dc0        0x0
 *(.cy_checksum_exclude)

.ramvectors     0x1fff8000       0xc0
                0x1fff8000                __cy_region_start_ram = .
 *(.ramvectors)
 .ramvectors    0x1fff8000       0xc0 .\CortexM3\ARM_GCC_541\Debug\Cm3Start.o
                0x1fff8000                CyRamVectors

.noinit         0x1fff80c0        0x1
 *(.noinit)
 .noinit        0x1fff80c0        0x1 .\CortexM3\ARM_GCC_541\Debug\DC-Motor-PWM_Opg3.a(CyLib.o)
                0x1fff80c0                CyResetStatus

.data           0x1fff80c8       0xa8 load address 0x00003dc0
                0x1fff80c8                __cy_region_start_data = .
 *(.jcr)
 .jcr           0x1fff80c8        0x0 c:/program files (x86)/cypress/psoc creator/4.4/psoc creator/import/gnu/arm/5.4.1/bin/../lib/gcc/arm-none-eabi/5.4.1/armv7-m/crtbegin.o
 .jcr           0x1fff80c8        0x4 c:/program files (x86)/cypress/psoc creator/4.4/psoc creator/import/gnu/arm/5.4.1/bin/../lib/gcc/arm-none-eabi/5.4.1/armv7-m/crtend.o
 *(.got.plt)
 *(.got)
 *(.shdata)
 *(.data .data.* .gnu.linkonce.d.*)
 .data          0x1fff80cc        0x1 .\CortexM3\ARM_GCC_541\Debug\main.o
 *fill*         0x1fff80cd        0x3 
 .data          0x1fff80d0        0x4 .\CortexM3\ARM_GCC_541\Debug\Cm3Start.o
 .data.impure_data
                0x1fff80d4       0x60 c:/program files (x86)/cypress/psoc creator/4.4/psoc creator/import/gnu/arm/5.4.1/bin/../lib/gcc/arm-none-eabi/5.4.1/../../../../arm-none-eabi/lib/armv7-m\libg_nano.a(lib_a-impure.o)
 .data._impure_ptr
                0x1fff8134        0x4 c:/program files (x86)/cypress/psoc creator/4.4/psoc creator/import/gnu/arm/5.4.1/bin/../lib/gcc/arm-none-eabi/5.4.1/../../../../arm-none-eabi/lib/armv7-m\libg_nano.a(lib_a-impure.o)
                0x1fff8134                _impure_ptr
 .data.lconv    0x1fff8138       0x38 c:/program files (x86)/cypress/psoc creator/4.4/psoc creator/import/gnu/arm/5.4.1/bin/../lib/gcc/arm-none-eabi/5.4.1/../../../../arm-none-eabi/lib/armv7-m\libg_nano.a(lib_a-locale.o)
                0x1fff8170                . = ALIGN (0x8)
 *(.ram)
                0x1fff8170                _edata = .

.igot.plt       0x1fff8170        0x0 load address 0x00003e68
 .igot.plt      0x1fff8170        0x0 c:/program files (x86)/cypress/psoc creator/4.4/psoc creator/import/gnu/arm/5.4.1/bin/../lib/gcc/arm-none-eabi/5.4.1/armv7-m/crtbegin.o

.bss            0x1fff8170       0x38 load address 0x00003e68
                0x1fff8170                PROVIDE (__bss_start__, .)
 *(.shbss)
 *(.bss .bss.* .gnu.linkonce.b.*)
 .bss           0x1fff8170       0x1c c:/program files (x86)/cypress/psoc creator/4.4/psoc creator/import/gnu/arm/5.4.1/bin/../lib/gcc/arm-none-eabi/5.4.1/armv7-m/crtbegin.o
 .bss           0x1fff818c        0x3 .\CortexM3\ARM_GCC_541\Debug\main.o
 .bss           0x1fff818f        0x2 .\CortexM3\ARM_GCC_541\Debug\DC-Motor-PWM_Opg3.a(UART_1.o)
                0x1fff818f                UART_1_initVar
 .bss           0x1fff8191        0x1 .\CortexM3\ARM_GCC_541\Debug\DC-Motor-PWM_Opg3.a(Timer_1.o)
                0x1fff8191                Timer_1_initVar
 *fill*         0x1fff8192        0x2 
 .bss           0x1fff8194        0x1 .\CortexM3\ARM_GCC_541\Debug\DC-Motor-PWM_Opg3.a(Timer_1_PM.o)
 *fill*         0x1fff8195        0x3 
 .bss.__malloc_sbrk_start
                0x1fff8198        0x4 c:/program files (x86)/cypress/psoc creator/4.4/psoc creator/import/gnu/arm/5.4.1/bin/../lib/gcc/arm-none-eabi/5.4.1/../../../../arm-none-eabi/lib/armv7-m\libg_nano.a(lib_a-nano-mallocr.o)
                0x1fff8198                __malloc_sbrk_start
 .bss.__malloc_free_list
                0x1fff819c        0x4 c:/program files (x86)/cypress/psoc creator/4.4/psoc creator/import/gnu/arm/5.4.1/bin/../lib/gcc/arm-none-eabi/5.4.1/../../../../arm-none-eabi/lib/armv7-m\libg_nano.a(lib_a-nano-mallocr.o)
                0x1fff819c                __malloc_free_list
 *(COMMON)
 COMMON         0x1fff81a0        0x4 c:/program files (x86)/cypress/psoc creator/4.4/psoc creator/import/gnu/arm/5.4.1/bin/../lib/gcc/arm-none-eabi/5.4.1/../../../../arm-none-eabi/lib/armv7-m\libg_nano.a(lib_a-reent.o)
                0x1fff81a0                errno
                0x1fff81a8                . = ALIGN (0x8)
 *fill*         0x1fff81a4        0x4 
 *(.ram.b)
                0x1fff81a8                _end = .
                0x1fff81a8                __end = .
                0x1fff81a8                PROVIDE (end, .)
                0x1fff81a8                PROVIDE (__bss_end__, .)
                0x00003dc0                __cy_region_init_ram = LOADADDR (.data)
                0x000000a8                __cy_region_init_size_ram = (_edata - ADDR (.data))
                0x00000038                __cy_region_zero_size_ram = (_end - _edata)

.heap           0x1fff81a8      0x200 load address 0x00003e68
                0x1fff81a8                . = _end
                0x1fff83a8                . = (. + 0x200)
 *fill*         0x1fff81a8      0x200 
                0x1fff83a8                __cy_heap_limit = .

.stack          0x20007800      0x800
                0x20007800                __cy_stack_limit = .
                0x20008000                . = (. + 0x800)
 *fill*         0x20007800      0x800 
                0x00000001                ASSERT ((__cy_stack_limit >= __cy_heap_limit), region RAM overflowed with stack)
                0x00000000                cy_checksum_exclude_size = (CY_APPL_LOADABLE == 0x1)?SIZEOF (.cy_checksum_exclude):0x0
                0x00000001                ASSERT ((cy_checksum_exclude_size <= CY_CHECKSUM_EXCLUDE_SIZE), CY_BOOT: Section .cy_checksum_exclude size exceedes specified limit.)

.cyloadermeta
 *(.cyloadermeta)

.cyloadablemeta
 *(.cyloadablemeta)

.cyconfigecc    0x80000000      0x320
 *(.cyconfigecc)
 .cyconfigecc   0x80000000      0x320 .\CortexM3\ARM_GCC_541\Debug\cymetadata.o
                0x80000000                cy_meta_configecc

.cycustnvl      0x90000000        0x4
 *(.cycustnvl)
 .cycustnvl     0x90000000        0x4 .\CortexM3\ARM_GCC_541\Debug\cymetadata.o
                0x90000000                cy_meta_custnvl

.cywolatch      0x90100000        0x4
 *(.cywolatch)
 .cywolatch     0x90100000        0x4 .\CortexM3\ARM_GCC_541\Debug\cymetadata.o
                0x90100000                cy_meta_wonvl

.cyeeprom       0x90200000        0x0
 *(.cyeeprom)
                0x00000001                ASSERT ((. <= ((0x90200000 + ee_offset) + ee_size)), .cyeeprom data will not fit in EEPROM)

.cyflashprotect
                0x90400000      0x100
 *(.cyflashprotect)
 .cyflashprotect
                0x90400000      0x100 .\CortexM3\ARM_GCC_541\Debug\cymetadata.o
                0x90400000                cy_meta_flashprotect

.cymeta         0x90500000        0xc
 *(.cymeta)
 .cymeta        0x90500000        0xc .\CortexM3\ARM_GCC_541\Debug\cymetadata.o
                0x90500000                cy_metadata

.rel.dyn        0x00003e68        0x0 load address 0x9050000c
 .rel.iplt      0x00003e68        0x0 c:/program files (x86)/cypress/psoc creator/4.4/psoc creator/import/gnu/arm/5.4.1/bin/../lib/gcc/arm-none-eabi/5.4.1/armv7-m/crtbegin.o

.stab
 *(.stab)

.stabstr
 *(.stabstr)

.debug
 *(.debug)

.line
 *(.line)

.debug_srcinfo
 *(.debug_srcinfo)

.debug_sfnames
 *(.debug_sfnames)

.debug_aranges  0x00000000      0x978
 *(.debug_aranges)
 .debug_aranges
                0x00000000       0x70 .\CortexM3\ARM_GCC_541\Debug\main.o
 .debug_aranges
                0x00000070       0x58 .\CortexM3\ARM_GCC_541\Debug\cyfitter_cfg.o
 .debug_aranges
                0x000000c8       0x18 .\CortexM3\ARM_GCC_541\Debug\cymetadata.o
 .debug_aranges
                0x000000e0       0x48 .\CortexM3\ARM_GCC_541\Debug\Cm3Start.o
 .debug_aranges
                0x00000128       0xf0 .\CortexM3\ARM_GCC_541\Debug\DC-Motor-PWM_Opg3.a(UART_1.o)
 .debug_aranges
                0x00000218       0x80 .\CortexM3\ARM_GCC_541\Debug\DC-Motor-PWM_Opg3.a(isr_uart_rx.o)
 .debug_aranges
                0x00000298       0x70 .\CortexM3\ARM_GCC_541\Debug\DC-Motor-PWM_Opg3.a(UART_1_IntClock.o)
 .debug_aranges
                0x00000308      0x2a0 .\CortexM3\ARM_GCC_541\Debug\DC-Motor-PWM_Opg3.a(CyLib.o)
 .debug_aranges
                0x000005a8       0x98 .\CortexM3\ARM_GCC_541\Debug\DC-Motor-PWM_Opg3.a(cyPm.o)
 .debug_aranges
                0x00000640       0x38 .\CortexM3\ARM_GCC_541\Debug\DC-Motor-PWM_Opg3.a(Pin_A1.o)
 .debug_aranges
                0x00000678       0x38 .\CortexM3\ARM_GCC_541\Debug\DC-Motor-PWM_Opg3.a(Pin_A2.o)
 .debug_aranges
                0x000006b0       0x38 .\CortexM3\ARM_GCC_541\Debug\DC-Motor-PWM_Opg3.a(Pin_B1.o)
 .debug_aranges
                0x000006e8       0x38 .\CortexM3\ARM_GCC_541\Debug\DC-Motor-PWM_Opg3.a(Pin_B2.o)
 .debug_aranges
                0x00000720       0x88 .\CortexM3\ARM_GCC_541\Debug\DC-Motor-PWM_Opg3.a(Timer_1.o)
 .debug_aranges
                0x000007a8       0x38 .\CortexM3\ARM_GCC_541\Debug\DC-Motor-PWM_Opg3.a(Timer_1_PM.o)
 .debug_aranges
                0x000007e0       0x80 .\CortexM3\ARM_GCC_541\Debug\DC-Motor-PWM_Opg3.a(isr_timer.o)
 .debug_aranges
                0x00000860       0x20 .\CortexM3\ARM_GCC_541\Debug\DC-Motor-PWM_Opg3.a(CyBootAsmGnu.o)
 .debug_aranges
                0x00000880       0x80 .\CortexM3\ARM_GCC_541\Debug\DC-Motor-PWM_Opg3.a(CyFlash.o)
 .debug_aranges
                0x00000900       0x78 .\CortexM3\ARM_GCC_541\Debug\DC-Motor-PWM_Opg3.a(CySpc.o)

.debug_pubnames
 *(.debug_pubnames)

.debug_info     0x00000000     0x53d5
 *(.debug_info .gnu.linkonce.wi.*)
 .debug_info    0x00000000      0x9b1 .\CortexM3\ARM_GCC_541\Debug\main.o
 .debug_info    0x000009b1      0x5a8 .\CortexM3\ARM_GCC_541\Debug\cyfitter_cfg.o
 .debug_info    0x00000f59      0x135 .\CortexM3\ARM_GCC_541\Debug\cymetadata.o
 .debug_info    0x0000108e      0x3b5 .\CortexM3\ARM_GCC_541\Debug\Cm3Start.o
 .debug_info    0x00001443      0x60c .\CortexM3\ARM_GCC_541\Debug\DC-Motor-PWM_Opg3.a(UART_1.o)
 .debug_info    0x00001a4f      0x2d2 .\CortexM3\ARM_GCC_541\Debug\DC-Motor-PWM_Opg3.a(isr_uart_rx.o)
 .debug_info    0x00001d21      0x283 .\CortexM3\ARM_GCC_541\Debug\DC-Motor-PWM_Opg3.a(UART_1_IntClock.o)
 .debug_info    0x00001fa4     0x1374 .\CortexM3\ARM_GCC_541\Debug\DC-Motor-PWM_Opg3.a(CyLib.o)
 .debug_info    0x00003318      0xa1d .\CortexM3\ARM_GCC_541\Debug\DC-Motor-PWM_Opg3.a(cyPm.o)
 .debug_info    0x00003d35      0x11f .\CortexM3\ARM_GCC_541\Debug\DC-Motor-PWM_Opg3.a(Pin_A1.o)
 .debug_info    0x00003e54      0x11f .\CortexM3\ARM_GCC_541\Debug\DC-Motor-PWM_Opg3.a(Pin_A2.o)
 .debug_info    0x00003f73      0x11f .\CortexM3\ARM_GCC_541\Debug\DC-Motor-PWM_Opg3.a(Pin_B1.o)
 .debug_info    0x00004092      0x11f .\CortexM3\ARM_GCC_541\Debug\DC-Motor-PWM_Opg3.a(Pin_B2.o)
 .debug_info    0x000041b1      0x293 .\CortexM3\ARM_GCC_541\Debug\DC-Motor-PWM_Opg3.a(Timer_1.o)
 .debug_info    0x00004444      0x153 .\CortexM3\ARM_GCC_541\Debug\DC-Motor-PWM_Opg3.a(Timer_1_PM.o)
 .debug_info    0x00004597      0x2d2 .\CortexM3\ARM_GCC_541\Debug\DC-Motor-PWM_Opg3.a(isr_timer.o)
 .debug_info    0x00004869       0xcb .\CortexM3\ARM_GCC_541\Debug\DC-Motor-PWM_Opg3.a(CyBootAsmGnu.o)
 .debug_info    0x00004934      0x5b8 .\CortexM3\ARM_GCC_541\Debug\DC-Motor-PWM_Opg3.a(CyFlash.o)
 .debug_info    0x00004eec      0x4e9 .\CortexM3\ARM_GCC_541\Debug\DC-Motor-PWM_Opg3.a(CySpc.o)

.debug_abbrev   0x00000000     0x16b1
 *(.debug_abbrev)
 .debug_abbrev  0x00000000      0x165 .\CortexM3\ARM_GCC_541\Debug\main.o
 .debug_abbrev  0x00000165      0x20d .\CortexM3\ARM_GCC_541\Debug\cyfitter_cfg.o
 .debug_abbrev  0x00000372       0x66 .\CortexM3\ARM_GCC_541\Debug\cymetadata.o
 .debug_abbrev  0x000003d8      0x1e8 .\CortexM3\ARM_GCC_541\Debug\Cm3Start.o
 .debug_abbrev  0x000005c0      0x175 .\CortexM3\ARM_GCC_541\Debug\DC-Motor-PWM_Opg3.a(UART_1.o)
 .debug_abbrev  0x00000735      0x173 .\CortexM3\ARM_GCC_541\Debug\DC-Motor-PWM_Opg3.a(isr_uart_rx.o)
 .debug_abbrev  0x000008a8      0x139 .\CortexM3\ARM_GCC_541\Debug\DC-Motor-PWM_Opg3.a(UART_1_IntClock.o)
 .debug_abbrev  0x000009e1      0x254 .\CortexM3\ARM_GCC_541\Debug\DC-Motor-PWM_Opg3.a(CyLib.o)
 .debug_abbrev  0x00000c35      0x1ab .\CortexM3\ARM_GCC_541\Debug\DC-Motor-PWM_Opg3.a(cyPm.o)
 .debug_abbrev  0x00000de0       0x90 .\CortexM3\ARM_GCC_541\Debug\DC-Motor-PWM_Opg3.a(Pin_A1.o)
 .debug_abbrev  0x00000e70       0x90 .\CortexM3\ARM_GCC_541\Debug\DC-Motor-PWM_Opg3.a(Pin_A2.o)
 .debug_abbrev  0x00000f00       0x90 .\CortexM3\ARM_GCC_541\Debug\DC-Motor-PWM_Opg3.a(Pin_B1.o)
 .debug_abbrev  0x00000f90       0x90 .\CortexM3\ARM_GCC_541\Debug\DC-Motor-PWM_Opg3.a(Pin_B2.o)
 .debug_abbrev  0x00001020      0x11a .\CortexM3\ARM_GCC_541\Debug\DC-Motor-PWM_Opg3.a(Timer_1.o)
 .debug_abbrev  0x0000113a       0xc4 .\CortexM3\ARM_GCC_541\Debug\DC-Motor-PWM_Opg3.a(Timer_1_PM.o)
 .debug_abbrev  0x000011fe      0x173 .\CortexM3\ARM_GCC_541\Debug\DC-Motor-PWM_Opg3.a(isr_timer.o)
 .debug_abbrev  0x00001371       0x14 .\CortexM3\ARM_GCC_541\Debug\DC-Motor-PWM_Opg3.a(CyBootAsmGnu.o)
 .debug_abbrev  0x00001385      0x198 .\CortexM3\ARM_GCC_541\Debug\DC-Motor-PWM_Opg3.a(CyFlash.o)
 .debug_abbrev  0x0000151d      0x194 .\CortexM3\ARM_GCC_541\Debug\DC-Motor-PWM_Opg3.a(CySpc.o)

.debug_line     0x00000000     0x23ee
 *(.debug_line)
 .debug_line    0x00000000      0x38e .\CortexM3\ARM_GCC_541\Debug\main.o
 .debug_line    0x0000038e      0x1f5 .\CortexM3\ARM_GCC_541\Debug\cyfitter_cfg.o
 .debug_line    0x00000583      0x141 .\CortexM3\ARM_GCC_541\Debug\cymetadata.o
 .debug_line    0x000006c4      0x234 .\CortexM3\ARM_GCC_541\Debug\Cm3Start.o
 .debug_line    0x000008f8      0x2c0 .\CortexM3\ARM_GCC_541\Debug\DC-Motor-PWM_Opg3.a(UART_1.o)
 .debug_line    0x00000bb8      0x138 .\CortexM3\ARM_GCC_541\Debug\DC-Motor-PWM_Opg3.a(isr_uart_rx.o)
 .debug_line    0x00000cf0      0x17e .\CortexM3\ARM_GCC_541\Debug\DC-Motor-PWM_Opg3.a(UART_1_IntClock.o)
 .debug_line    0x00000e6e      0x816 .\CortexM3\ARM_GCC_541\Debug\DC-Motor-PWM_Opg3.a(CyLib.o)
 .debug_line    0x00001684      0x364 .\CortexM3\ARM_GCC_541\Debug\DC-Motor-PWM_Opg3.a(cyPm.o)
 .debug_line    0x000019e8       0x93 .\CortexM3\ARM_GCC_541\Debug\DC-Motor-PWM_Opg3.a(Pin_A1.o)
 .debug_line    0x00001a7b       0x93 .\CortexM3\ARM_GCC_541\Debug\DC-Motor-PWM_Opg3.a(Pin_A2.o)
 .debug_line    0x00001b0e       0x93 .\CortexM3\ARM_GCC_541\Debug\DC-Motor-PWM_Opg3.a(Pin_B1.o)
 .debug_line    0x00001ba1       0x93 .\CortexM3\ARM_GCC_541\Debug\DC-Motor-PWM_Opg3.a(Pin_B2.o)
 .debug_line    0x00001c34      0x155 .\CortexM3\ARM_GCC_541\Debug\DC-Motor-PWM_Opg3.a(Timer_1.o)
 .debug_line    0x00001d89       0xa4 .\CortexM3\ARM_GCC_541\Debug\DC-Motor-PWM_Opg3.a(Timer_1_PM.o)
 .debug_line    0x00001e2d      0x136 .\CortexM3\ARM_GCC_541\Debug\DC-Motor-PWM_Opg3.a(isr_timer.o)
 .debug_line    0x00001f63       0x66 .\CortexM3\ARM_GCC_541\Debug\DC-Motor-PWM_Opg3.a(CyBootAsmGnu.o)
 .debug_line    0x00001fc9      0x1e9 .\CortexM3\ARM_GCC_541\Debug\DC-Motor-PWM_Opg3.a(CyFlash.o)
 .debug_line    0x000021b2      0x23c .\CortexM3\ARM_GCC_541\Debug\DC-Motor-PWM_Opg3.a(CySpc.o)

.debug_frame    0x00000000     0x1ef0
 *(.debug_frame)
 .debug_frame   0x00000000      0x140 .\CortexM3\ARM_GCC_541\Debug\main.o
 .debug_frame   0x00000140       0xe4 .\CortexM3\ARM_GCC_541\Debug\cyfitter_cfg.o
 .debug_frame   0x00000224       0xb8 .\CortexM3\ARM_GCC_541\Debug\Cm3Start.o
 .debug_frame   0x000002dc      0x250 .\CortexM3\ARM_GCC_541\Debug\DC-Motor-PWM_Opg3.a(UART_1.o)
 .debug_frame   0x0000052c      0x104 .\CortexM3\ARM_GCC_541\Debug\DC-Motor-PWM_Opg3.a(isr_uart_rx.o)
 .debug_frame   0x00000630       0xe0 .\CortexM3\ARM_GCC_541\Debug\DC-Motor-PWM_Opg3.a(UART_1_IntClock.o)
 .debug_frame   0x00000710      0x738 .\CortexM3\ARM_GCC_541\Debug\DC-Motor-PWM_Opg3.a(CyLib.o)
 .debug_frame   0x00000e48      0x1f8 .\CortexM3\ARM_GCC_541\Debug\DC-Motor-PWM_Opg3.a(cyPm.o)
 .debug_frame   0x00001040       0x50 .\CortexM3\ARM_GCC_541\Debug\DC-Motor-PWM_Opg3.a(Pin_A1.o)
 .debug_frame   0x00001090       0x50 .\CortexM3\ARM_GCC_541\Debug\DC-Motor-PWM_Opg3.a(Pin_A2.o)
 .debug_frame   0x000010e0       0x50 .\CortexM3\ARM_GCC_541\Debug\DC-Motor-PWM_Opg3.a(Pin_B1.o)
 .debug_frame   0x00001130       0x50 .\CortexM3\ARM_GCC_541\Debug\DC-Motor-PWM_Opg3.a(Pin_B2.o)
 .debug_frame   0x00001180      0x108 .\CortexM3\ARM_GCC_541\Debug\DC-Motor-PWM_Opg3.a(Timer_1.o)
 .debug_frame   0x00001288       0x68 .\CortexM3\ARM_GCC_541\Debug\DC-Motor-PWM_Opg3.a(Timer_1_PM.o)
 .debug_frame   0x000012f0      0x104 .\CortexM3\ARM_GCC_541\Debug\DC-Motor-PWM_Opg3.a(isr_timer.o)
 .debug_frame   0x000013f4      0x174 .\CortexM3\ARM_GCC_541\Debug\DC-Motor-PWM_Opg3.a(CyFlash.o)
 .debug_frame   0x00001568      0x160 .\CortexM3\ARM_GCC_541\Debug\DC-Motor-PWM_Opg3.a(CySpc.o)
 .debug_frame   0x000016c8       0x20 c:/program files (x86)/cypress/psoc creator/4.4/psoc creator/import/gnu/arm/5.4.1/bin/../lib/gcc/arm-none-eabi/5.4.1/../../../../arm-none-eabi/lib/armv7-m\libg_nano.a(lib_a-errno.o)
 .debug_frame   0x000016e8       0x28 c:/program files (x86)/cypress/psoc creator/4.4/psoc creator/import/gnu/arm/5.4.1/bin/../lib/gcc/arm-none-eabi/5.4.1/../../../../arm-none-eabi/lib/armv7-m\libg_nano.a(lib_a-exit.o)
 .debug_frame   0x00001710       0x2c c:/program files (x86)/cypress/psoc creator/4.4/psoc creator/import/gnu/arm/5.4.1/bin/../lib/gcc/arm-none-eabi/5.4.1/../../../../arm-none-eabi/lib/armv7-m\libg_nano.a(lib_a-init.o)
 .debug_frame   0x0000173c       0x28 c:/program files (x86)/cypress/psoc creator/4.4/psoc creator/import/gnu/arm/5.4.1/bin/../lib/gcc/arm-none-eabi/5.4.1/../../../../arm-none-eabi/lib/armv7-m\libg_nano.a(lib_a-memcpy-stub.o)
 .debug_frame   0x00001764       0x20 c:/program files (x86)/cypress/psoc creator/4.4/psoc creator/import/gnu/arm/5.4.1/bin/../lib/gcc/arm-none-eabi/5.4.1/../../../../arm-none-eabi/lib/armv7-m\libg_nano.a(lib_a-memset.o)
 .debug_frame   0x00001784       0x8c c:/program files (x86)/cypress/psoc creator/4.4/psoc creator/import/gnu/arm/5.4.1/bin/../lib/gcc/arm-none-eabi/5.4.1/../../../../arm-none-eabi/lib/armv7-m\libg_nano.a(lib_a-nano-vfprintf_float.o)
 .debug_frame   0x00001810       0x60 c:/program files (x86)/cypress/psoc creator/4.4/psoc creator/import/gnu/arm/5.4.1/bin/../lib/gcc/arm-none-eabi/5.4.1/../../../../arm-none-eabi/lib/armv7-m\libg_nano.a(lib_a-nano-vfprintf_i.o)
 .debug_frame   0x00001870       0x74 c:/program files (x86)/cypress/psoc creator/4.4/psoc creator/import/gnu/arm/5.4.1/bin/../lib/gcc/arm-none-eabi/5.4.1/../../../../arm-none-eabi/lib/armv7-m\libg_nano.a(lib_a-snprintf.o)
 .debug_frame   0x000018e4       0x6c c:/program files (x86)/cypress/psoc creator/4.4/psoc creator/import/gnu/arm/5.4.1/bin/../lib/gcc/arm-none-eabi/5.4.1/../../../../arm-none-eabi/lib/armv7-m\libg_nano.a(lib_a-dtoa.o)
 .debug_frame   0x00001950       0x98 c:/program files (x86)/cypress/psoc creator/4.4/psoc creator/import/gnu/arm/5.4.1/bin/../lib/gcc/arm-none-eabi/5.4.1/../../../../arm-none-eabi/lib/armv7-m\libg_nano.a(lib_a-locale.o)
 .debug_frame   0x000019e8       0x30 c:/program files (x86)/cypress/psoc creator/4.4/psoc creator/import/gnu/arm/5.4.1/bin/../lib/gcc/arm-none-eabi/5.4.1/../../../../arm-none-eabi/lib/armv7-m\libg_nano.a(lib_a-malloc.o)
 .debug_frame   0x00001a18       0x28 c:/program files (x86)/cypress/psoc creator/4.4/psoc creator/import/gnu/arm/5.4.1/bin/../lib/gcc/arm-none-eabi/5.4.1/../../../../arm-none-eabi/lib/armv7-m\libg_nano.a(lib_a-memchr-stub.o)
 .debug_frame   0x00001a40      0x234 c:/program files (x86)/cypress/psoc creator/4.4/psoc creator/import/gnu/arm/5.4.1/bin/../lib/gcc/arm-none-eabi/5.4.1/../../../../arm-none-eabi/lib/armv7-m\libg_nano.a(lib_a-mprec.o)
 .debug_frame   0x00001c74       0x2c c:/program files (x86)/cypress/psoc creator/4.4/psoc creator/import/gnu/arm/5.4.1/bin/../lib/gcc/arm-none-eabi/5.4.1/../../../../arm-none-eabi/lib/armv7-m\libg_nano.a(lib_a-nano-callocr.o)
 .debug_frame   0x00001ca0       0x38 c:/program files (x86)/cypress/psoc creator/4.4/psoc creator/import/gnu/arm/5.4.1/bin/../lib/gcc/arm-none-eabi/5.4.1/../../../../arm-none-eabi/lib/armv7-m\libg_nano.a(lib_a-nano-freer.o)
 .debug_frame   0x00001cd8       0x2c c:/program files (x86)/cypress/psoc creator/4.4/psoc creator/import/gnu/arm/5.4.1/bin/../lib/gcc/arm-none-eabi/5.4.1/../../../../arm-none-eabi/lib/armv7-m\libg_nano.a(lib_a-nano-mallocr.o)
 .debug_frame   0x00001d04       0x90 c:/program files (x86)/cypress/psoc creator/4.4/psoc creator/import/gnu/arm/5.4.1/bin/../lib/gcc/arm-none-eabi/5.4.1/../../../../arm-none-eabi/lib/armv7-m\libg_nano.a(lib_a-nano-svfprintf.o)
 .debug_frame   0x00001d94       0x2c c:/program files (x86)/cypress/psoc creator/4.4/psoc creator/import/gnu/arm/5.4.1/bin/../lib/gcc/arm-none-eabi/5.4.1/../../../../arm-none-eabi/lib/armv7-m\libg_nano.a(lib_a-sbrkr.o)
 .debug_frame   0x00001dc0       0x20 c:/program files (x86)/cypress/psoc creator/4.4/psoc creator/import/gnu/arm/5.4.1/bin/../lib/gcc/arm-none-eabi/5.4.1/../../../../arm-none-eabi/lib/armv7-m\libg_nano.a(lib_a-strcmp.o)
 .debug_frame   0x00001de0       0x28 c:/program files (x86)/cypress/psoc creator/4.4/psoc creator/import/gnu/arm/5.4.1/bin/../lib/gcc/arm-none-eabi/5.4.1/../../../../arm-none-eabi/lib/armv7-m\libg_nano.a(lib_a-memmove.o)
 .debug_frame   0x00001e08       0x30 c:/program files (x86)/cypress/psoc creator/4.4/psoc creator/import/gnu/arm/5.4.1/bin/../lib/gcc/arm-none-eabi/5.4.1/../../../../arm-none-eabi/lib/armv7-m\libg_nano.a(lib_a-mlock.o)
 .debug_frame   0x00001e38       0x3c c:/program files (x86)/cypress/psoc creator/4.4/psoc creator/import/gnu/arm/5.4.1/bin/../lib/gcc/arm-none-eabi/5.4.1/../../../../arm-none-eabi/lib/armv7-m\libg_nano.a(lib_a-nano-reallocr.o)
 .debug_frame   0x00001e74       0x5c c:/program files (x86)/cypress/psoc creator/4.4/psoc creator/import/gnu/arm/5.4.1/bin/../lib/gcc/arm-none-eabi/5.4.1/../../../../arm-none-eabi/lib/armv7-m\libg_nano.a(lib_a-reent.o)
 .debug_frame   0x00001ed0       0x20 c:/program files (x86)/cypress/psoc creator/4.4/psoc creator/import/gnu/arm/5.4.1/bin/../lib/gcc/arm-none-eabi/5.4.1/../../../../arm-none-eabi/lib/armv7-m\libg_nano.a(lib_a-nano-msizer.o)

.debug_str      0x00000000     0x1ee0
 *(.debug_str)
 .debug_str     0x00000000      0x3f0 .\CortexM3\ARM_GCC_541\Debug\main.o
                                0x449 (size before relaxing)
 .debug_str     0x000003f0      0x1bc .\CortexM3\ARM_GCC_541\Debug\cyfitter_cfg.o
                                0x37f (size before relaxing)
 .debug_str     0x000005ac       0x75 .\CortexM3\ARM_GCC_541\Debug\cymetadata.o
                                0x21f (size before relaxing)
 .debug_str     0x00000621      0x144 .\CortexM3\ARM_GCC_541\Debug\Cm3Start.o
                                0x345 (size before relaxing)
 .debug_str     0x00000765      0x2cb .\CortexM3\ARM_GCC_541\Debug\DC-Motor-PWM_Opg3.a(UART_1.o)
                                0x4ee (size before relaxing)
 .debug_str     0x00000a30      0x13e .\CortexM3\ARM_GCC_541\Debug\DC-Motor-PWM_Opg3.a(isr_uart_rx.o)
                                0x335 (size before relaxing)
 .debug_str     0x00000b6e      0x19d .\CortexM3\ARM_GCC_541\Debug\DC-Motor-PWM_Opg3.a(UART_1_IntClock.o)
                                0x389 (size before relaxing)
 .debug_str     0x00000d0b      0x809 .\CortexM3\ARM_GCC_541\Debug\DC-Motor-PWM_Opg3.a(CyLib.o)
                                0xa82 (size before relaxing)
 .debug_str     0x00001514      0x359 .\CortexM3\ARM_GCC_541\Debug\DC-Motor-PWM_Opg3.a(cyPm.o)
                                0x762 (size before relaxing)
 .debug_str     0x0000186d       0x5e .\CortexM3\ARM_GCC_541\Debug\DC-Motor-PWM_Opg3.a(Pin_A1.o)
                                0x222 (size before relaxing)
 .debug_str     0x000018cb       0x53 .\CortexM3\ARM_GCC_541\Debug\DC-Motor-PWM_Opg3.a(Pin_A2.o)
                                0x222 (size before relaxing)
 .debug_str     0x0000191e       0x53 .\CortexM3\ARM_GCC_541\Debug\DC-Motor-PWM_Opg3.a(Pin_B1.o)
                                0x222 (size before relaxing)
 .debug_str     0x00001971       0x53 .\CortexM3\ARM_GCC_541\Debug\DC-Motor-PWM_Opg3.a(Pin_B2.o)
                                0x222 (size before relaxing)
 .debug_str     0x000019c4      0x13e .\CortexM3\ARM_GCC_541\Debug\DC-Motor-PWM_Opg3.a(Timer_1.o)
                                0x350 (size before relaxing)
 .debug_str     0x00001b02       0x91 .\CortexM3\ARM_GCC_541\Debug\DC-Motor-PWM_Opg3.a(Timer_1_PM.o)
                                0x27c (size before relaxing)
 .debug_str     0x00001b93      0x10c .\CortexM3\ARM_GCC_541\Debug\DC-Motor-PWM_Opg3.a(isr_timer.o)
                                0x319 (size before relaxing)
 .debug_str     0x00001c9f      0x195 .\CortexM3\ARM_GCC_541\Debug\DC-Motor-PWM_Opg3.a(CyFlash.o)
                                0x3dc (size before relaxing)
 .debug_str     0x00001e34       0xac .\CortexM3\ARM_GCC_541\Debug\DC-Motor-PWM_Opg3.a(CySpc.o)
                                0x365 (size before relaxing)

.debug_loc      0x00000000     0x1f70
 *(.debug_loc)
 .debug_loc     0x00000000      0x137 .\CortexM3\ARM_GCC_541\Debug\main.o
 .debug_loc     0x00000137      0x289 .\CortexM3\ARM_GCC_541\Debug\cyfitter_cfg.o
 .debug_loc     0x000003c0      0x144 .\CortexM3\ARM_GCC_541\Debug\Cm3Start.o
 .debug_loc     0x00000504      0x258 .\CortexM3\ARM_GCC_541\Debug\DC-Motor-PWM_Opg3.a(UART_1.o)
 .debug_loc     0x0000075c       0x56 .\CortexM3\ARM_GCC_541\Debug\DC-Motor-PWM_Opg3.a(isr_uart_rx.o)
 .debug_loc     0x000007b2      0x12c .\CortexM3\ARM_GCC_541\Debug\DC-Motor-PWM_Opg3.a(UART_1_IntClock.o)
 .debug_loc     0x000008de      0xa11 .\CortexM3\ARM_GCC_541\Debug\DC-Motor-PWM_Opg3.a(CyLib.o)
 .debug_loc     0x000012ef      0x1e4 .\CortexM3\ARM_GCC_541\Debug\DC-Motor-PWM_Opg3.a(cyPm.o)
 .debug_loc     0x000014d3       0x42 .\CortexM3\ARM_GCC_541\Debug\DC-Motor-PWM_Opg3.a(Pin_A1.o)
 .debug_loc     0x00001515       0x42 .\CortexM3\ARM_GCC_541\Debug\DC-Motor-PWM_Opg3.a(Pin_A2.o)
 .debug_loc     0x00001557       0x42 .\CortexM3\ARM_GCC_541\Debug\DC-Motor-PWM_Opg3.a(Pin_B1.o)
 .debug_loc     0x00001599       0x42 .\CortexM3\ARM_GCC_541\Debug\DC-Motor-PWM_Opg3.a(Pin_B2.o)
 .debug_loc     0x000015db       0x56 .\CortexM3\ARM_GCC_541\Debug\DC-Motor-PWM_Opg3.a(isr_timer.o)
 .debug_loc     0x00001631      0x2f2 .\CortexM3\ARM_GCC_541\Debug\DC-Motor-PWM_Opg3.a(CyFlash.o)
 .debug_loc     0x00001923      0x64d .\CortexM3\ARM_GCC_541\Debug\DC-Motor-PWM_Opg3.a(CySpc.o)

.debug_macinfo
 *(.debug_macinfo)

.debug_ranges   0x00000000      0x830
 *(.debug_ranges)
 .debug_ranges  0x00000000       0x60 .\CortexM3\ARM_GCC_541\Debug\main.o
 .debug_ranges  0x00000060       0x48 .\CortexM3\ARM_GCC_541\Debug\cyfitter_cfg.o
 .debug_ranges  0x000000a8       0x38 .\CortexM3\ARM_GCC_541\Debug\Cm3Start.o
 .debug_ranges  0x000000e0       0xe0 .\CortexM3\ARM_GCC_541\Debug\DC-Motor-PWM_Opg3.a(UART_1.o)
 .debug_ranges  0x000001c0       0x70 .\CortexM3\ARM_GCC_541\Debug\DC-Motor-PWM_Opg3.a(isr_uart_rx.o)
 .debug_ranges  0x00000230       0x60 .\CortexM3\ARM_GCC_541\Debug\DC-Motor-PWM_Opg3.a(UART_1_IntClock.o)
 .debug_ranges  0x00000290      0x290 .\CortexM3\ARM_GCC_541\Debug\DC-Motor-PWM_Opg3.a(CyLib.o)
 .debug_ranges  0x00000520       0x88 .\CortexM3\ARM_GCC_541\Debug\DC-Motor-PWM_Opg3.a(cyPm.o)
 .debug_ranges  0x000005a8       0x28 .\CortexM3\ARM_GCC_541\Debug\DC-Motor-PWM_Opg3.a(Pin_A1.o)
 .debug_ranges  0x000005d0       0x28 .\CortexM3\ARM_GCC_541\Debug\DC-Motor-PWM_Opg3.a(Pin_A2.o)
 .debug_ranges  0x000005f8       0x28 .\CortexM3\ARM_GCC_541\Debug\DC-Motor-PWM_Opg3.a(Pin_B1.o)
 .debug_ranges  0x00000620       0x28 .\CortexM3\ARM_GCC_541\Debug\DC-Motor-PWM_Opg3.a(Pin_B2.o)
 .debug_ranges  0x00000648       0x78 .\CortexM3\ARM_GCC_541\Debug\DC-Motor-PWM_Opg3.a(Timer_1.o)
 .debug_ranges  0x000006c0       0x28 .\CortexM3\ARM_GCC_541\Debug\DC-Motor-PWM_Opg3.a(Timer_1_PM.o)
 .debug_ranges  0x000006e8       0x70 .\CortexM3\ARM_GCC_541\Debug\DC-Motor-PWM_Opg3.a(isr_timer.o)
 .debug_ranges  0x00000758       0x70 .\CortexM3\ARM_GCC_541\Debug\DC-Motor-PWM_Opg3.a(CyFlash.o)
 .debug_ranges  0x000007c8       0x68 .\CortexM3\ARM_GCC_541\Debug\DC-Motor-PWM_Opg3.a(CySpc.o)

.comment        0x00000000       0x6e
 .comment       0x00000000       0x6e .\CortexM3\ARM_GCC_541\Debug\main.o
                                 0x6f (size before relaxing)
 .comment       0x0000006e       0x6f .\CortexM3\ARM_GCC_541\Debug\cyfitter_cfg.o
 .comment       0x0000006e       0x6f .\CortexM3\ARM_GCC_541\Debug\cymetadata.o
 .comment       0x0000006e       0x6f .\CortexM3\ARM_GCC_541\Debug\Cm3Start.o
 .comment       0x0000006e       0x6f .\CortexM3\ARM_GCC_541\Debug\DC-Motor-PWM_Opg3.a(UART_1.o)
 .comment       0x0000006e       0x6f .\CortexM3\ARM_GCC_541\Debug\DC-Motor-PWM_Opg3.a(isr_uart_rx.o)
 .comment       0x0000006e       0x6f .\CortexM3\ARM_GCC_541\Debug\DC-Motor-PWM_Opg3.a(UART_1_IntClock.o)
 .comment       0x0000006e       0x6f .\CortexM3\ARM_GCC_541\Debug\DC-Motor-PWM_Opg3.a(CyLib.o)
 .comment       0x0000006e       0x6f .\CortexM3\ARM_GCC_541\Debug\DC-Motor-PWM_Opg3.a(cyPm.o)
 .comment       0x0000006e       0x6f .\CortexM3\ARM_GCC_541\Debug\DC-Motor-PWM_Opg3.a(Pin_A1.o)
 .comment       0x0000006e       0x6f .\CortexM3\ARM_GCC_541\Debug\DC-Motor-PWM_Opg3.a(Pin_A2.o)
 .comment       0x0000006e       0x6f .\CortexM3\ARM_GCC_541\Debug\DC-Motor-PWM_Opg3.a(Pin_B1.o)
 .comment       0x0000006e       0x6f .\CortexM3\ARM_GCC_541\Debug\DC-Motor-PWM_Opg3.a(Pin_B2.o)
 .comment       0x0000006e       0x6f .\CortexM3\ARM_GCC_541\Debug\DC-Motor-PWM_Opg3.a(Timer_1.o)
 .comment       0x0000006e       0x6f .\CortexM3\ARM_GCC_541\Debug\DC-Motor-PWM_Opg3.a(Timer_1_PM.o)
 .comment       0x0000006e       0x6f .\CortexM3\ARM_GCC_541\Debug\DC-Motor-PWM_Opg3.a(isr_timer.o)
 .comment       0x0000006e       0x6f .\CortexM3\ARM_GCC_541\Debug\DC-Motor-PWM_Opg3.a(CyFlash.o)
 .comment       0x0000006e       0x6f .\CortexM3\ARM_GCC_541\Debug\DC-Motor-PWM_Opg3.a(CySpc.o)

.debug_weaknames
 *(.debug_weaknames)

.debug_funcnames
 *(.debug_funcnames)

.debug_typenames
 *(.debug_typenames)

.debug_varnames
 *(.debug_varnames)

.note.gnu.arm.ident
 *(.note.gnu.arm.ident)

.ARM.attributes
                0x00000000       0x29
 *(.ARM.attributes)
 .ARM.attributes
                0x00000000       0x1d c:/program files (x86)/cypress/psoc creator/4.4/psoc creator/import/gnu/arm/5.4.1/bin/../lib/gcc/arm-none-eabi/5.4.1/armv7-m/crti.o
 .ARM.attributes
                0x0000001d       0x2d c:/program files (x86)/cypress/psoc creator/4.4/psoc creator/import/gnu/arm/5.4.1/bin/../lib/gcc/arm-none-eabi/5.4.1/armv7-m/crtbegin.o
 .ARM.attributes
                0x0000004a       0x1b c:/program files (x86)/cypress/psoc creator/4.4/psoc creator/import/gnu/arm/5.4.1/bin/../lib/gcc/arm-none-eabi/5.4.1/../../../../arm-none-eabi/lib/armv7-m/crt0.o
 .ARM.attributes
                0x00000065       0x33 .\CortexM3\ARM_GCC_541\Debug\main.o
 .ARM.attributes
                0x00000098       0x33 .\CortexM3\ARM_GCC_541\Debug\cyfitter_cfg.o
 .ARM.attributes
                0x000000cb       0x33 .\CortexM3\ARM_GCC_541\Debug\cymetadata.o
 .ARM.attributes
                0x000000fe       0x33 .\CortexM3\ARM_GCC_541\Debug\Cm3Start.o
 .ARM.attributes
                0x00000131       0x33 .\CortexM3\ARM_GCC_541\Debug\DC-Motor-PWM_Opg3.a(UART_1.o)
 .ARM.attributes
                0x00000164       0x33 .\CortexM3\ARM_GCC_541\Debug\DC-Motor-PWM_Opg3.a(isr_uart_rx.o)
 .ARM.attributes
                0x00000197       0x33 .\CortexM3\ARM_GCC_541\Debug\DC-Motor-PWM_Opg3.a(UART_1_IntClock.o)
 .ARM.attributes
                0x000001ca       0x33 .\CortexM3\ARM_GCC_541\Debug\DC-Motor-PWM_Opg3.a(CyLib.o)
 .ARM.attributes
                0x000001fd       0x33 .\CortexM3\ARM_GCC_541\Debug\DC-Motor-PWM_Opg3.a(cyPm.o)
 .ARM.attributes
                0x00000230       0x33 .\CortexM3\ARM_GCC_541\Debug\DC-Motor-PWM_Opg3.a(Pin_A1.o)
 .ARM.attributes
                0x00000263       0x33 .\CortexM3\ARM_GCC_541\Debug\DC-Motor-PWM_Opg3.a(Pin_A2.o)
 .ARM.attributes
                0x00000296       0x33 .\CortexM3\ARM_GCC_541\Debug\DC-Motor-PWM_Opg3.a(Pin_B1.o)
 .ARM.attributes
                0x000002c9       0x33 .\CortexM3\ARM_GCC_541\Debug\DC-Motor-PWM_Opg3.a(Pin_B2.o)
 .ARM.attributes
                0x000002fc       0x33 .\CortexM3\ARM_GCC_541\Debug\DC-Motor-PWM_Opg3.a(Timer_1.o)
 .ARM.attributes
                0x0000032f       0x33 .\CortexM3\ARM_GCC_541\Debug\DC-Motor-PWM_Opg3.a(Timer_1_PM.o)
 .ARM.attributes
                0x00000362       0x33 .\CortexM3\ARM_GCC_541\Debug\DC-Motor-PWM_Opg3.a(isr_timer.o)
 .ARM.attributes
                0x00000395       0x21 .\CortexM3\ARM_GCC_541\Debug\DC-Motor-PWM_Opg3.a(CyBootAsmGnu.o)
 .ARM.attributes
                0x000003b6       0x33 .\CortexM3\ARM_GCC_541\Debug\DC-Motor-PWM_Opg3.a(CyFlash.o)
 .ARM.attributes
                0x000003e9       0x33 .\CortexM3\ARM_GCC_541\Debug\DC-Motor-PWM_Opg3.a(CySpc.o)
 .ARM.attributes
                0x0000041c       0x1d c:/program files (x86)/cypress/psoc creator/4.4/psoc creator/import/gnu/arm/5.4.1/bin/../lib/gcc/arm-none-eabi/5.4.1/armv7-m\libgcc.a(_arm_addsubsf3.o)
 .ARM.attributes
                0x00000439       0x1d c:/program files (x86)/cypress/psoc creator/4.4/psoc creator/import/gnu/arm/5.4.1/bin/../lib/gcc/arm-none-eabi/5.4.1/armv7-m\libgcc.a(_arm_muldivsf3.o)
 .ARM.attributes
                0x00000456       0x1d c:/program files (x86)/cypress/psoc creator/4.4/psoc creator/import/gnu/arm/5.4.1/bin/../lib/gcc/arm-none-eabi/5.4.1/armv7-m\libgcc.a(_arm_fixunssfsi.o)
 .ARM.attributes
                0x00000473       0x2d c:/program files (x86)/cypress/psoc creator/4.4/psoc creator/import/gnu/arm/5.4.1/bin/../lib/gcc/arm-none-eabi/5.4.1/../../../../arm-none-eabi/lib/armv7-m\libg_nano.a(lib_a-errno.o)
 .ARM.attributes
                0x000004a0       0x2d c:/program files (x86)/cypress/psoc creator/4.4/psoc creator/import/gnu/arm/5.4.1/bin/../lib/gcc/arm-none-eabi/5.4.1/../../../../arm-none-eabi/lib/armv7-m\libg_nano.a(lib_a-exit.o)
 .ARM.attributes
                0x000004cd       0x2d c:/program files (x86)/cypress/psoc creator/4.4/psoc creator/import/gnu/arm/5.4.1/bin/../lib/gcc/arm-none-eabi/5.4.1/../../../../arm-none-eabi/lib/armv7-m\libg_nano.a(lib_a-impure.o)
 .ARM.attributes
                0x000004fa       0x2d c:/program files (x86)/cypress/psoc creator/4.4/psoc creator/import/gnu/arm/5.4.1/bin/../lib/gcc/arm-none-eabi/5.4.1/../../../../arm-none-eabi/lib/armv7-m\libg_nano.a(lib_a-init.o)
 .ARM.attributes
                0x00000527       0x2d c:/program files (x86)/cypress/psoc creator/4.4/psoc creator/import/gnu/arm/5.4.1/bin/../lib/gcc/arm-none-eabi/5.4.1/../../../../arm-none-eabi/lib/armv7-m\libg_nano.a(lib_a-memcpy-stub.o)
 .ARM.attributes
                0x00000554       0x2d c:/program files (x86)/cypress/psoc creator/4.4/psoc creator/import/gnu/arm/5.4.1/bin/../lib/gcc/arm-none-eabi/5.4.1/../../../../arm-none-eabi/lib/armv7-m\libg_nano.a(lib_a-memset.o)
 .ARM.attributes
                0x00000581       0x2d c:/program files (x86)/cypress/psoc creator/4.4/psoc creator/import/gnu/arm/5.4.1/bin/../lib/gcc/arm-none-eabi/5.4.1/../../../../arm-none-eabi/lib/armv7-m\libg_nano.a(lib_a-nano-vfprintf_float.o)
 .ARM.attributes
                0x000005ae       0x2d c:/program files (x86)/cypress/psoc creator/4.4/psoc creator/import/gnu/arm/5.4.1/bin/../lib/gcc/arm-none-eabi/5.4.1/../../../../arm-none-eabi/lib/armv7-m\libg_nano.a(lib_a-nano-vfprintf_i.o)
 .ARM.attributes
                0x000005db       0x2d c:/program files (x86)/cypress/psoc creator/4.4/psoc creator/import/gnu/arm/5.4.1/bin/../lib/gcc/arm-none-eabi/5.4.1/../../../../arm-none-eabi/lib/armv7-m\libg_nano.a(lib_a-snprintf.o)
 .ARM.attributes
                0x00000608       0x17 c:/program files (x86)/cypress/psoc creator/4.4/psoc creator/import/gnu/arm/5.4.1/bin/../lib/gcc/arm-none-eabi/5.4.1/../../../../arm-none-eabi/lib/armv7-m\libg_nano.a(lib_a-strlen.o)
 .ARM.attributes
                0x0000061f       0x2d c:/program files (x86)/cypress/psoc creator/4.4/psoc creator/import/gnu/arm/5.4.1/bin/../lib/gcc/arm-none-eabi/5.4.1/../../../../arm-none-eabi/lib/armv7-m\libg_nano.a(lib_a-dtoa.o)
 .ARM.attributes
                0x0000064c       0x2d c:/program files (x86)/cypress/psoc creator/4.4/psoc creator/import/gnu/arm/5.4.1/bin/../lib/gcc/arm-none-eabi/5.4.1/../../../../arm-none-eabi/lib/armv7-m\libg_nano.a(lib_a-locale.o)
 .ARM.attributes
                0x00000679       0x2d c:/program files (x86)/cypress/psoc creator/4.4/psoc creator/import/gnu/arm/5.4.1/bin/../lib/gcc/arm-none-eabi/5.4.1/../../../../arm-none-eabi/lib/armv7-m\libg_nano.a(lib_a-malloc.o)
 .ARM.attributes
                0x000006a6       0x2d c:/program files (x86)/cypress/psoc creator/4.4/psoc creator/import/gnu/arm/5.4.1/bin/../lib/gcc/arm-none-eabi/5.4.1/../../../../arm-none-eabi/lib/armv7-m\libg_nano.a(lib_a-memchr-stub.o)
 .ARM.attributes
                0x000006d3       0x2d c:/program files (x86)/cypress/psoc creator/4.4/psoc creator/import/gnu/arm/5.4.1/bin/../lib/gcc/arm-none-eabi/5.4.1/../../../../arm-none-eabi/lib/armv7-m\libg_nano.a(lib_a-mprec.o)
 .ARM.attributes
                0x00000700       0x2d c:/program files (x86)/cypress/psoc creator/4.4/psoc creator/import/gnu/arm/5.4.1/bin/../lib/gcc/arm-none-eabi/5.4.1/../../../../arm-none-eabi/lib/armv7-m\libg_nano.a(lib_a-nano-callocr.o)
 .ARM.attributes
                0x0000072d       0x2d c:/program files (x86)/cypress/psoc creator/4.4/psoc creator/import/gnu/arm/5.4.1/bin/../lib/gcc/arm-none-eabi/5.4.1/../../../../arm-none-eabi/lib/armv7-m\libg_nano.a(lib_a-nano-freer.o)
 .ARM.attributes
                0x0000075a       0x2d c:/program files (x86)/cypress/psoc creator/4.4/psoc creator/import/gnu/arm/5.4.1/bin/../lib/gcc/arm-none-eabi/5.4.1/../../../../arm-none-eabi/lib/armv7-m\libg_nano.a(lib_a-nano-mallocr.o)
 .ARM.attributes
                0x00000787       0x2d c:/program files (x86)/cypress/psoc creator/4.4/psoc creator/import/gnu/arm/5.4.1/bin/../lib/gcc/arm-none-eabi/5.4.1/../../../../arm-none-eabi/lib/armv7-m\libg_nano.a(lib_a-nano-svfprintf.o)
 .ARM.attributes
                0x000007b4       0x2d c:/program files (x86)/cypress/psoc creator/4.4/psoc creator/import/gnu/arm/5.4.1/bin/../lib/gcc/arm-none-eabi/5.4.1/../../../../arm-none-eabi/lib/armv7-m\libg_nano.a(lib_a-sbrkr.o)
 .ARM.attributes
                0x000007e1       0x1b c:/program files (x86)/cypress/psoc creator/4.4/psoc creator/import/gnu/arm/5.4.1/bin/../lib/gcc/arm-none-eabi/5.4.1/../../../../arm-none-eabi/lib/armv7-m\libg_nano.a(lib_a-strcmp.o)
 .ARM.attributes
                0x000007fc       0x2d c:/program files (x86)/cypress/psoc creator/4.4/psoc creator/import/gnu/arm/5.4.1/bin/../lib/gcc/arm-none-eabi/5.4.1/../../../../arm-none-eabi/lib/armv7-m\libg_nano.a(lib_a-memmove.o)
 .ARM.attributes
                0x00000829       0x2d c:/program files (x86)/cypress/psoc creator/4.4/psoc creator/import/gnu/arm/5.4.1/bin/../lib/gcc/arm-none-eabi/5.4.1/../../../../arm-none-eabi/lib/armv7-m\libg_nano.a(lib_a-mlock.o)
 .ARM.attributes
                0x00000856       0x2d c:/program files (x86)/cypress/psoc creator/4.4/psoc creator/import/gnu/arm/5.4.1/bin/../lib/gcc/arm-none-eabi/5.4.1/../../../../arm-none-eabi/lib/armv7-m\libg_nano.a(lib_a-nano-reallocr.o)
 .ARM.attributes
                0x00000883       0x2d c:/program files (x86)/cypress/psoc creator/4.4/psoc creator/import/gnu/arm/5.4.1/bin/../lib/gcc/arm-none-eabi/5.4.1/../../../../arm-none-eabi/lib/armv7-m\libg_nano.a(lib_a-reent.o)
 .ARM.attributes
                0x000008b0       0x2d c:/program files (x86)/cypress/psoc creator/4.4/psoc creator/import/gnu/arm/5.4.1/bin/../lib/gcc/arm-none-eabi/5.4.1/../../../../arm-none-eabi/lib/armv7-m\libg_nano.a(lib_a-nano-msizer.o)
 .ARM.attributes
                0x000008dd       0x1d c:/program files (x86)/cypress/psoc creator/4.4/psoc creator/import/gnu/arm/5.4.1/bin/../lib/gcc/arm-none-eabi/5.4.1/armv7-m\libgcc.a(_arm_addsubdf3.o)
 .ARM.attributes
                0x000008fa       0x1d c:/program files (x86)/cypress/psoc creator/4.4/psoc creator/import/gnu/arm/5.4.1/bin/../lib/gcc/arm-none-eabi/5.4.1/armv7-m\libgcc.a(_arm_muldivdf3.o)
 .ARM.attributes
                0x00000917       0x1d c:/program files (x86)/cypress/psoc creator/4.4/psoc creator/import/gnu/arm/5.4.1/bin/../lib/gcc/arm-none-eabi/5.4.1/armv7-m\libgcc.a(_arm_cmpdf2.o)
 .ARM.attributes
                0x00000934       0x1d c:/program files (x86)/cypress/psoc creator/4.4/psoc creator/import/gnu/arm/5.4.1/bin/../lib/gcc/arm-none-eabi/5.4.1/armv7-m\libgcc.a(_arm_unorddf2.o)
 .ARM.attributes
                0x00000951       0x1d c:/program files (x86)/cypress/psoc creator/4.4/psoc creator/import/gnu/arm/5.4.1/bin/../lib/gcc/arm-none-eabi/5.4.1/armv7-m\libgcc.a(_arm_fixdfsi.o)
 .ARM.attributes
                0x0000096e       0x2d c:/program files (x86)/cypress/psoc creator/4.4/psoc creator/import/gnu/arm/5.4.1/bin/../lib/gcc/arm-none-eabi/5.4.1/armv7-m/crtend.o
 .ARM.attributes
                0x0000099b       0x1d c:/program files (x86)/cypress/psoc creator/4.4/psoc creator/import/gnu/arm/5.4.1/bin/../lib/gcc/arm-none-eabi/5.4.1/armv7-m/crtn.o

/DISCARD/
 *(.note.GNU-stack)
OUTPUT(C:\Users\esben\OneDrive - Aarhus universitet\GFV Afleveringer\Aflevering 1 - DC-motor\DC_Motor_grp42\DC-Motor-PWM_Opg3.cydsn\CortexM3\ARM_GCC_541\Debug\DC-Motor-PWM_Opg3.elf elf32-littlearm)
