Archive member included to satisfy reference by file (symbol)

.\CortexM3\ARM_GCC_541\Debug\DC-Motor-PWM_Opg3.a(UART_1.o)
                              .\CortexM3\ARM_GCC_541\Debug\main.o (UART_1_Start)
.\CortexM3\ARM_GCC_541\Debug\DC-Motor-PWM_Opg3.a(isr_uart_rx.o)
                              .\CortexM3\ARM_GCC_541\Debug\main.o (isr_uart_rx_StartEx)
.\CortexM3\ARM_GCC_541\Debug\DC-Motor-PWM_Opg3.a(UART_1_IntClock.o)
                              .\CortexM3\ARM_GCC_541\Debug\DC-Motor-PWM_Opg3.a(UART_1.o) (UART_1_IntClock_Start)
.\CortexM3\ARM_GCC_541\Debug\DC-Motor-PWM_Opg3.a(CyLib.o)
                              .\CortexM3\ARM_GCC_541\Debug\Cm3Start.o (CyHalt)
.\CortexM3\ARM_GCC_541\Debug\DC-Motor-PWM_Opg3.a(cyPm.o)
                              .\CortexM3\ARM_GCC_541\Debug\DC-Motor-PWM_Opg3.a(CyLib.o) (CyPmReadStatus)
.\CortexM3\ARM_GCC_541\Debug\DC-Motor-PWM_Opg3.a(Pin_A1.o)
                              .\CortexM3\ARM_GCC_541\Debug\main.o (Pin_A1_Write)
.\CortexM3\ARM_GCC_541\Debug\DC-Motor-PWM_Opg3.a(Pin_A2.o)
                              .\CortexM3\ARM_GCC_541\Debug\main.o (Pin_A2_Write)
.\CortexM3\ARM_GCC_541\Debug\DC-Motor-PWM_Opg3.a(Pin_B1.o)
                              .\CortexM3\ARM_GCC_541\Debug\main.o (Pin_B1_Write)
.\CortexM3\ARM_GCC_541\Debug\DC-Motor-PWM_Opg3.a(Pin_B2.o)
                              .\CortexM3\ARM_GCC_541\Debug\main.o (Pin_B2_Write)
.\CortexM3\ARM_GCC_541\Debug\DC-Motor-PWM_Opg3.a(Timer_1.o)
                              .\CortexM3\ARM_GCC_541\Debug\main.o (Timer_1_ReadPeriod)
.\CortexM3\ARM_GCC_541\Debug\DC-Motor-PWM_Opg3.a(Timer_1_PM.o)
                              .\CortexM3\ARM_GCC_541\Debug\main.o (Timer_1_Sleep)
.\CortexM3\ARM_GCC_541\Debug\DC-Motor-PWM_Opg3.a(isr_timer.o)
                              .\CortexM3\ARM_GCC_541\Debug\main.o (isr_timer_StartEx)
.\CortexM3\ARM_GCC_541\Debug\DC-Motor-PWM_Opg3.a(CyBootAsmGnu.o)
                              .\CortexM3\ARM_GCC_541\Debug\cyfitter_cfg.o (CyDelayCycles)
.\CortexM3\ARM_GCC_541\Debug\DC-Motor-PWM_Opg3.a(CyFlash.o)
                              .\CortexM3\ARM_GCC_541\Debug\DC-Motor-PWM_Opg3.a(cyPm.o) (CyFlash_SetWaitCycles)
.\CortexM3\ARM_GCC_541\Debug\DC-Motor-PWM_Opg3.a(CySpc.o)
                              .\CortexM3\ARM_GCC_541\Debug\DC-Motor-PWM_Opg3.a(CyFlash.o) (CySpcStart)
c:/program files (x86)/cypress/psoc creator/4.4/psoc creator/import/gnu/arm/5.4.1/bin/../lib/gcc/arm-none-eabi/5.4.1/armv7-m\libgcc.a(_arm_addsubsf3.o)
                              .\CortexM3\ARM_GCC_541\Debug\main.o (__aeabi_i2f)
c:/program files (x86)/cypress/psoc creator/4.4/psoc creator/import/gnu/arm/5.4.1/bin/../lib/gcc/arm-none-eabi/5.4.1/armv7-m\libgcc.a(_arm_muldivsf3.o)
                              .\CortexM3\ARM_GCC_541\Debug\main.o (__aeabi_fmul)
c:/program files (x86)/cypress/psoc creator/4.4/psoc creator/import/gnu/arm/5.4.1/bin/../lib/gcc/arm-none-eabi/5.4.1/armv7-m\libgcc.a(_arm_fixunssfsi.o)
                              .\CortexM3\ARM_GCC_541\Debug\main.o (__aeabi_f2uiz)
c:/program files (x86)/cypress/psoc creator/4.4/psoc creator/import/gnu/arm/5.4.1/bin/../lib/gcc/arm-none-eabi/5.4.1/../../../../arm-none-eabi/lib/armv7-m\libg_nano.a(lib_a-errno.o)
                              .\CortexM3\ARM_GCC_541\Debug\Cm3Start.o (__errno)
c:/program files (x86)/cypress/psoc creator/4.4/psoc creator/import/gnu/arm/5.4.1/bin/../lib/gcc/arm-none-eabi/5.4.1/../../../../arm-none-eabi/lib/armv7-m\libg_nano.a(lib_a-exit.o)
                              c:/program files (x86)/cypress/psoc creator/4.4/psoc creator/import/gnu/arm/5.4.1/bin/../lib/gcc/arm-none-eabi/5.4.1/../../../../arm-none-eabi/lib/armv7-m/crt0.o (exit)
c:/program files (x86)/cypress/psoc creator/4.4/psoc creator/import/gnu/arm/5.4.1/bin/../lib/gcc/arm-none-eabi/5.4.1/../../../../arm-none-eabi/lib/armv7-m\libg_nano.a(lib_a-impure.o)
                              c:/program files (x86)/cypress/psoc creator/4.4/psoc creator/import/gnu/arm/5.4.1/bin/../lib/gcc/arm-none-eabi/5.4.1/../../../../arm-none-eabi/lib/armv7-m\libg_nano.a(lib_a-exit.o) (_global_impure_ptr)
c:/program files (x86)/cypress/psoc creator/4.4/psoc creator/import/gnu/arm/5.4.1/bin/../lib/gcc/arm-none-eabi/5.4.1/../../../../arm-none-eabi/lib/armv7-m\libg_nano.a(lib_a-init.o)
                              c:/program files (x86)/cypress/psoc creator/4.4/psoc creator/import/gnu/arm/5.4.1/bin/../lib/gcc/arm-none-eabi/5.4.1/../../../../arm-none-eabi/lib/armv7-m/crt0.o (__libc_init_array)
c:/program files (x86)/cypress/psoc creator/4.4/psoc creator/import/gnu/arm/5.4.1/bin/../lib/gcc/arm-none-eabi/5.4.1/../../../../arm-none-eabi/lib/armv7-m\libg_nano.a(lib_a-memcpy-stub.o)
                              .\CortexM3\ARM_GCC_541\Debug\cyfitter_cfg.o (memcpy)
c:/program files (x86)/cypress/psoc creator/4.4/psoc creator/import/gnu/arm/5.4.1/bin/../lib/gcc/arm-none-eabi/5.4.1/../../../../arm-none-eabi/lib/armv7-m\libg_nano.a(lib_a-memset.o)
[...]
Memory Configuration

Name             Origin             Length             Attributes
rom              0x00000000         0x00040000         xr
ram              0x1fff8000         0x00010000         xrw
*default*        0x00000000         0xffffffff

Linker script and memory map

LOAD c:/program files (x86)/cypress/psoc creator/4.4/psoc creator/import/gnu/arm/5.4.1/bin/../lib/gcc/arm-none-eabi/5.4.1/armv7-m/crti.o
LOAD c:/program files (x86)/cypress/psoc creator/4.4/psoc creator/import/gnu/arm/5.4.1/bin/../lib/gcc/arm-none-eabi/5.4.1/armv7-m/crtbegin.o
LOAD c:/program files (x86)/cypress/psoc creator/4.4/psoc creator/import/gnu/arm/5.4.1/bin/../lib/gcc/arm-none-eabi/5.4.1/../../../../arm-none-eabi/lib/armv7-m/crt0.o
START GROUP
LOAD .\CortexM3\ARM_GCC_541\Debug\main.o
LOAD .\CortexM3\ARM_GCC_541\Debug\cyfitter_cfg.o
LOAD .\CortexM3\ARM_GCC_541\Debug\cymetadata.o
LOAD .\CortexM3\ARM_GCC_541\Debug\Cm3Start.o
LOAD .\CortexM3\ARM_GCC_541\Debug\DC-Motor-PWM_Opg3.a
LOAD C:\Program Files (x86)\Cypress\PSoC Creator\4.4\PSoC Creator\psoc\content\cycomponentlibrary\CyComponentLibrary.cylib\CortexM3\ARM_GCC_541\Debug\CyComponentLibrary.a
END GROUP
START GROUP
LOAD c:/program files (x86)/cypress/psoc creator/4.4/psoc creator/import/gnu/arm/5.4.1/bin/../lib/gcc/arm-none-eabi/5.4.1/armv7-m\libgcc.a
LOAD c:/program files (x86)/cypress/psoc creator/4.4/psoc creator/import/gnu/arm/5.4.1/bin/../lib/gcc/arm-none-eabi/5.4.1/../../../../arm-none-eabi/lib/armv7-m\libg_nano.a
LOAD c:/program files (x86)/cypress/psoc creator/4.4/psoc creator/import/gnu/arm/5.4.1/bin/../lib/gcc/arm-none-eabi/5.4.1/../../../../arm-none-eabi/lib/armv7-m\libc_nano.a
END GROUP
START GROUP
LOAD c:/program files (x86)/cypress/psoc creator/4.4/psoc creator/import/gnu/arm/5.4.1/bin/../lib/gcc/arm-none-eabi/5.4.1/armv7-m\libgcc.a
LOAD c:/program files (x86)/cypress/psoc creator/4.4/psoc creator/import/gnu/arm/5.4.1/bin/../lib/gcc/arm-none-eabi/5.4.1/../../../../arm-none-eabi/lib/armv7-m\libc_nano.a
END GROUP
LOAD c:/program files (x86)/cypress/psoc creator/4.4/psoc creator/import/gnu/arm/5.4.1/bin/../lib/gcc/arm-none-eabi/5.4.1/armv7-m/crtend.o
LOAD c:/program files (x86)/cypress/psoc creator/4.4/psoc creator/import/gnu/arm/5.4.1/bin/../lib/gcc/arm-none-eabi/5.4.1/armv7-m/crtn.o
START GROUP
LOAD c:/program files (x86)/cypress/psoc creator/4.4/psoc creator/import/gnu/arm/5.4.1/bin/../lib/gcc/arm-none-eabi/5.4.1/armv7-m\libgcc.a
LOAD c:/program files (x86)/cypress/psoc creator/4.4/psoc creator/import/gnu/arm/5.4.1/bin/../lib/gcc/arm-none-eabi/5.4.1/../../../../arm-none-eabi/lib/armv7-m\libc.a
LOAD c:/program files (x86)/cypress/psoc creator/4.4/psoc creator/import/gnu/arm/5.4.1/bin/../lib/gcc/arm-none-eabi/5.4.1/../../../../arm-none-eabi/lib/armv7-m\libnosys.a
END GROUP
                0x00000000                CY_APPL_ORIGIN = 0x0
                0x00000100                CY_FLASH_ROW_SIZE = 0x100
                0x00000020                CY_ECC_ROW_SIZE = 0x20
                0x00000000                CY_EE_IN_BTLDR = 0x0
                0x00000000                CY_APPL_LOADABLE = 0x0
                0x00000800                CY_EE_SIZE = 0x800
                0x00000001                CY_APPL_NUM = 0x1
                0x00000001                CY_APPL_MAX = 0x1
                0x00000040                CY_METADATA_SIZE = 0x40
                0x00000000                CY_APPL_LOADABLE = 0x0
                0x00000000                CY_CHECKSUM_EXCLUDE_SIZE = ALIGN (0x0, CY_FLASH_ROW_SIZE)
                [!provide]                PROVIDE (__cy_heap_start, _end)
                0x00000001                PROVIDE (__cy_region_num, ((__cy_regions_end - __cy_regions) / 0x10))
                0x20008000                PROVIDE (__cy_stack, (ORIGIN (ram) + LENGTH (ram)))
                [!provide]                PROVIDE (__cy_heap_end, (__cy_stack - 0x800))

.cybootloader   0x00000000        0x0
 *(.cybootloader)
                0x00000000                appl1_start = CY_APPL_ORIGIN?CY_APPL_ORIGIN:ALIGN (CY_FLASH_ROW_SIZE)
                0x0001ff00                appl2_start = (appl1_start + ALIGN ((((LENGTH (rom) - appl1_start) - (0x2 * CY_FLASH_ROW_SIZE)) / 0x2), CY_FLASH_ROW_SIZE))
                0x00000000                appl_start = (CY_APPL_NUM == 0x1)?appl1_start:appl2_start
                0x00000000                ecc_offset = ((appl_start / CY_FLASH_ROW_SIZE) * CY_ECC_ROW_SIZE)
                0x00000000                ee_offset = (CY_APPL_LOADABLE && ! (CY_EE_IN_BTLDR))?((CY_EE_SIZE / CY_APPL_MAX) * (CY_APPL_NUM - 0x1)):0x0
                0x00000800                ee_size = (CY_APPL_LOADABLE && ! (CY_EE_IN_BTLDR))?(CY_EE_SIZE / CY_APPL_MAX):CY_EE_SIZE
                [!provide]                PROVIDE (CY_ECC_OFFSET, ecc_offset)

.text           0x00000000     0x3358
 CREATE_OBJECT_SYMBOLS
                0x00000000                PROVIDE (__cy_interrupt_vector, RomVectors)
 *(.romvectors)
 .romvectors    0x00000000       0x10 .\CortexM3\ARM_GCC_541\Debug\Cm3Start.o
                0x00000000                RomVectors
                0x00000001                ASSERT ((. != __cy_interrupt_vector), No interrupt vector)
                0x00000001                ASSERT (CY_APPL_ORIGIN?(SIZEOF (.cybootloader) <= CY_APPL_ORIGIN):0x1, Wrong image location)
                0x00000010                PROVIDE (__cy_reset, Reset)
 *(.text.Reset)
 .text.Reset    0x00000010       0x18 .\CortexM3\ARM_GCC_541\Debug\Cm3Start.o
                0x00000010                Reset
                0x00000001                ASSERT ((. != __cy_reset), No reset code)
 *(.dma_init)
                0x00000001                ASSERT ((((appl_start + .) <= 0x10000) || 0x1), DMA Init must be within the first 64k of flash)
 *(.text .text.* .gnu.linkonce.t.*)
 .text          0x00000028       0x5c c:/program files (x86)/cypress/psoc creator/4.4/psoc creator/import/gnu/arm/5.4.1/bin/../lib/gcc/arm-none-eabi/5.4.1/armv7-m/crtbegin.o
 .text.ISR_Timer
                0x00000084        0xc .\CortexM3\ARM_GCC_541\Debug\main.o
                0x00000084                ISR_Timer
 .text.decreaseSpeed
                0x00000090       0x30 .\CortexM3\ARM_GCC_541\Debug\main.o
                0x00000090                decreaseSpeed
 .text.increaseSpeed
                0x000000c0       0x30 .\CortexM3\ARM_GCC_541\Debug\main.o
                0x000000c0                increaseSpeed
 .text.driveForwards
                0x000000f0       0x1c .\CortexM3\ARM_GCC_541\Debug\main.o
                0x000000f0                driveForwards
 .text.driveBackwards
                0x0000010c       0x1c .\CortexM3\ARM_GCC_541\Debug\main.o
                0x0000010c                driveBackwards
 .text.stop     0x00000128       0x14 .\CortexM3\ARM_GCC_541\Debug\main.o
                0x00000128                stop
 .text.switchDriveState
                0x0000013c       0x30 .\CortexM3\ARM_GCC_541\Debug\main.o
                0x0000013c                switchDriveState
 .text.handleByteReceived
                0x0000016c       0x44 .\CortexM3\ARM_GCC_541\Debug\main.o
                0x0000016c                handleByteReceived
 .text.ISR_UART_rx_handler
                0x000001b0       0x1c .\CortexM3\ARM_GCC_541\Debug\main.o
                0x000001b0                ISR_UART_rx_handler
 .text.drive    0x000001cc      0x254 .\CortexM3\ARM_GCC_541\Debug\main.o
                0x000001cc                drive
 .text.main     0x00000420       0x74 .\CortexM3\ARM_GCC_541\Debug\main.o
                0x00000420                main
 .text.CyClockStartupError
                0x00000494        0x4 .\CortexM3\ARM_GCC_541\Debug\cyfitter_cfg.o
 .text.cfg_write_bytes32
                0x00000498       0x34 .\CortexM3\ARM_GCC_541\Debug\cyfitter_cfg.o
 .text.AnalogSetDefault
                0x000004cc       0x28 .\CortexM3\ARM_GCC_541\Debug\cyfitter_cfg.o
 .text.CYMEMZERO
                0x000004f4        0xc .\CortexM3\ARM_GCC_541\Debug\cyfitter_cfg.o
 .text.ClockSetup
                0x00000500       0xc8 .\CortexM3\ARM_GCC_541\Debug\cyfitter_cfg.o
 .text.CYCONFIGCPY
                0x000005c8        0x8 .\CortexM3\ARM_GCC_541\Debug\cyfitter_cfg.o
 .text.cyfitter_cfg
                0x000005d0      0x110 .\CortexM3\ARM_GCC_541\Debug\cyfitter_cfg.o
                0x000005d0                cyfitter_cfg
 .text.IntDefaultHandler
                0x000006e0       0x10 .\CortexM3\ARM_GCC_541\Debug\Cm3Start.o
                0x000006e0                IntDefaultHandler
 .text._sbrk    0x000006f0       0x30 .\CortexM3\ARM_GCC_541\Debug\Cm3Start.o
                0x000006f0                _sbrk
 .text.Start_c  0x00000720       0x4c .\CortexM3\ARM_GCC_541\Debug\Cm3Start.o
                0x00000720                Start_c
 .text.initialize_psoc
                0x0000076c       0x68 .\CortexM3\ARM_GCC_541\Debug\Cm3Start.o
                0x0000076c                initialize_psoc
 .text.UART_1_Init
                0x000007d4       0x24 .\CortexM3\ARM_GCC_541\Debug\DC-Motor-PWM_Opg3.a(UART_1.o)
                0x000007d4                UART_1_Init
 .text.UART_1_Enable
                0x000007f8       0x38 .\CortexM3\ARM_GCC_541\Debug\DC-Motor-PWM_Opg3.a(UART_1.o)
                0x000007f8                UART_1_Enable
 .text.UART_1_Start
                0x00000830       0x1c .\CortexM3\ARM_GCC_541\Debug\DC-Motor-PWM_Opg3.a(UART_1.o)
                0x00000830                UART_1_Start
 .text.UART_1_ReadRxData
                0x0000084c        0xc .\CortexM3\ARM_GCC_541\Debug\DC-Motor-PWM_Opg3.a(UART_1.o)
                0x0000084c                UART_1_ReadRxData
 .text.UART_1_GetRxBufferSize
                0x00000858       0x18 .\CortexM3\ARM_GCC_541\Debug\DC-Motor-PWM_Opg3.a(UART_1.o)
                0x00000858                UART_1_GetRxBufferSize
 .text.UART_1_PutChar
                0x00000870       0x18 .\CortexM3\ARM_GCC_541\Debug\DC-Motor-PWM_Opg3.a(UART_1.o)
                0x00000870                UART_1_PutChar
 .text.UART_1_PutString
                0x00000888       0x24 .\CortexM3\ARM_GCC_541\Debug\DC-Motor-PWM_Opg3.a(UART_1.o)
                0x00000888                UART_1_PutString
 .text.isr_uart_rx_SetVector
                0x000008ac        0xc .\CortexM3\ARM_GCC_541\Debug\DC-Motor-PWM_Opg3.a(isr_uart_rx.o)
                0x000008ac                isr_uart_rx_SetVector
 .text.isr_uart_rx_SetPriority
                0x000008b8       0x10 .\CortexM3\ARM_GCC_541\Debug\DC-Motor-PWM_Opg3.a(isr_uart_rx.o)
                0x000008b8                isr_uart_rx_SetPriority
 .text.isr_uart_rx_Enable
                0x000008c8        0xc .\CortexM3\ARM_GCC_541\Debug\DC-Motor-PWM_Opg3.a(isr_uart_rx.o)
                0x000008c8                isr_uart_rx_Enable
 .text.isr_uart_rx_Disable
                0x000008d4        0xc .\CortexM3\ARM_GCC_541\Debug\DC-Motor-PWM_Opg3.a(isr_uart_rx.o)
                0x000008d4                isr_uart_rx_Disable
 .text.isr_uart_rx_StartEx
                0x000008e0       0x1c .\CortexM3\ARM_GCC_541\Debug\DC-Motor-PWM_Opg3.a(isr_uart_rx.o)
                0x000008e0                isr_uart_rx_StartEx
 .text.UART_1_IntClock_Start
                0x000008fc       0x1c .\CortexM3\ARM_GCC_541\Debug\DC-Motor-PWM_Opg3.a(UART_1_IntClock.o)
                0x000008fc                UART_1_IntClock_Start
 .text.Pin_A1_Write
                0x00000918       0x18 .\CortexM3\ARM_GCC_541\Debug\DC-Motor-PWM_Opg3.a(Pin_A1.o)
                0x00000918                Pin_A1_Write
 .text.Pin_A2_Write
                0x00000930       0x18 .\CortexM3\ARM_GCC_541\Debug\DC-Motor-PWM_Opg3.a(Pin_A2.o)
                0x00000930                Pin_A2_Write
 .text.Pin_B1_Write
                0x00000948       0x18 .\CortexM3\ARM_GCC_541\Debug\DC-Motor-PWM_Opg3.a(Pin_B1.o)
                0x00000948                Pin_B1_Write
 .text.Pin_B2_Write
                0x00000960       0x18 .\CortexM3\ARM_GCC_541\Debug\DC-Motor-PWM_Opg3.a(Pin_B2.o)
                0x00000960                Pin_B2_Write
 .text.Timer_1_Enable
                0x00000978       0x28 .\CortexM3\ARM_GCC_541\Debug\DC-Motor-PWM_Opg3.a(Timer_1.o)
                0x00000978                Timer_1_Enable
 .text.Timer_1_Stop
                0x000009a0       0x28 .\CortexM3\ARM_GCC_541\Debug\DC-Motor-PWM_Opg3.a(Timer_1.o)
                0x000009a0                Timer_1_Stop
 .text.Timer_1_SetInterruptMode
                0x000009c8        0xc .\CortexM3\ARM_GCC_541\Debug\DC-Motor-PWM_Opg3.a(Timer_1.o)
                0x000009c8                Timer_1_SetInterruptMode
 .text.Timer_1_ReadPeriod
                0x000009d4        0xc .\CortexM3\ARM_GCC_541\Debug\DC-Motor-PWM_Opg3.a(Timer_1.o)
                0x000009d4                Timer_1_ReadPeriod
 .text.Timer_1_WritePeriod
                0x000009e0        0xc .\CortexM3\ARM_GCC_541\Debug\DC-Motor-PWM_Opg3.a(Timer_1.o)
                0x000009e0                Timer_1_WritePeriod
 .text.Timer_1_WriteCounter
                0x000009ec        0xc .\CortexM3\ARM_GCC_541\Debug\DC-Motor-PWM_Opg3.a(Timer_1.o)
                0x000009ec                Timer_1_WriteCounter
 .text.Timer_1_Init
                0x000009f8       0x64 .\CortexM3\ARM_GCC_541\Debug\DC-Motor-PWM_Opg3.a(Timer_1.o)
                0x000009f8                Timer_1_Init
 .text.Timer_1_Start
                0x00000a5c       0x1c .\CortexM3\ARM_GCC_541\Debug\DC-Motor-PWM_Opg3.a(Timer_1.o)
                0x00000a5c                Timer_1_Start
 .text.Timer_1_Sleep
                0x00000a78       0x28 .\CortexM3\ARM_GCC_541\Debug\DC-Motor-PWM_Opg3.a(Timer_1_PM.o)
                0x00000a78                Timer_1_Sleep
 .text.isr_timer_SetVector
                0x00000aa0        0xc .\CortexM3\ARM_GCC_541\Debug\DC-Motor-PWM_Opg3.a(isr_timer.o)
                0x00000aa0                isr_timer_SetVector
 .text.isr_timer_SetPriority
                0x00000aac       0x10 .\CortexM3\ARM_GCC_541\Debug\DC-Motor-PWM_Opg3.a(isr_timer.o)
                0x00000aac                isr_timer_SetPriority
 .text.isr_timer_Enable
                0x00000abc        0xc .\CortexM3\ARM_GCC_541\Debug\DC-Motor-PWM_Opg3.a(isr_timer.o)
                0x00000abc                isr_timer_Enable
 .text.isr_timer_Disable
                0x00000ac8        0xc .\CortexM3\ARM_GCC_541\Debug\DC-Motor-PWM_Opg3.a(isr_timer.o)
                0x00000ac8                isr_timer_Disable
 .text.isr_timer_StartEx
                0x00000ad4       0x1c .\CortexM3\ARM_GCC_541\Debug\DC-Motor-PWM_Opg3.a(isr_timer.o)
                0x00000ad4                isr_timer_StartEx
 .text          0x00000af0       0x20 .\CortexM3\ARM_GCC_541\Debug\DC-Motor-PWM_Opg3.a(CyBootAsmGnu.o)
                0x00000af0                CyDelayCycles
                0x00000b00                CyEnterCriticalSection
                0x00000b08                CyExitCriticalSection
 .text          0x00000b10      0x21c c:/program files (x86)/cypress/psoc creator/4.4/psoc creator/import/gnu/arm/5.4.1/bin/../lib/gcc/arm-none-eabi/5.4.1/armv7-m\libgcc.a(_arm_addsubsf3.o)
                0x00000b10                __aeabi_frsub
                0x00000b18                __subsf3
                0x00000b18                __aeabi_fsub
                0x00000b1c                __aeabi_fadd
                0x00000b1c                __addsf3
                0x00000c7c                __aeabi_ui2f
                0x00000c7c                __floatunsisf
                0x00000c84                __aeabi_i2f
                0x00000c84                __floatsisf
                0x00000ca0                __aeabi_ul2f
                0x00000ca0                __floatundisf
                0x00000cb0                __aeabi_l2f
                0x00000cb0                __floatdisf
 .text          0x00000d2c      0x2a0 c:/program files (x86)/cypress/psoc creator/4.4/psoc creator/import/gnu/arm/5.4.1/bin/../lib/gcc/arm-none-eabi/5.4.1/armv7-m\libgcc.a(_arm_muldivsf3.o)
                0x00000d2c                __mulsf3
                0x00000d2c                __aeabi_fmul
                0x00000e94                __aeabi_fdiv
                0x00000e94                __divsf3
 .text          0x00000fcc       0x40 c:/program files (x86)/cypress/psoc creator/4.4/psoc creator/import/gnu/arm/5.4.1/bin/../lib/gcc/arm-none-eabi/5.4.1/armv7-m\libgcc.a(_arm_fixunssfsi.o)
                0x00000fcc                __fixunssfsi
                0x00000fcc                __aeabi_f2uiz
 .text.__errno  0x0000100c        0xc c:/program files (x86)/cypress/psoc creator/4.4/psoc creator/import/gnu/arm/5.4.1/bin/../lib/gcc/arm-none-eabi/5.4.1/../../../../arm-none-eabi/lib/armv7-m\libg_nano.a(lib_a-errno.o)
                0x0000100c                __errno
 .text.__libc_init_array
                0x00001018       0x4c c:/program files (x86)/cypress/psoc creator/4.4/psoc creator/import/gnu/arm/5.4.1/bin/../lib/gcc/arm-none-eabi/5.4.1/../../../../arm-none-eabi/lib/armv7-m\libg_nano.a(lib_a-init.o)
                0x00001018                __libc_init_array
 .text.memcpy   0x00001064       0x16 c:/program files (x86)/cypress/psoc creator/4.4/psoc creator/import/gnu/arm/5.4.1/bin/../lib/gcc/arm-none-eabi/5.4.1/../../../../arm-none-eabi/lib/armv7-m\libg_nano.a(lib_a-memcpy-stub.o)
                0x00001064                memcpy
 .text.memset   0x0000107a       0x10 c:/program files (x86)/cypress/psoc creator/4.4/psoc creator/import/gnu/arm/5.4.1/bin/../lib/gcc/arm-none-eabi/5.4.1/../../../../arm-none-eabi/lib/armv7-m\libg_nano.a(lib_a-memset.o)
                0x0000107a                memset
 .text.__cvt    0x0000108a       0xc0 c:/program files (x86)/cypress/psoc creator/4.4/psoc creator/import/gnu/arm/5.4.1/bin/../lib/gcc/arm-none-eabi/5.4.1/../../../../arm-none-eabi/lib/armv7-m\libg_nano.a(lib_a-nano-vfprintf_float.o)
                0x0000108a                __cvt
 .text.__exponent
                0x0000114a       0x62 c:/program files (x86)/cypress/psoc creator/4.4/psoc creator/import/gnu/arm/5.4.1/bin/../lib/gcc/arm-none-eabi/5.4.1/../../../../arm-none-eabi/lib/armv7-m\libg_nano.a(lib_a-nano-vfprintf_float.o)
                0x0000114a                __exponent
 .text._printf_float
                0x000011ac      0x488 c:/program files (x86)/cypress/psoc creator/4.4/psoc creator/import/gnu/arm/5.4.1/bin/../lib/gcc/arm-none-eabi/5.4.1/../../../../arm-none-eabi/lib/armv7-m\libg_nano.a(lib_a-nano-vfprintf_float.o)
                0x000011ac                _printf_float
 .text._printf_common
                0x00001634       0xec c:/program files (x86)/cypress/psoc creator/4.4/psoc creator/import/gnu/arm/5.4.1/bin/../lib/gcc/arm-none-eabi/5.4.1/../../../../arm-none-eabi/lib/armv7-m\libg_nano.a(lib_a-nano-vfprintf_i.o)
                0x00001634                _printf_common
 .text          0x00001720       0x10 c:/program files (x86)/cypress/psoc creator/4.4/psoc creator/import/gnu/arm/5.4.1/bin/../lib/gcc/arm-none-eabi/5.4.1/../../../../arm-none-eabi/lib/armv7-m\libg_nano.a(lib_a-strlen.o)
                0x00001720                strlen
 .text.quorem   0x00001730      0x116 c:/program files (x86)/cypress/psoc creator/4.4/psoc creator/import/gnu/arm/5.4.1/bin/../lib/gcc/arm-none-eabi/5.4.1/../../../../arm-none-eabi/lib/armv7-m\libg_nano.a(lib_a-dtoa.o)
 *fill*         0x00001846        0x2 
 .text._dtoa_r  0x00001848      0xb30 c:/program files (x86)/cypress/psoc creator/4.4/psoc creator/import/gnu/arm/5.4.1/bin/../lib/gcc/arm-none-eabi/5.4.1/../../../../arm-none-eabi/lib/armv7-m\libg_nano.a(lib_a-dtoa.o)
                0x00001848                _dtoa_r
 .text._localeconv_r
                0x00002378        0x8 c:/program files (x86)/cypress/psoc creator/4.4/psoc creator/import/gnu/arm/5.4.1/bin/../lib/gcc/arm-none-eabi/5.4.1/../../../../arm-none-eabi/lib/armv7-m\libg_nano.a(lib_a-locale.o)
                0x00002378                _localeconv_r
 .text.malloc   0x00002380       0x10 c:/program files (x86)/cypress/psoc creator/4.4/psoc creator/import/gnu/arm/5.4.1/bin/../lib/gcc/arm-none-eabi/5.4.1/../../../../arm-none-eabi/lib/armv7-m\libg_nano.a(lib_a-malloc.o)
                0x00002380                malloc
 .text._Balloc  0x00002390       0x6a c:/program files (x86)/cypress/psoc creator/4.4/psoc creator/import/gnu/arm/5.4.1/bin/../lib/gcc/arm-none-eabi/5.4.1/../../../../arm-none-eabi/lib/armv7-m\libg_nano.a(lib_a-mprec.o)
                0x00002390                _Balloc
 .text._Bfree   0x000023fa       0x2e c:/program files (x86)/cypress/psoc creator/4.4/psoc creator/import/gnu/arm/5.4.1/bin/../lib/gcc/arm-none-eabi/5.4.1/../../../../arm-none-eabi/lib/armv7-m\libg_nano.a(lib_a-mprec.o)
                0x000023fa                _Bfree
 .text.__multadd
                0x00002428       0x76 c:/program files (x86)/cypress/psoc creator/4.4/psoc creator/import/gnu/arm/5.4.1/bin/../lib/gcc/arm-none-eabi/5.4.1/../../../../arm-none-eabi/lib/armv7-m\libg_nano.a(lib_a-mprec.o)
                0x00002428                __multadd
 .text.__hi0bits
                0x0000249e       0x40 c:/program files (x86)/cypress/psoc creator/4.4/psoc creator/import/gnu/arm/5.4.1/bin/../lib/gcc/arm-none-eabi/5.4.1/../../../../arm-none-eabi/lib/armv7-m\libg_nano.a(lib_a-mprec.o)
                0x0000249e                __hi0bits
 .text.__lo0bits
                0x000024de       0x5a c:/program files (x86)/cypress/psoc creator/4.4/psoc creator/import/gnu/arm/5.4.1/bin/../lib/gcc/arm-none-eabi/5.4.1/../../../../arm-none-eabi/lib/armv7-m\libg_nano.a(lib_a-mprec.o)
                0x000024de                __lo0bits
 .text.__i2b    0x00002538       0x12 c:/program files (x86)/cypress/psoc creator/4.4/psoc creator/import/gnu/arm/5.4.1/bin/../lib/gcc/arm-none-eabi/5.4.1/../../../../arm-none-eabi/lib/armv7-m\libg_nano.a(lib_a-mprec.o)
                0x00002538                __i2b
 .text.__multiply
                0x0000254a      0x120 c:/program files (x86)/cypress/psoc creator/4.4/psoc creator/import/gnu/arm/5.4.1/bin/../lib/gcc/arm-none-eabi/5.4.1/../../../../arm-none-eabi/lib/armv7-m\libg_nano.a(lib_a-mprec.o)
                0x0000254a                __multiply
 *fill*         0x0000266a        0x2 
 .text.__pow5mult
                0x0000266c       0x9c c:/program files (x86)/cypress/psoc creator/4.4/psoc creator/import/gnu/arm/5.4.1/bin/../lib/gcc/arm-none-eabi/5.4.1/../../../../arm-none-eabi/lib/armv7-m\libg_nano.a(lib_a-mprec.o)
                0x0000266c                __pow5mult
 .text.__lshift
                0x00002708       0xa2 c:/program files (x86)/cypress/psoc creator/4.4/psoc creator/import/gnu/arm/5.4.1/bin/../lib/gcc/arm-none-eabi/5.4.1/../../../../arm-none-eabi/lib/armv7-m\libg_nano.a(lib_a-mprec.o)
                0x00002708                __lshift
 .text.__mcmp   0x000027aa       0x38 c:/program files (x86)/cypress/psoc creator/4.4/psoc creator/import/gnu/arm/5.4.1/bin/../lib/gcc/arm-none-eabi/5.4.1/../../../../arm-none-eabi/lib/armv7-m\libg_nano.a(lib_a-mprec.o)
                0x000027aa                __mcmp
 .text.__mdiff  0x000027e2       0xbe c:/program files (x86)/cypress/psoc creator/4.4/psoc creator/import/gnu/arm/5.4.1/bin/../lib/gcc/arm-none-eabi/5.4.1/../../../../arm-none-eabi/lib/armv7-m\libg_nano.a(lib_a-mprec.o)
                0x000027e2                __mdiff
 .text.__d2b    0x000028a0       0x9c c:/program files (x86)/cypress/psoc creator/4.4/psoc creator/import/gnu/arm/5.4.1/bin/../lib/gcc/arm-none-eabi/5.4.1/../../../../arm-none-eabi/lib/armv7-m\libg_nano.a(lib_a-mprec.o)
                0x000028a0                __d2b
 .text._calloc_r
                0x0000293c       0x1c c:/program files (x86)/cypress/psoc creator/4.4/psoc creator/import/gnu/arm/5.4.1/bin/../lib/gcc/arm-none-eabi/5.4.1/../../../../arm-none-eabi/lib/armv7-m\libg_nano.a(lib_a-nano-callocr.o)
                0x0000293c                _calloc_r
 .text._malloc_r
                0x00002958       0xbc c:/program files (x86)/cypress/psoc creator/4.4/psoc creator/import/gnu/arm/5.4.1/bin/../lib/gcc/arm-none-eabi/5.4.1/../../../../arm-none-eabi/lib/armv7-m\libg_nano.a(lib_a-nano-mallocr.o)
                0x00002958                _malloc_r
 .text._sbrk_r  0x00002a14       0x20 c:/program files (x86)/cypress/psoc creator/4.4/psoc creator/import/gnu/arm/5.4.1/bin/../lib/gcc/arm-none-eabi/5.4.1/../../../../arm-none-eabi/lib/armv7-m\libg_nano.a(lib_a-sbrkr.o)
                0x00002a14                _sbrk_r
 .text.__malloc_lock
                0x00002a34        0x2 c:/program files (x86)/cypress/psoc creator/4.4/psoc creator/import/gnu/arm/5.4.1/bin/../lib/gcc/arm-none-eabi/5.4.1/../../../../arm-none-eabi/lib/armv7-m\libg_nano.a(lib_a-mlock.o)
                0x00002a34                __malloc_lock
 .text.__malloc_unlock
                0x00002a36        0x2 c:/program files (x86)/cypress/psoc creator/4.4/psoc creator/import/gnu/arm/5.4.1/bin/../lib/gcc/arm-none-eabi/5.4.1/../../../../arm-none-eabi/lib/armv7-m\libg_nano.a(lib_a-mlock.o)
                0x00002a36                __malloc_unlock
 .text          0x00002a38      0x370 c:/program files (x86)/cypress/psoc creator/4.4/psoc creator/import/gnu/arm/5.4.1/bin/../lib/gcc/arm-none-eabi/5.4.1/armv7-m\libgcc.a(_arm_addsubdf3.o)
                0x00002a38                __aeabi_drsub
                0x00002a40                __aeabi_dsub
                0x00002a40                __subdf3
                0x00002a44                __aeabi_dadd
                0x00002a44                __adddf3
                0x00002cbc                __floatunsidf
                0x00002cbc                __aeabi_ui2d
                0x00002cdc                __floatsidf
                0x00002cdc                __aeabi_i2d
                0x00002d00                __aeabi_f2d
                0x00002d00                __extendsfdf2
                0x00002d3c                __floatundidf
                0x00002d3c                __aeabi_ul2d
                0x00002d4c                __floatdidf
                0x00002d4c                __aeabi_l2d
 .text          0x00002da8      0x424 c:/program files (x86)/cypress/psoc creator/4.4/psoc creator/import/gnu/arm/5.4.1/bin/../lib/gcc/arm-none-eabi/5.4.1/armv7-m\libgcc.a(_arm_muldivdf3.o)
                0x00002da8                __aeabi_dmul
                0x00002da8                __muldf3
                0x00002ffc                __divdf3
                0x00002ffc                __aeabi_ddiv
 .text          0x000031cc      0x110 c:/program files (x86)/cypress/psoc creator/4.4/psoc creator/import/gnu/arm/5.4.1/bin/../lib/gcc/arm-none-eabi/5.4.1/armv7-m\libgcc.a(_arm_cmpdf2.o)
                0x000031cc                __gtdf2
                0x000031cc                __gedf2
                0x000031d4                __ltdf2
                0x000031d4                __ledf2
                0x000031dc                __nedf2
                0x000031dc                __eqdf2
                0x000031dc                __cmpdf2
                0x00003258                __aeabi_cdrcmple
                0x00003268                __aeabi_cdcmpeq
                0x00003268                __aeabi_cdcmple
                0x00003278                __aeabi_dcmpeq
                0x0000328c                __aeabi_dcmplt
                0x000032a0                __aeabi_dcmple
                0x000032b4                __aeabi_dcmpge
                0x000032c8                __aeabi_dcmpgt
 .text          0x000032dc       0x2c c:/program files (x86)/cypress/psoc creator/4.4/psoc creator/import/gnu/arm/5.4.1/bin/../lib/gcc/arm-none-eabi/5.4.1/armv7-m\libgcc.a(_arm_unorddf2.o)
                0x000032dc                __unorddf2
                0x000032dc                __aeabi_dcmpun
 .text          0x00003308       0x50 c:/program files (x86)/cypress/psoc creator/4.4/psoc creator/import/gnu/arm/5.4.1/bin/../lib/gcc/arm-none-eabi/5.4.1/armv7-m\libgcc.a(_arm_fixdfsi.o)
                0x00003308                __aeabi_d2iz
                0x00003308                __fixdfsi
 *(.plt)
 *(.gnu.warning)
 *(.glue_7t)
 .glue_7t       0x00003358        0x0 linker stubs
 *(.glue_7)
 .glue_7        0x00003358        0x0 linker stubs
 *(.vfp11_veneer)
 .vfp11_veneer  0x00003358        0x0 linker stubs
 *(.bootloader)
 *(.ARM.extab* .gnu.linkonce.armextab.*)
 *(.gcc_except_table)

.v4_bx          0x00003358        0x0
 .v4_bx         0x00003358        0x0 linker stubs

.iplt           0x00003358        0x0
 .iplt          0x00003358        0x0 c:/program files (x86)/cypress/psoc creator/4.4/psoc creator/import/gnu/arm/5.4.1/bin/../lib/gcc/arm-none-eabi/5.4.1/armv7-m/crtbegin.o

.eh_frame_hdr
 *(.eh_frame_hdr)

.eh_frame       0x00003358        0x4
 *(.eh_frame)
 .eh_frame      0x00003358        0x0 c:/program files (x86)/cypress/psoc creator/4.4/psoc creator/import/gnu/arm/5.4.1/bin/../lib/gcc/arm-none-eabi/5.4.1/armv7-m/crtbegin.o
 .eh_frame      0x00003358        0x4 c:/program files (x86)/cypress/psoc creator/4.4/psoc creator/import/gnu/arm/5.4.1/bin/../lib/gcc/arm-none-eabi/5.4.1/armv7-m/crtend.o
                [!provide]                PROVIDE (__exidx_start, .)

.ARM.exidx
 *(.ARM.exidx* .gnu.linkonce.armexidx.*)
                0x0000335c                __exidx_end = .

.rodata         0x00003360      0x328
 *(.rodata .rodata.* .gnu.linkonce.r.*)
 .rodata.str1.4
                0x00003360      0x170 .\CortexM3\ARM_GCC_541\Debug\main.o
 .rodata        0x000034d0       0x50 .\CortexM3\ARM_GCC_541\Debug\cyfitter_cfg.o
 .rodata.str1.1
                0x00003520        0x2 c:/program files (x86)/cypress/psoc creator/4.4/psoc creator/import/gnu/arm/5.4.1/bin/../lib/gcc/arm-none-eabi/5.4.1/../../../../arm-none-eabi/lib/armv7-m\libg_nano.a(lib_a-impure.o)
 .rodata.str1.1
                0x00003522       0x12 c:/program files (x86)/cypress/psoc creator/4.4/psoc creator/import/gnu/arm/5.4.1/bin/../lib/gcc/arm-none-eabi/5.4.1/../../../../arm-none-eabi/lib/armv7-m\libg_nano.a(lib_a-nano-vfprintf_float.o)
 .rodata.str1.1
                0x00003534        0xd c:/program files (x86)/cypress/psoc creator/4.4/psoc creator/import/gnu/arm/5.4.1/bin/../lib/gcc/arm-none-eabi/5.4.1/../../../../arm-none-eabi/lib/armv7-m\libg_nano.a(lib_a-dtoa.o)
                                  0xf (size before relaxing)
 .rodata.str1.1
                0x00003541        0x8 c:/program files (x86)/cypress/psoc creator/4.4/psoc creator/import/gnu/arm/5.4.1/bin/../lib/gcc/arm-none-eabi/5.4.1/../../../../arm-none-eabi/lib/armv7-m\libg_nano.a(lib_a-locale.o)
                                  0xb (size before relaxing)
 *fill*         0x00003549        0x7 
 .rodata.__mprec_tens
                0x00003550       0xc8 c:/program files (x86)/cypress/psoc creator/4.4/psoc creator/import/gnu/arm/5.4.1/bin/../lib/gcc/arm-none-eabi/5.4.1/../../../../arm-none-eabi/lib/armv7-m\libg_nano.a(lib_a-mprec.o)
                0x00003550                __mprec_tens
 .rodata.p05.5408
                0x00003618        0xc c:/program files (x86)/cypress/psoc creator/4.4/psoc creator/import/gnu/arm/5.4.1/bin/../lib/gcc/arm-none-eabi/5.4.1/../../../../arm-none-eabi/lib/armv7-m\libg_nano.a(lib_a-mprec.o)
 *fill*         0x00003624        0x4 
 .rodata.__mprec_bigtens
                0x00003628       0x28 c:/program files (x86)/cypress/psoc creator/4.4/psoc creator/import/gnu/arm/5.4.1/bin/../lib/gcc/arm-none-eabi/5.4.1/../../../../arm-none-eabi/lib/armv7-m\libg_nano.a(lib_a-mprec.o)
                0x00003628                __mprec_bigtens
                0x00003650                . = ALIGN (0x4)
 *(.init)
 .init          0x00003650        0x4 c:/program files (x86)/cypress/psoc creator/4.4/psoc creator/import/gnu/arm/5.4.1/bin/../lib/gcc/arm-none-eabi/5.4.1/armv7-m/crti.o
                0x00003650                _init
 .init          0x00003654        0x8 c:/program files (x86)/cypress/psoc creator/4.4/psoc creator/import/gnu/arm/5.4.1/bin/../lib/gcc/arm-none-eabi/5.4.1/armv7-m/crtn.o
                0x0000365c                . = ALIGN (0x4)
                0x0000365c                __preinit_array_start = .
 *(.preinit_array)
                0x0000365c                __preinit_array_end = .
                0x0000365c                . = ALIGN (0x4)
                0x0000365c                __init_array_start = .
 *(SORT(.init_array.*))
 *(.init_array)
 .init_array    0x0000365c        0x4 c:/program files (x86)/cypress/psoc creator/4.4/psoc creator/import/gnu/arm/5.4.1/bin/../lib/gcc/arm-none-eabi/5.4.1/armv7-m/crtbegin.o
 .init_array    0x00003660        0x4 .\CortexM3\ARM_GCC_541\Debug\Cm3Start.o
                0x00003664                __init_array_end = .
                0x00003664                . = ALIGN (0x4)
 *(.fini)
 .fini          0x00003664        0x4 c:/program files (x86)/cypress/psoc creator/4.4/psoc creator/import/gnu/arm/5.4.1/bin/../lib/gcc/arm-none-eabi/5.4.1/armv7-m/crti.o
                0x00003664                _fini
 .fini          0x00003668        0x8 c:/program files (x86)/cypress/psoc creator/4.4/psoc creator/import/gnu/arm/5.4.1/bin/../lib/gcc/arm-none-eabi/5.4.1/armv7-m/crtn.o
                0x00003670                . = ALIGN (0x4)
                0x00003670                __fini_array_start = .
 *(.fini_array)
 .fini_array    0x00003670        0x4 c:/program files (x86)/cypress/psoc creator/4.4/psoc creator/import/gnu/arm/5.4.1/bin/../lib/gcc/arm-none-eabi/5.4.1/armv7-m/crtbegin.o
 *(SORT(.fini_array.*))
                0x00003674                __fini_array_end = .
                0x00003674                . = ALIGN (0x4)
 *crtbegin.o(.ctors)
 *(EXCLUDE_FILE(*crtend.o) .ctors)
 *(SORT(.ctors.*))
 *crtend.o(.ctors)
                0x00003674                . = ALIGN (0x4)
 *crtbegin.o(.dtors)
 *(EXCLUDE_FILE(*crtend.o) .dtors)
 *(SORT(.dtors.*))
 *crtend.o(.dtors)
                0x00003674                . = ALIGN (0x4)
                0x00003674                __cy_regions = .
                0x00003674        0x4 LONG 0x3688 __cy_region_init_ram
                0x00003678        0x4 LONG 0x1fff80c8 __cy_region_start_data
                0x0000367c        0x4 LONG 0xa8 __cy_region_init_size_ram
                0x00003680        0x4 LONG 0x38 __cy_region_zero_size_ram
                0x00003684                __cy_regions_end = .
                0x00003688                . = ALIGN (0x8)
 *fill*         0x00003684        0x4 
                0x00003688                _etext = .

.cy_checksum_exclude
                0x00003688        0x0
 *(.cy_checksum_exclude)

.ramvectors     0x1fff8000       0xc0
                0x1fff8000                __cy_region_start_ram = .
 *(.ramvectors)
 .ramvectors    0x1fff8000       0xc0 .\CortexM3\ARM_GCC_541\Debug\Cm3Start.o
                0x1fff8000                CyRamVectors

.noinit         0x1fff80c0        0x1
 *(.noinit)
 .noinit        0x1fff80c0        0x1 .\CortexM3\ARM_GCC_541\Debug\DC-Motor-PWM_Opg3.a(CyLib.o)
                0x1fff80c0                CyResetStatus

.data           0x1fff80c8       0xa8 load address 0x00003688
                0x1fff80c8                __cy_region_start_data = .
 *(.jcr)
 .jcr           0x1fff80c8        0x0 c:/program files (x86)/cypress/psoc creator/4.4/psoc creator/import/gnu/arm/5.4.1/bin/../lib/gcc/arm-none-eabi/5.4.1/armv7-m/crtbegin.o
 .jcr           0x1fff80c8        0x4 c:/program files (x86)/cypress/psoc creator/4.4/psoc creator/import/gnu/arm/5.4.1/bin/../lib/gcc/arm-none-eabi/5.4.1/armv7-m/crtend.o
 *(.got.plt)
 *(.got)
 *(.shdata)
 *(.data .data.* .gnu.linkonce.d.*)
 .data          0x1fff80cc        0x1 .\CortexM3\ARM_GCC_541\Debug\main.o
 *fill*         0x1fff80cd        0x3 
 .data          0x1fff80d0        0x4 .\CortexM3\ARM_GCC_541\Debug\Cm3Start.o
 .data.impure_data
                0x1fff80d4       0x60 c:/program files (x86)/cypress/psoc creator/4.4/psoc creator/import/gnu/arm/5.4.1/bin/../lib/gcc/arm-none-eabi/5.4.1/../../../../arm-none-eabi/lib/armv7-m\libg_nano.a(lib_a-impure.o)
 .data._impure_ptr
                0x1fff8134        0x4 c:/program files (x86)/cypress/psoc creator/4.4/psoc creator/import/gnu/arm/5.4.1/bin/../lib/gcc/arm-none-eabi/5.4.1/../../../../arm-none-eabi/lib/armv7-m\libg_nano.a(lib_a-impure.o)
                0x1fff8134                _impure_ptr
 .data.lconv    0x1fff8138       0x38 c:/program files (x86)/cypress/psoc creator/4.4/psoc creator/import/gnu/arm/5.4.1/bin/../lib/gcc/arm-none-eabi/5.4.1/../../../../arm-none-eabi/lib/armv7-m\libg_nano.a(lib_a-locale.o)
                0x1fff8170                . = ALIGN (0x8)
 *(.ram)
                0x1fff8170                _edata = .

.igot.plt       0x1fff8170        0x0 load address 0x00003730
 .igot.plt      0x1fff8170        0x0 c:/program files (x86)/cypress/psoc creator/4.4/psoc creator/import/gnu/arm/5.4.1/bin/../lib/gcc/arm-none-eabi/5.4.1/armv7-m/crtbegin.o

.bss            0x1fff8170       0x38 load address 0x00003730
                0x1fff8170                PROVIDE (__bss_start__, .)
 *(.shbss)
 *(.bss .bss.* .gnu.linkonce.b.*)
 .bss           0x1fff8170       0x1c c:/program files (x86)/cypress/psoc creator/4.4/psoc creator/import/gnu/arm/5.4.1/bin/../lib/gcc/arm-none-eabi/5.4.1/armv7-m/crtbegin.o
 .bss           0x1fff818c        0x3 .\CortexM3\ARM_GCC_541\Debug\main.o
 .bss           0x1fff818f        0x2 .\CortexM3\ARM_GCC_541\Debug\DC-Motor-PWM_Opg3.a(UART_1.o)
                0x1fff818f                UART_1_initVar
 .bss           0x1fff8191        0x1 .\CortexM3\ARM_GCC_541\Debug\DC-Motor-PWM_Opg3.a(Timer_1.o)
                0x1fff8191                Timer_1_initVar
 *fill*         0x1fff8192        0x2 
 .bss           0x1fff8194        0x1 .\CortexM3\ARM_GCC_541\Debug\DC-Motor-PWM_Opg3.a(Timer_1_PM.o)
 *fill*         0x1fff8195        0x3 
 .bss.__malloc_sbrk_start
                0x1fff8198        0x4 c:/program files (x86)/cypress/psoc creator/4.4/psoc creator/import/gnu/arm/5.4.1/bin/../lib/gcc/arm-none-eabi/5.4.1/../../../../arm-none-eabi/lib/armv7-m\libg_nano.a(lib_a-nano-mallocr.o)
                0x1fff8198                __malloc_sbrk_start
 .bss.__malloc_free_list
                0x1fff819c        0x4 c:/program files (x86)/cypress/psoc creator/4.4/psoc creator/import/gnu/arm/5.4.1/bin/../lib/gcc/arm-none-eabi/5.4.1/../../../../arm-none-eabi/lib/armv7-m\libg_nano.a(lib_a-nano-mallocr.o)
                0x1fff819c                __malloc_free_list
 *(COMMON)
 COMMON         0x1fff81a0        0x4 c:/program files (x86)/cypress/psoc creator/4.4/psoc creator/import/gnu/arm/5.4.1/bin/../lib/gcc/arm-none-eabi/5.4.1/../../../../arm-none-eabi/lib/armv7-m\libg_nano.a(lib_a-reent.o)
                0x1fff81a0                errno
                0x1fff81a8                . = ALIGN (0x8)
 *fill*         0x1fff81a4        0x4 
 *(.ram.b)
                0x1fff81a8                _end = .
                0x1fff81a8                __end = .
                0x1fff81a8                PROVIDE (end, .)
                0x1fff81a8                PROVIDE (__bss_end__, .)
                0x00003688                __cy_region_init_ram = LOADADDR (.data)
                0x000000a8                __cy_region_init_size_ram = (_edata - ADDR (.data))
                0x00000038                __cy_region_zero_size_ram = (_end - _edata)

.heap           0x1fff81a8      0x200 load address 0x00003730
                0x1fff81a8                . = _end
                0x1fff83a8                . = (. + 0x200)
 *fill*         0x1fff81a8      0x200 
                0x1fff83a8                __cy_heap_limit = .

.stack          0x20007800      0x800
                0x20007800                __cy_stack_limit = .
                0x20008000                . = (. + 0x800)
 *fill*         0x20007800      0x800 
                0x00000001                ASSERT ((__cy_stack_limit >= __cy_heap_limit), region RAM overflowed with stack)
                0x00000000                cy_checksum_exclude_size = (CY_APPL_LOADABLE == 0x1)?SIZEOF (.cy_checksum_exclude):0x0
                0x00000001                ASSERT ((cy_checksum_exclude_size <= CY_CHECKSUM_EXCLUDE_SIZE), CY_BOOT: Section .cy_checksum_exclude size exceedes specified limit.)

.cyloadermeta
 *(.cyloadermeta)

.cyloadablemeta
 *(.cyloadablemeta)

.cyconfigecc    0x80000000      0x320
 *(.cyconfigecc)
 .cyconfigecc   0x80000000      0x320 .\CortexM3\ARM_GCC_541\Debug\cymetadata.o
                0x80000000                cy_meta_configecc

.cycustnvl      0x90000000        0x4
 *(.cycustnvl)
 .cycustnvl     0x90000000        0x4 .\CortexM3\ARM_GCC_541\Debug\cymetadata.o
                0x90000000                cy_meta_custnvl

.cywolatch      0x90100000        0x4
 *(.cywolatch)
 .cywolatch     0x90100000        0x4 .\CortexM3\ARM_GCC_541\Debug\cymetadata.o
                0x90100000                cy_meta_wonvl

.cyeeprom       0x90200000        0x0
 *(.cyeeprom)
                0x00000001                ASSERT ((. <= ((0x90200000 + ee_offset) + ee_size)), .cyeeprom data will not fit in EEPROM)

.cyflashprotect
                0x90400000      0x100
 *(.cyflashprotect)
 .cyflashprotect
                0x90400000      0x100 .\CortexM3\ARM_GCC_541\Debug\cymetadata.o
                0x90400000                cy_meta_flashprotect

.cymeta         0x90500000        0xc
 *(.cymeta)
 .cymeta        0x90500000        0xc .\CortexM3\ARM_GCC_541\Debug\cymetadata.o
                0x90500000                cy_metadata

.rel.dyn        0x00003730        0x0 load address 0x9050000c
 .rel.iplt      0x00003730        0x0 c:/program files (x86)/cypress/psoc creator/4.4/psoc creator/import/gnu/arm/5.4.1/bin/../lib/gcc/arm-none-eabi/5.4.1/armv7-m/crtbegin.o

.stab
 *(.stab)

.stabstr
 *(.stabstr)

.debug
 *(.debug)

.line
 *(.line)

.debug_srcinfo
 *(.debug_srcinfo)

.debug_sfnames
 *(.debug_sfnames)

.debug_aranges  0x00000000      0x978
 *(.debug_aranges)
 .debug_aranges
                0x00000000       0x70 .\CortexM3\ARM_GCC_541\Debug\main.o
 .debug_aranges
                0x00000070       0x58 .\CortexM3\ARM_GCC_541\Debug\cyfitter_cfg.o
 .debug_aranges
                0x000000c8       0x18 .\CortexM3\ARM_GCC_541\Debug\cymetadata.o
 .debug_aranges
                0x000000e0       0x48 .\CortexM3\ARM_GCC_541\Debug\Cm3Start.o
 .debug_aranges
                0x00000128       0xf0 .\CortexM3\ARM_GCC_541\Debug\DC-Motor-PWM_Opg3.a(UART_1.o)
 .debug_aranges
                0x00000218       0x80 .\CortexM3\ARM_GCC_541\Debug\DC-Motor-PWM_Opg3.a(isr_uart_rx.o)
 .debug_aranges
                0x00000298       0x70 .\CortexM3\ARM_GCC_541\Debug\DC-Motor-PWM_Opg3.a(UART_1_IntClock.o)
 .debug_aranges
                0x00000308      0x2a0 .\CortexM3\ARM_GCC_541\Debug\DC-Motor-PWM_Opg3.a(CyLib.o)
 .debug_aranges
                0x000005a8       0x98 .\CortexM3\ARM_GCC_541\Debug\DC-Motor-PWM_Opg3.a(cyPm.o)
 .debug_aranges
                0x00000640       0x38 .\CortexM3\ARM_GCC_541\Debug\DC-Motor-PWM_Opg3.a(Pin_A1.o)
 .debug_aranges
                0x00000678       0x38 .\CortexM3\ARM_GCC_541\Debug\DC-Motor-PWM_Opg3.a(Pin_A2.o)
 .debug_aranges
                0x000006b0       0x38 .\CortexM3\ARM_GCC_541\Debug\DC-Motor-PWM_Opg3.a(Pin_B1.o)
 .debug_aranges
                0x000006e8       0x38 .\CortexM3\ARM_GCC_541\Debug\DC-Motor-PWM_Opg3.a(Pin_B2.o)
 .debug_aranges
                0x00000720       0x88 .\CortexM3\ARM_GCC_541\Debug\DC-Motor-PWM_Opg3.a(Timer_1.o)
 .debug_aranges
                0x000007a8       0x38 .\CortexM3\ARM_GCC_541\Debug\DC-Motor-PWM_Opg3.a(Timer_1_PM.o)
 .debug_aranges
                0x000007e0       0x80 .\CortexM3\ARM_GCC_541\Debug\DC-Motor-PWM_Opg3.a(isr_timer.o)
 .debug_aranges
                0x00000860       0x20 .\CortexM3\ARM_GCC_541\Debug\DC-Motor-PWM_Opg3.a(CyBootAsmGnu.o)
 .debug_aranges
                0x00000880       0x80 .\CortexM3\ARM_GCC_541\Debug\DC-Motor-PWM_Opg3.a(CyFlash.o)
 .debug_aranges
                0x00000900       0x78 .\CortexM3\ARM_GCC_541\Debug\DC-Motor-PWM_Opg3.a(CySpc.o)

.debug_pubnames
 *(.debug_pubnames)

.debug_info     0x00000000     0x52ec
 *(.debug_info .gnu.linkonce.wi.*)
 .debug_info    0x00000000      0x8c8 .\CortexM3\ARM_GCC_541\Debug\main.o
 .debug_info    0x000008c8      0x5a8 .\CortexM3\ARM_GCC_541\Debug\cyfitter_cfg.o
 .debug_info    0x00000e70      0x135 .\CortexM3\ARM_GCC_541\Debug\cymetadata.o
 .debug_info    0x00000fa5      0x3b5 .\CortexM3\ARM_GCC_541\Debug\Cm3Start.o
 .debug_info    0x0000135a      0x60c .\CortexM3\ARM_GCC_541\Debug\DC-Motor-PWM_Opg3.a(UART_1.o)
 .debug_info    0x00001966      0x2d2 .\CortexM3\ARM_GCC_541\Debug\DC-Motor-PWM_Opg3.a(isr_uart_rx.o)
 .debug_info    0x00001c38      0x283 .\CortexM3\ARM_GCC_541\Debug\DC-Motor-PWM_Opg3.a(UART_1_IntClock.o)
 .debug_info    0x00001ebb     0x1374 .\CortexM3\ARM_GCC_541\Debug\DC-Motor-PWM_Opg3.a(CyLib.o)
 .debug_info    0x0000322f      0xa1d .\CortexM3\ARM_GCC_541\Debug\DC-Motor-PWM_Opg3.a(cyPm.o)
 .debug_info    0x00003c4c      0x11f .\CortexM3\ARM_GCC_541\Debug\DC-Motor-PWM_Opg3.a(Pin_A1.o)
 .debug_info    0x00003d6b      0x11f .\CortexM3\ARM_GCC_541\Debug\DC-Motor-PWM_Opg3.a(Pin_A2.o)
 .debug_info    0x00003e8a      0x11f .\CortexM3\ARM_GCC_541\Debug\DC-Motor-PWM_Opg3.a(Pin_B1.o)
 .debug_info    0x00003fa9      0x11f .\CortexM3\ARM_GCC_541\Debug\DC-Motor-PWM_Opg3.a(Pin_B2.o)
 .debug_info    0x000040c8      0x293 .\CortexM3\ARM_GCC_541\Debug\DC-Motor-PWM_Opg3.a(Timer_1.o)
 .debug_info    0x0000435b      0x153 .\CortexM3\ARM_GCC_541\Debug\DC-Motor-PWM_Opg3.a(Timer_1_PM.o)
 .debug_info    0x000044ae      0x2d2 .\CortexM3\ARM_GCC_541\Debug\DC-Motor-PWM_Opg3.a(isr_timer.o)
 .debug_info    0x00004780       0xcb .\CortexM3\ARM_GCC_541\Debug\DC-Motor-PWM_Opg3.a(CyBootAsmGnu.o)
 .debug_info    0x0000484b      0x5b8 .\CortexM3\ARM_GCC_541\Debug\DC-Motor-PWM_Opg3.a(CyFlash.o)
 .debug_info    0x00004e03      0x4e9 .\CortexM3\ARM_GCC_541\Debug\DC-Motor-PWM_Opg3.a(CySpc.o)

.debug_abbrev   0x00000000     0x16ac
 *(.debug_abbrev)
 .debug_abbrev  0x00000000      0x160 .\CortexM3\ARM_GCC_541\Debug\main.o
 .debug_abbrev  0x00000160      0x20d .\CortexM3\ARM_GCC_541\Debug\cyfitter_cfg.o
 .debug_abbrev  0x0000036d       0x66 .\CortexM3\ARM_GCC_541\Debug\cymetadata.o
 .debug_abbrev  0x000003d3      0x1e8 .\CortexM3\ARM_GCC_541\Debug\Cm3Start.o
 .debug_abbrev  0x000005bb      0x175 .\CortexM3\ARM_GCC_541\Debug\DC-Motor-PWM_Opg3.a(UART_1.o)
 .debug_abbrev  0x00000730      0x173 .\CortexM3\ARM_GCC_541\Debug\DC-Motor-PWM_Opg3.a(isr_uart_rx.o)
 .debug_abbrev  0x000008a3      0x139 .\CortexM3\ARM_GCC_541\Debug\DC-Motor-PWM_Opg3.a(UART_1_IntClock.o)
 .debug_abbrev  0x000009dc      0x254 .\CortexM3\ARM_GCC_541\Debug\DC-Motor-PWM_Opg3.a(CyLib.o)
 .debug_abbrev  0x00000c30      0x1ab .\CortexM3\ARM_GCC_541\Debug\DC-Motor-PWM_Opg3.a(cyPm.o)
 .debug_abbrev  0x00000ddb       0x90 .\CortexM3\ARM_GCC_541\Debug\DC-Motor-PWM_Opg3.a(Pin_A1.o)
 .debug_abbrev  0x00000e6b       0x90 .\CortexM3\ARM_GCC_541\Debug\DC-Motor-PWM_Opg3.a(Pin_A2.o)
 .debug_abbrev  0x00000efb       0x90 .\CortexM3\ARM_GCC_541\Debug\DC-Motor-PWM_Opg3.a(Pin_B1.o)
 .debug_abbrev  0x00000f8b       0x90 .\CortexM3\ARM_GCC_541\Debug\DC-Motor-PWM_Opg3.a(Pin_B2.o)
 .debug_abbrev  0x0000101b      0x11a .\CortexM3\ARM_GCC_541\Debug\DC-Motor-PWM_Opg3.a(Timer_1.o)
 .debug_abbrev  0x00001135       0xc4 .\CortexM3\ARM_GCC_541\Debug\DC-Motor-PWM_Opg3.a(Timer_1_PM.o)
 .debug_abbrev  0x000011f9      0x173 .\CortexM3\ARM_GCC_541\Debug\DC-Motor-PWM_Opg3.a(isr_timer.o)
 .debug_abbrev  0x0000136c       0x14 .\CortexM3\ARM_GCC_541\Debug\DC-Motor-PWM_Opg3.a(CyBootAsmGnu.o)
 .debug_abbrev  0x00001380      0x198 .\CortexM3\ARM_GCC_541\Debug\DC-Motor-PWM_Opg3.a(CyFlash.o)
 .debug_abbrev  0x00001518      0x194 .\CortexM3\ARM_GCC_541\Debug\DC-Motor-PWM_Opg3.a(CySpc.o)

.debug_line     0x00000000     0x237f
 *(.debug_line)
 .debug_line    0x00000000      0x31f .\CortexM3\ARM_GCC_541\Debug\main.o
 .debug_line    0x0000031f      0x1f5 .\CortexM3\ARM_GCC_541\Debug\cyfitter_cfg.o
 .debug_line    0x00000514      0x141 .\CortexM3\ARM_GCC_541\Debug\cymetadata.o
 .debug_line    0x00000655      0x234 .\CortexM3\ARM_GCC_541\Debug\Cm3Start.o
 .debug_line    0x00000889      0x2c0 .\CortexM3\ARM_GCC_541\Debug\DC-Motor-PWM_Opg3.a(UART_1.o)
 .debug_line    0x00000b49      0x138 .\CortexM3\ARM_GCC_541\Debug\DC-Motor-PWM_Opg3.a(isr_uart_rx.o)
 .debug_line    0x00000c81      0x17e .\CortexM3\ARM_GCC_541\Debug\DC-Motor-PWM_Opg3.a(UART_1_IntClock.o)
 .debug_line    0x00000dff      0x816 .\CortexM3\ARM_GCC_541\Debug\DC-Motor-PWM_Opg3.a(CyLib.o)
 .debug_line    0x00001615      0x364 .\CortexM3\ARM_GCC_541\Debug\DC-Motor-PWM_Opg3.a(cyPm.o)
 .debug_line    0x00001979       0x93 .\CortexM3\ARM_GCC_541\Debug\DC-Motor-PWM_Opg3.a(Pin_A1.o)
 .debug_line    0x00001a0c       0x93 .\CortexM3\ARM_GCC_541\Debug\DC-Motor-PWM_Opg3.a(Pin_A2.o)
 .debug_line    0x00001a9f       0x93 .\CortexM3\ARM_GCC_541\Debug\DC-Motor-PWM_Opg3.a(Pin_B1.o)
 .debug_line    0x00001b32       0x93 .\CortexM3\ARM_GCC_541\Debug\DC-Motor-PWM_Opg3.a(Pin_B2.o)
 .debug_line    0x00001bc5      0x155 .\CortexM3\ARM_GCC_541\Debug\DC-Motor-PWM_Opg3.a(Timer_1.o)
 .debug_line    0x00001d1a       0xa4 .\CortexM3\ARM_GCC_541\Debug\DC-Motor-PWM_Opg3.a(Timer_1_PM.o)
 .debug_line    0x00001dbe      0x136 .\CortexM3\ARM_GCC_541\Debug\DC-Motor-PWM_Opg3.a(isr_timer.o)
 .debug_line    0x00001ef4       0x66 .\CortexM3\ARM_GCC_541\Debug\DC-Motor-PWM_Opg3.a(CyBootAsmGnu.o)
 .debug_line    0x00001f5a      0x1e9 .\CortexM3\ARM_GCC_541\Debug\DC-Motor-PWM_Opg3.a(CyFlash.o)
 .debug_line    0x00002143      0x23c .\CortexM3\ARM_GCC_541\Debug\DC-Motor-PWM_Opg3.a(CySpc.o)

.debug_frame    0x00000000     0x1d60
 *(.debug_frame)
 .debug_frame   0x00000000      0x138 .\CortexM3\ARM_GCC_541\Debug\main.o
 .debug_frame   0x00000138       0xe4 .\CortexM3\ARM_GCC_541\Debug\cyfitter_cfg.o
 .debug_frame   0x0000021c       0xb8 .\CortexM3\ARM_GCC_541\Debug\Cm3Start.o
 .debug_frame   0x000002d4      0x250 .\CortexM3\ARM_GCC_541\Debug\DC-Motor-PWM_Opg3.a(UART_1.o)
 .debug_frame   0x00000524      0x104 .\CortexM3\ARM_GCC_541\Debug\DC-Motor-PWM_Opg3.a(isr_uart_rx.o)
 .debug_frame   0x00000628       0xe0 .\CortexM3\ARM_GCC_541\Debug\DC-Motor-PWM_Opg3.a(UART_1_IntClock.o)
 .debug_frame   0x00000708      0x738 .\CortexM3\ARM_GCC_541\Debug\DC-Motor-PWM_Opg3.a(CyLib.o)
 .debug_frame   0x00000e40      0x1f8 .\CortexM3\ARM_GCC_541\Debug\DC-Motor-PWM_Opg3.a(cyPm.o)
 .debug_frame   0x00001038       0x50 .\CortexM3\ARM_GCC_541\Debug\DC-Motor-PWM_Opg3.a(Pin_A1.o)
 .debug_frame   0x00001088       0x50 .\CortexM3\ARM_GCC_541\Debug\DC-Motor-PWM_Opg3.a(Pin_A2.o)
 .debug_frame   0x000010d8       0x50 .\CortexM3\ARM_GCC_541\Debug\DC-Motor-PWM_Opg3.a(Pin_B1.o)
 .debug_frame   0x00001128       0x50 .\CortexM3\ARM_GCC_541\Debug\DC-Motor-PWM_Opg3.a(Pin_B2.o)
 .debug_frame   0x00001178      0x108 .\CortexM3\ARM_GCC_541\Debug\DC-Motor-PWM_Opg3.a(Timer_1.o)
 .debug_frame   0x00001280       0x68 .\CortexM3\ARM_GCC_541\Debug\DC-Motor-PWM_Opg3.a(Timer_1_PM.o)
 .debug_frame   0x000012e8      0x104 .\CortexM3\ARM_GCC_541\Debug\DC-Motor-PWM_Opg3.a(isr_timer.o)
 .debug_frame   0x000013ec      0x174 .\CortexM3\ARM_GCC_541\Debug\DC-Motor-PWM_Opg3.a(CyFlash.o)
 .debug_frame   0x00001560      0x160 .\CortexM3\ARM_GCC_541\Debug\DC-Motor-PWM_Opg3.a(CySpc.o)
 .debug_frame   0x000016c0       0x20 c:/program files (x86)/cypress/psoc creator/4.4/psoc creator/import/gnu/arm/5.4.1/bin/../lib/gcc/arm-none-eabi/5.4.1/../../../../arm-none-eabi/lib/armv7-m\libg_nano.a(lib_a-errno.o)
 .debug_frame   0x000016e0       0x28 c:/program files (x86)/cypress/psoc creator/4.4/psoc creator/import/gnu/arm/5.4.1/bin/../lib/gcc/arm-none-eabi/5.4.1/../../../../arm-none-eabi/lib/armv7-m\libg_nano.a(lib_a-exit.o)
 .debug_frame   0x00001708       0x2c c:/program files (x86)/cypress/psoc creator/4.4/psoc creator/import/gnu/arm/5.4.1/bin/../lib/gcc/arm-none-eabi/5.4.1/../../../../arm-none-eabi/lib/armv7-m\libg_nano.a(lib_a-init.o)
 .debug_frame   0x00001734       0x28 c:/program files (x86)/cypress/psoc creator/4.4/psoc creator/import/gnu/arm/5.4.1/bin/../lib/gcc/arm-none-eabi/5.4.1/../../../../arm-none-eabi/lib/armv7-m\libg_nano.a(lib_a-memcpy-stub.o)
 .debug_frame   0x0000175c       0x20 c:/program files (x86)/cypress/psoc creator/4.4/psoc creator/import/gnu/arm/5.4.1/bin/../lib/gcc/arm-none-eabi/5.4.1/../../../../arm-none-eabi/lib/armv7-m\libg_nano.a(lib_a-memset.o)
 .debug_frame   0x0000177c       0x8c c:/program files (x86)/cypress/psoc creator/4.4/psoc creator/import/gnu/arm/5.4.1/bin/../lib/gcc/arm-none-eabi/5.4.1/../../../../arm-none-eabi/lib/armv7-m\libg_nano.a(lib_a-nano-vfprintf_float.o)
 .debug_frame   0x00001808       0x60 c:/program files (x86)/cypress/psoc creator/4.4/psoc creator/import/gnu/arm/5.4.1/bin/../lib/gcc/arm-none-eabi/5.4.1/../../../../arm-none-eabi/lib/armv7-m\libg_nano.a(lib_a-nano-vfprintf_i.o)
 .debug_frame   0x00001868       0x6c c:/program files (x86)/cypress/psoc creator/4.4/psoc creator/import/gnu/arm/5.4.1/bin/../lib/gcc/arm-none-eabi/5.4.1/../../../../arm-none-eabi/lib/armv7-m\libg_nano.a(lib_a-dtoa.o)
 .debug_frame   0x000018d4       0x98 c:/program files (x86)/cypress/psoc creator/4.4/psoc creator/import/gnu/arm/5.4.1/bin/../lib/gcc/arm-none-eabi/5.4.1/../../../../arm-none-eabi/lib/armv7-m\libg_nano.a(lib_a-locale.o)
 .debug_frame   0x0000196c       0x30 c:/program files (x86)/cypress/psoc creator/4.4/psoc creator/import/gnu/arm/5.4.1/bin/../lib/gcc/arm-none-eabi/5.4.1/../../../../arm-none-eabi/lib/armv7-m\libg_nano.a(lib_a-malloc.o)
 .debug_frame   0x0000199c       0x28 c:/program files (x86)/cypress/psoc creator/4.4/psoc creator/import/gnu/arm/5.4.1/bin/../lib/gcc/arm-none-eabi/5.4.1/../../../../arm-none-eabi/lib/armv7-m\libg_nano.a(lib_a-memchr-stub.o)
 .debug_frame   0x000019c4      0x234 c:/program files (x86)/cypress/psoc creator/4.4/psoc creator/import/gnu/arm/5.4.1/bin/../lib/gcc/arm-none-eabi/5.4.1/../../../../arm-none-eabi/lib/armv7-m\libg_nano.a(lib_a-mprec.o)
 .debug_frame   0x00001bf8       0x2c c:/program files (x86)/cypress/psoc creator/4.4/psoc creator/import/gnu/arm/5.4.1/bin/../lib/gcc/arm-none-eabi/5.4.1/../../../../arm-none-eabi/lib/armv7-m\libg_nano.a(lib_a-nano-callocr.o)
 .debug_frame   0x00001c24       0x38 c:/program files (x86)/cypress/psoc creator/4.4/psoc creator/import/gnu/arm/5.4.1/bin/../lib/gcc/arm-none-eabi/5.4.1/../../../../arm-none-eabi/lib/armv7-m\libg_nano.a(lib_a-nano-freer.o)
 .debug_frame   0x00001c5c       0x2c c:/program files (x86)/cypress/psoc creator/4.4/psoc creator/import/gnu/arm/5.4.1/bin/../lib/gcc/arm-none-eabi/5.4.1/../../../../arm-none-eabi/lib/armv7-m\libg_nano.a(lib_a-nano-mallocr.o)
 .debug_frame   0x00001c88       0x2c c:/program files (x86)/cypress/psoc creator/4.4/psoc creator/import/gnu/arm/5.4.1/bin/../lib/gcc/arm-none-eabi/5.4.1/../../../../arm-none-eabi/lib/armv7-m\libg_nano.a(lib_a-sbrkr.o)
 .debug_frame   0x00001cb4       0x20 c:/program files (x86)/cypress/psoc creator/4.4/psoc creator/import/gnu/arm/5.4.1/bin/../lib/gcc/arm-none-eabi/5.4.1/../../../../arm-none-eabi/lib/armv7-m\libg_nano.a(lib_a-strcmp.o)
 .debug_frame   0x00001cd4       0x30 c:/program files (x86)/cypress/psoc creator/4.4/psoc creator/import/gnu/arm/5.4.1/bin/../lib/gcc/arm-none-eabi/5.4.1/../../../../arm-none-eabi/lib/armv7-m\libg_nano.a(lib_a-mlock.o)
 .debug_frame   0x00001d04       0x5c c:/program files (x86)/cypress/psoc creator/4.4/psoc creator/import/gnu/arm/5.4.1/bin/../lib/gcc/arm-none-eabi/5.4.1/../../../../arm-none-eabi/lib/armv7-m\libg_nano.a(lib_a-reent.o)

.debug_str      0x00000000     0x1ecb
 *(.debug_str)
 .debug_str     0x00000000      0x3da .\CortexM3\ARM_GCC_541\Debug\main.o
                                0x433 (size before relaxing)
 .debug_str     0x000003da      0x1b6 .\CortexM3\ARM_GCC_541\Debug\cyfitter_cfg.o
                                0x37f (size before relaxing)
 .debug_str     0x00000590       0x75 .\CortexM3\ARM_GCC_541\Debug\cymetadata.o
                                0x21f (size before relaxing)
 .debug_str     0x00000605      0x144 .\CortexM3\ARM_GCC_541\Debug\Cm3Start.o
                                0x345 (size before relaxing)
 .debug_str     0x00000749      0x2cb .\CortexM3\ARM_GCC_541\Debug\DC-Motor-PWM_Opg3.a(UART_1.o)
                                0x4ee (size before relaxing)
 .debug_str     0x00000a14      0x13e .\CortexM3\ARM_GCC_541\Debug\DC-Motor-PWM_Opg3.a(isr_uart_rx.o)
                                0x335 (size before relaxing)
 .debug_str     0x00000b52      0x19d .\CortexM3\ARM_GCC_541\Debug\DC-Motor-PWM_Opg3.a(UART_1_IntClock.o)
                                0x389 (size before relaxing)
 .debug_str     0x00000cef      0x809 .\CortexM3\ARM_GCC_541\Debug\DC-Motor-PWM_Opg3.a(CyLib.o)
                                0xa82 (size before relaxing)
 .debug_str     0x000014f8      0x359 .\CortexM3\ARM_GCC_541\Debug\DC-Motor-PWM_Opg3.a(cyPm.o)
                                0x762 (size before relaxing)
 .debug_str     0x00001851       0x5e .\CortexM3\ARM_GCC_541\Debug\DC-Motor-PWM_Opg3.a(Pin_A1.o)
                                0x222 (size before relaxing)
 .debug_str     0x000018af       0x53 .\CortexM3\ARM_GCC_541\Debug\DC-Motor-PWM_Opg3.a(Pin_A2.o)
                                0x222 (size before relaxing)
 .debug_str     0x00001902       0x53 .\CortexM3\ARM_GCC_541\Debug\DC-Motor-PWM_Opg3.a(Pin_B1.o)
                                0x222 (size before relaxing)
 .debug_str     0x00001955       0x53 .\CortexM3\ARM_GCC_541\Debug\DC-Motor-PWM_Opg3.a(Pin_B2.o)
                                0x222 (size before relaxing)
 .debug_str     0x000019a8      0x13e .\CortexM3\ARM_GCC_541\Debug\DC-Motor-PWM_Opg3.a(Timer_1.o)
                                0x350 (size before relaxing)
 .debug_str     0x00001ae6       0x91 .\CortexM3\ARM_GCC_541\Debug\DC-Motor-PWM_Opg3.a(Timer_1_PM.o)
                                0x27c (size before relaxing)
 .debug_str     0x00001b77      0x10c .\CortexM3\ARM_GCC_541\Debug\DC-Motor-PWM_Opg3.a(isr_timer.o)
                                0x319 (size before relaxing)
 .debug_str     0x00001c83      0x19c .\CortexM3\ARM_GCC_541\Debug\DC-Motor-PWM_Opg3.a(CyFlash.o)
                                0x3dc (size before relaxing)
 .debug_str     0x00001e1f       0xac .\CortexM3\ARM_GCC_541\Debug\DC-Motor-PWM_Opg3.a(CySpc.o)
                                0x365 (size before relaxing)

.debug_loc      0x00000000     0x1f2e
 *(.debug_loc)
 .debug_loc     0x00000000       0xf5 .\CortexM3\ARM_GCC_541\Debug\main.o
 .debug_loc     0x000000f5      0x289 .\CortexM3\ARM_GCC_541\Debug\cyfitter_cfg.o
 .debug_loc     0x0000037e      0x144 .\CortexM3\ARM_GCC_541\Debug\Cm3Start.o
 .debug_loc     0x000004c2      0x258 .\CortexM3\ARM_GCC_541\Debug\DC-Motor-PWM_Opg3.a(UART_1.o)
 .debug_loc     0x0000071a       0x56 .\CortexM3\ARM_GCC_541\Debug\DC-Motor-PWM_Opg3.a(isr_uart_rx.o)
 .debug_loc     0x00000770      0x12c .\CortexM3\ARM_GCC_541\Debug\DC-Motor-PWM_Opg3.a(UART_1_IntClock.o)
 .debug_loc     0x0000089c      0xa11 .\CortexM3\ARM_GCC_541\Debug\DC-Motor-PWM_Opg3.a(CyLib.o)
 .debug_loc     0x000012ad      0x1e4 .\CortexM3\ARM_GCC_541\Debug\DC-Motor-PWM_Opg3.a(cyPm.o)
 .debug_loc     0x00001491       0x42 .\CortexM3\ARM_GCC_541\Debug\DC-Motor-PWM_Opg3.a(Pin_A1.o)
 .debug_loc     0x000014d3       0x42 .\CortexM3\ARM_GCC_541\Debug\DC-Motor-PWM_Opg3.a(Pin_A2.o)
 .debug_loc     0x00001515       0x42 .\CortexM3\ARM_GCC_541\Debug\DC-Motor-PWM_Opg3.a(Pin_B1.o)
 .debug_loc     0x00001557       0x42 .\CortexM3\ARM_GCC_541\Debug\DC-Motor-PWM_Opg3.a(Pin_B2.o)
 .debug_loc     0x00001599       0x56 .\CortexM3\ARM_GCC_541\Debug\DC-Motor-PWM_Opg3.a(isr_timer.o)
 .debug_loc     0x000015ef      0x2f2 .\CortexM3\ARM_GCC_541\Debug\DC-Motor-PWM_Opg3.a(CyFlash.o)
 .debug_loc     0x000018e1      0x64d .\CortexM3\ARM_GCC_541\Debug\DC-Motor-PWM_Opg3.a(CySpc.o)

.debug_macinfo
 *(.debug_macinfo)

.debug_ranges   0x00000000      0x830
 *(.debug_ranges)
 .debug_ranges  0x00000000       0x60 .\CortexM3\ARM_GCC_541\Debug\main.o
 .debug_ranges  0x00000060       0x48 .\CortexM3\ARM_GCC_541\Debug\cyfitter_cfg.o
 .debug_ranges  0x000000a8       0x38 .\CortexM3\ARM_GCC_541\Debug\Cm3Start.o
 .debug_ranges  0x000000e0       0xe0 .\CortexM3\ARM_GCC_541\Debug\DC-Motor-PWM_Opg3.a(UART_1.o)
 .debug_ranges  0x000001c0       0x70 .\CortexM3\ARM_GCC_541\Debug\DC-Motor-PWM_Opg3.a(isr_uart_rx.o)
 .debug_ranges  0x00000230       0x60 .\CortexM3\ARM_GCC_541\Debug\DC-Motor-PWM_Opg3.a(UART_1_IntClock.o)
 .debug_ranges  0x00000290      0x290 .\CortexM3\ARM_GCC_541\Debug\DC-Motor-PWM_Opg3.a(CyLib.o)
 .debug_ranges  0x00000520       0x88 .\CortexM3\ARM_GCC_541\Debug\DC-Motor-PWM_Opg3.a(cyPm.o)
 .debug_ranges  0x000005a8       0x28 .\CortexM3\ARM_GCC_541\Debug\DC-Motor-PWM_Opg3.a(Pin_A1.o)
 .debug_ranges  0x000005d0       0x28 .\CortexM3\ARM_GCC_541\Debug\DC-Motor-PWM_Opg3.a(Pin_A2.o)
 .debug_ranges  0x000005f8       0x28 .\CortexM3\ARM_GCC_541\Debug\DC-Motor-PWM_Opg3.a(Pin_B1.o)
 .debug_ranges  0x00000620       0x28 .\CortexM3\ARM_GCC_541\Debug\DC-Motor-PWM_Opg3.a(Pin_B2.o)
 .debug_ranges  0x00000648       0x78 .\CortexM3\ARM_GCC_541\Debug\DC-Motor-PWM_Opg3.a(Timer_1.o)
 .debug_ranges  0x000006c0       0x28 .\CortexM3\ARM_GCC_541\Debug\DC-Motor-PWM_Opg3.a(Timer_1_PM.o)
 .debug_ranges  0x000006e8       0x70 .\CortexM3\ARM_GCC_541\Debug\DC-Motor-PWM_Opg3.a(isr_timer.o)
 .debug_ranges  0x00000758       0x70 .\CortexM3\ARM_GCC_541\Debug\DC-Motor-PWM_Opg3.a(CyFlash.o)
 .debug_ranges  0x000007c8       0x68 .\CortexM3\ARM_GCC_541\Debug\DC-Motor-PWM_Opg3.a(CySpc.o)

.comment        0x00000000       0x6e
 .comment       0x00000000       0x6e .\CortexM3\ARM_GCC_541\Debug\main.o
                                 0x6f (size before relaxing)
 .comment       0x0000006e       0x6f .\CortexM3\ARM_GCC_541\Debug\cyfitter_cfg.o
 .comment       0x0000006e       0x6f .\CortexM3\ARM_GCC_541\Debug\cymetadata.o
 .comment       0x0000006e       0x6f .\CortexM3\ARM_GCC_541\Debug\Cm3Start.o
 .comment       0x0000006e       0x6f .\CortexM3\ARM_GCC_541\Debug\DC-Motor-PWM_Opg3.a(UART_1.o)
 .comment       0x0000006e       0x6f .\CortexM3\ARM_GCC_541\Debug\DC-Motor-PWM_Opg3.a(isr_uart_rx.o)
 .comment       0x0000006e       0x6f .\CortexM3\ARM_GCC_541\Debug\DC-Motor-PWM_Opg3.a(UART_1_IntClock.o)
 .comment       0x0000006e       0x6f .\CortexM3\ARM_GCC_541\Debug\DC-Motor-PWM_Opg3.a(CyLib.o)
 .comment       0x0000006e       0x6f .\CortexM3\ARM_GCC_541\Debug\DC-Motor-PWM_Opg3.a(cyPm.o)
 .comment       0x0000006e       0x6f .\CortexM3\ARM_GCC_541\Debug\DC-Motor-PWM_Opg3.a(Pin_A1.o)
 .comment       0x0000006e       0x6f .\CortexM3\ARM_GCC_541\Debug\DC-Motor-PWM_Opg3.a(Pin_A2.o)
 .comment       0x0000006e       0x6f .\CortexM3\ARM_GCC_541\Debug\DC-Motor-PWM_Opg3.a(Pin_B1.o)
 .comment       0x0000006e       0x6f .\CortexM3\ARM_GCC_541\Debug\DC-Motor-PWM_Opg3.a(Pin_B2.o)
 .comment       0x0000006e       0x6f .\CortexM3\ARM_GCC_541\Debug\DC-Motor-PWM_Opg3.a(Timer_1.o)
 .comment       0x0000006e       0x6f .\CortexM3\ARM_GCC_541\Debug\DC-Motor-PWM_Opg3.a(Timer_1_PM.o)
 .comment       0x0000006e       0x6f .\CortexM3\ARM_GCC_541\Debug\DC-Motor-PWM_Opg3.a(isr_timer.o)
 .comment       0x0000006e       0x6f .\CortexM3\ARM_GCC_541\Debug\DC-Motor-PWM_Opg3.a(CyFlash.o)
 .comment       0x0000006e       0x6f .\CortexM3\ARM_GCC_541\Debug\DC-Motor-PWM_Opg3.a(CySpc.o)

.debug_weaknames
 *(.debug_weaknames)

.debug_funcnames
 *(.debug_funcnames)

.debug_typenames
 *(.debug_typenames)

.debug_varnames
 *(.debug_varnames)

.note.gnu.arm.ident
 *(.note.gnu.arm.ident)

.ARM.attributes
                0x00000000       0x29
 *(.ARM.attributes)
 .ARM.attributes
                0x00000000       0x1d c:/program files (x86)/cypress/psoc creator/4.4/psoc creator/import/gnu/arm/5.4.1/bin/../lib/gcc/arm-none-eabi/5.4.1/armv7-m/crti.o
 .ARM.attributes
                0x0000001d       0x2d c:/program files (x86)/cypress/psoc creator/4.4/psoc creator/import/gnu/arm/5.4.1/bin/../lib/gcc/arm-none-eabi/5.4.1/armv7-m/crtbegin.o
 .ARM.attributes
                0x0000004a       0x1b c:/program files (x86)/cypress/psoc creator/4.4/psoc creator/import/gnu/arm/5.4.1/bin/../lib/gcc/arm-none-eabi/5.4.1/../../../../arm-none-eabi/lib/armv7-m/crt0.o
 .ARM.attributes
                0x00000065       0x33 .\CortexM3\ARM_GCC_541\Debug\main.o
 .ARM.attributes
                0x00000098       0x33 .\CortexM3\ARM_GCC_541\Debug\cyfitter_cfg.o
 .ARM.attributes
                0x000000cb       0x33 .\CortexM3\ARM_GCC_541\Debug\cymetadata.o
 .ARM.attributes
                0x000000fe       0x33 .\CortexM3\ARM_GCC_541\Debug\Cm3Start.o
 .ARM.attributes
                0x00000131       0x33 .\CortexM3\ARM_GCC_541\Debug\DC-Motor-PWM_Opg3.a(UART_1.o)
 .ARM.attributes
                0x00000164       0x33 .\CortexM3\ARM_GCC_541\Debug\DC-Motor-PWM_Opg3.a(isr_uart_rx.o)
 .ARM.attributes
                0x00000197       0x33 .\CortexM3\ARM_GCC_541\Debug\DC-Motor-PWM_Opg3.a(UART_1_IntClock.o)
 .ARM.attributes
                0x000001ca       0x33 .\CortexM3\ARM_GCC_541\Debug\DC-Motor-PWM_Opg3.a(CyLib.o)
 .ARM.attributes
                0x000001fd       0x33 .\CortexM3\ARM_GCC_541\Debug\DC-Motor-PWM_Opg3.a(cyPm.o)
 .ARM.attributes
                0x00000230       0x33 .\CortexM3\ARM_GCC_541\Debug\DC-Motor-PWM_Opg3.a(Pin_A1.o)
 .ARM.attributes
                0x00000263       0x33 .\CortexM3\ARM_GCC_541\Debug\DC-Motor-PWM_Opg3.a(Pin_A2.o)
 .ARM.attributes
                0x00000296       0x33 .\CortexM3\ARM_GCC_541\Debug\DC-Motor-PWM_Opg3.a(Pin_B1.o)
 .ARM.attributes
                0x000002c9       0x33 .\CortexM3\ARM_GCC_541\Debug\DC-Motor-PWM_Opg3.a(Pin_B2.o)
 .ARM.attributes
                0x000002fc       0x33 .\CortexM3\ARM_GCC_541\Debug\DC-Motor-PWM_Opg3.a(Timer_1.o)
 .ARM.attributes
                0x0000032f       0x33 .\CortexM3\ARM_GCC_541\Debug\DC-Motor-PWM_Opg3.a(Timer_1_PM.o)
 .ARM.attributes
                0x00000362       0x33 .\CortexM3\ARM_GCC_541\Debug\DC-Motor-PWM_Opg3.a(isr_timer.o)
 .ARM.attributes
                0x00000395       0x21 .\CortexM3\ARM_GCC_541\Debug\DC-Motor-PWM_Opg3.a(CyBootAsmGnu.o)
 .ARM.attributes
                0x000003b6       0x33 .\CortexM3\ARM_GCC_541\Debug\DC-Motor-PWM_Opg3.a(CyFlash.o)
 .ARM.attributes
                0x000003e9       0x33 .\CortexM3\ARM_GCC_541\Debug\DC-Motor-PWM_Opg3.a(CySpc.o)
 .ARM.attributes
                0x0000041c       0x1d c:/program files (x86)/cypress/psoc creator/4.4/psoc creator/import/gnu/arm/5.4.1/bin/../lib/gcc/arm-none-eabi/5.4.1/armv7-m\libgcc.a(_arm_addsubsf3.o)
 .ARM.attributes
                0x00000439       0x1d c:/program files (x86)/cypress/psoc creator/4.4/psoc creator/import/gnu/arm/5.4.1/bin/../lib/gcc/arm-none-eabi/5.4.1/armv7-m\libgcc.a(_arm_muldivsf3.o)
 .ARM.attributes
                0x00000456       0x1d c:/program files (x86)/cypress/psoc creator/4.4/psoc creator/import/gnu/arm/5.4.1/bin/../lib/gcc/arm-none-eabi/5.4.1/armv7-m\libgcc.a(_arm_fixunssfsi.o)
 .ARM.attributes
                0x00000473       0x2d c:/program files (x86)/cypress/psoc creator/4.4/psoc creator/import/gnu/arm/5.4.1/bin/../lib/gcc/arm-none-eabi/5.4.1/../../../../arm-none-eabi/lib/armv7-m\libg_nano.a(lib_a-errno.o)
 .ARM.attributes
                0x000004a0       0x2d c:/program files (x86)/cypress/psoc creator/4.4/psoc creator/import/gnu/arm/5.4.1/bin/../lib/gcc/arm-none-eabi/5.4.1/../../../../arm-none-eabi/lib/armv7-m\libg_nano.a(lib_a-exit.o)
 .ARM.attributes
                0x000004cd       0x2d c:/program files (x86)/cypress/psoc creator/4.4/psoc creator/import/gnu/arm/5.4.1/bin/../lib/gcc/arm-none-eabi/5.4.1/../../../../arm-none-eabi/lib/armv7-m\libg_nano.a(lib_a-impure.o)
 .ARM.attributes
                0x000004fa       0x2d c:/program files (x86)/cypress/psoc creator/4.4/psoc creator/import/gnu/arm/5.4.1/bin/../lib/gcc/arm-none-eabi/5.4.1/../../../../arm-none-eabi/lib/armv7-m\libg_nano.a(lib_a-init.o)
 .ARM.attributes
                0x00000527       0x2d c:/program files (x86)/cypress/psoc creator/4.4/psoc creator/import/gnu/arm/5.4.1/bin/../lib/gcc/arm-none-eabi/5.4.1/../../../../arm-none-eabi/lib/armv7-m\libg_nano.a(lib_a-memcpy-stub.o)
 .ARM.attributes
                0x00000554       0x2d c:/program files (x86)/cypress/psoc creator/4.4/psoc creator/import/gnu/arm/5.4.1/bin/../lib/gcc/arm-none-eabi/5.4.1/../../../../arm-none-eabi/lib/armv7-m\libg_nano.a(lib_a-memset.o)
 .ARM.attributes
                0x00000581       0x2d c:/program files (x86)/cypress/psoc creator/4.4/psoc creator/import/gnu/arm/5.4.1/bin/../lib/gcc/arm-none-eabi/5.4.1/../../../../arm-none-eabi/lib/armv7-m\libg_nano.a(lib_a-nano-vfprintf_float.o)
 .ARM.attributes
                0x000005ae       0x2d c:/program files (x86)/cypress/psoc creator/4.4/psoc creator/import/gnu/arm/5.4.1/bin/../lib/gcc/arm-none-eabi/5.4.1/../../../../arm-none-eabi/lib/armv7-m\libg_nano.a(lib_a-nano-vfprintf_i.o)
 .ARM.attributes
                0x000005db       0x17 c:/program files (x86)/cypress/psoc creator/4.4/psoc creator/import/gnu/arm/5.4.1/bin/../lib/gcc/arm-none-eabi/5.4.1/../../../../arm-none-eabi/lib/armv7-m\libg_nano.a(lib_a-strlen.o)
 .ARM.attributes
                0x000005f2       0x2d c:/program files (x86)/cypress/psoc creator/4.4/psoc creator/import/gnu/arm/5.4.1/bin/../lib/gcc/arm-none-eabi/5.4.1/../../../../arm-none-eabi/lib/armv7-m\libg_nano.a(lib_a-dtoa.o)
 .ARM.attributes
                0x0000061f       0x2d c:/program files (x86)/cypress/psoc creator/4.4/psoc creator/import/gnu/arm/5.4.1/bin/../lib/gcc/arm-none-eabi/5.4.1/../../../../arm-none-eabi/lib/armv7-m\libg_nano.a(lib_a-locale.o)
 .ARM.attributes
                0x0000064c       0x2d c:/program files (x86)/cypress/psoc creator/4.4/psoc creator/import/gnu/arm/5.4.1/bin/../lib/gcc/arm-none-eabi/5.4.1/../../../../arm-none-eabi/lib/armv7-m\libg_nano.a(lib_a-malloc.o)
 .ARM.attributes
                0x00000679       0x2d c:/program files (x86)/cypress/psoc creator/4.4/psoc creator/import/gnu/arm/5.4.1/bin/../lib/gcc/arm-none-eabi/5.4.1/../../../../arm-none-eabi/lib/armv7-m\libg_nano.a(lib_a-memchr-stub.o)
 .ARM.attributes
                0x000006a6       0x2d c:/program files (x86)/cypress/psoc creator/4.4/psoc creator/import/gnu/arm/5.4.1/bin/../lib/gcc/arm-none-eabi/5.4.1/../../../../arm-none-eabi/lib/armv7-m\libg_nano.a(lib_a-mprec.o)
 .ARM.attributes
                0x000006d3       0x2d c:/program files (x86)/cypress/psoc creator/4.4/psoc creator/import/gnu/arm/5.4.1/bin/../lib/gcc/arm-none-eabi/5.4.1/../../../../arm-none-eabi/lib/armv7-m\libg_nano.a(lib_a-nano-callocr.o)
 .ARM.attributes
                0x00000700       0x2d c:/program files (x86)/cypress/psoc creator/4.4/psoc creator/import/gnu/arm/5.4.1/bin/../lib/gcc/arm-none-eabi/5.4.1/../../../../arm-none-eabi/lib/armv7-m\libg_nano.a(lib_a-nano-freer.o)
 .ARM.attributes
                0x0000072d       0x2d c:/program files (x86)/cypress/psoc creator/4.4/psoc creator/import/gnu/arm/5.4.1/bin/../lib/gcc/arm-none-eabi/5.4.1/../../../../arm-none-eabi/lib/armv7-m\libg_nano.a(lib_a-nano-mallocr.o)
 .ARM.attributes
                0x0000075a       0x2d c:/program files (x86)/cypress/psoc creator/4.4/psoc creator/import/gnu/arm/5.4.1/bin/../lib/gcc/arm-none-eabi/5.4.1/../../../../arm-none-eabi/lib/armv7-m\libg_nano.a(lib_a-sbrkr.o)
 .ARM.attributes
                0x00000787       0x1b c:/program files (x86)/cypress/psoc creator/4.4/psoc creator/import/gnu/arm/5.4.1/bin/../lib/gcc/arm-none-eabi/5.4.1/../../../../arm-none-eabi/lib/armv7-m\libg_nano.a(lib_a-strcmp.o)
 .ARM.attributes
                0x000007a2       0x2d c:/program files (x86)/cypress/psoc creator/4.4/psoc creator/import/gnu/arm/5.4.1/bin/../lib/gcc/arm-none-eabi/5.4.1/../../../../arm-none-eabi/lib/armv7-m\libg_nano.a(lib_a-mlock.o)
 .ARM.attributes
                0x000007cf       0x2d c:/program files (x86)/cypress/psoc creator/4.4/psoc creator/import/gnu/arm/5.4.1/bin/../lib/gcc/arm-none-eabi/5.4.1/../../../../arm-none-eabi/lib/armv7-m\libg_nano.a(lib_a-reent.o)
 .ARM.attributes
                0x000007fc       0x1d c:/program files (x86)/cypress/psoc creator/4.4/psoc creator/import/gnu/arm/5.4.1/bin/../lib/gcc/arm-none-eabi/5.4.1/armv7-m\libgcc.a(_arm_addsubdf3.o)
 .ARM.attributes
                0x00000819       0x1d c:/program files (x86)/cypress/psoc creator/4.4/psoc creator/import/gnu/arm/5.4.1/bin/../lib/gcc/arm-none-eabi/5.4.1/armv7-m\libgcc.a(_arm_muldivdf3.o)
 .ARM.attributes
                0x00000836       0x1d c:/program files (x86)/cypress/psoc creator/4.4/psoc creator/import/gnu/arm/5.4.1/bin/../lib/gcc/arm-none-eabi/5.4.1/armv7-m\libgcc.a(_arm_cmpdf2.o)
 .ARM.attributes
                0x00000853       0x1d c:/program files (x86)/cypress/psoc creator/4.4/psoc creator/import/gnu/arm/5.4.1/bin/../lib/gcc/arm-none-eabi/5.4.1/armv7-m\libgcc.a(_arm_unorddf2.o)
 .ARM.attributes
                0x00000870       0x1d c:/program files (x86)/cypress/psoc creator/4.4/psoc creator/import/gnu/arm/5.4.1/bin/../lib/gcc/arm-none-eabi/5.4.1/armv7-m\libgcc.a(_arm_fixdfsi.o)
 .ARM.attributes
                0x0000088d       0x2d c:/program files (x86)/cypress/psoc creator/4.4/psoc creator/import/gnu/arm/5.4.1/bin/../lib/gcc/arm-none-eabi/5.4.1/armv7-m/crtend.o
 .ARM.attributes
                0x000008ba       0x1d c:/program files (x86)/cypress/psoc creator/4.4/psoc creator/import/gnu/arm/5.4.1/bin/../lib/gcc/arm-none-eabi/5.4.1/armv7-m/crtn.o

/DISCARD/
 *(.note.GNU-stack)
OUTPUT(C:\Users\esben\OneDrive - Aarhus universitet\GFV Afleveringer\Aflevering 1 - DC-motor\DC_Motor_grp42\DC-Motor-PWM_Opg3.cydsn\CortexM3\ARM_GCC_541\Debug\DC-Motor-PWM_Opg3.elf elf32-littlearm)
